Copyright 1986-2018 Xilinx, Inc. All Rights Reserved.
--------------------------------------------------------------------------------------------------------------------------------------------------------------
| Tool Version : Vivado v.2018.2 (win64) Build 2258646 Thu Jun 14 20:03:12 MDT 2018
| Date         : Tue Sep 22 02:06:48 2026
| Host         : Eng_Ahmed running 64-bit major release  (build 9200)
| Command      : report_timing_summary -delay_type min_max -max_paths 10 -file D:/Digital_IC_Design/SSCS_Design_Competition/fpga/reports/lut/timing_synth.rpt
| Design       : conv_top
| Device       : 7z020-clg400
| Speed File   : -1  PRODUCTION 1.11 2014-09-11
--------------------------------------------------------------------------------------------------------------------------------------------------------------

Timing Summary Report

------------------------------------------------------------------------------------------------
| Timer Settings
| --------------
------------------------------------------------------------------------------------------------

  Enable Multi Corner Analysis               :  Yes
  Enable Pessimism Removal                   :  Yes
  Pessimism Removal Resolution               :  Nearest Common Node
  Enable Input Delay Default Clock           :  No
  Enable Preset / Clear Arcs                 :  No
  Disable Flight Delays                      :  No
  Ignore I/O Paths                           :  No
  Timing Early Launch at Borrowing Latches   :  false

  Corner  Analyze    Analyze    
  Name    Max Paths  Min Paths  
  ------  ---------  ---------  
  Slow    Yes        Yes        
  Fast    Yes        Yes        



check_timing report

Table of Contents
-----------------
1. checking no_clock
2. checking constant_clock
3. checking pulse_width_clock
4. checking unconstrained_internal_endpoints
5. checking no_input_delay
6. checking no_output_delay
7. checking multiple_clock
8. checking generated_clocks
9. checking loops
10. checking partial_input_delay
11. checking partial_output_delay
12. checking latch_loops

1. checking no_clock
--------------------
 There are 0 register/latch pins with no clock.


2. checking constant_clock
--------------------------
 There are 0 register/latch pins with constant_clock.


3. checking pulse_width_clock
-----------------------------
 There are 0 register/latch pins which need pulse_width check


4. checking unconstrained_internal_endpoints
--------------------------------------------
 There are 0 pins that are not constrained for maximum delay.

 There are 0 pins that are not constrained for maximum delay due to constant clock.


5. checking no_input_delay
--------------------------
 There are 0 input ports with no input delay specified.

 There are 0 input ports with no input delay but user has a false path constraint.


6. checking no_output_delay
---------------------------
 There are 0 ports with no output delay specified.

 There are 0 ports with no output delay but user has a false path constraint

 There are 0 ports with no output delay but with a timing clock defined on it or propagating through it


7. checking multiple_clock
--------------------------
 There are 0 register/latch pins with multiple clocks.


8. checking generated_clocks
----------------------------
 There are 0 generated clocks that are not connected to a clock source.


9. checking loops
-----------------
 There are 0 combinational loops in the design.


10. checking partial_input_delay
--------------------------------
 There are 0 input ports with partial input delay specified.


11. checking partial_output_delay
---------------------------------
 There are 0 ports with partial output delay specified.


12. checking latch_loops
------------------------
 There are 0 combinational latch loops in the design through latch input



------------------------------------------------------------------------------------------------
| Design Timing Summary
| ---------------------
------------------------------------------------------------------------------------------------

    WNS(ns)      TNS(ns)  TNS Failing Endpoints  TNS Total Endpoints      WHS(ns)      THS(ns)  THS Failing Endpoints  THS Total Endpoints     WPWS(ns)     TPWS(ns)  TPWS Failing Endpoints  TPWS Total Endpoints  
    -------      -------  ---------------------  -------------------      -------      -------  ---------------------  -------------------     --------     --------  ----------------------  --------------------  
      0.982        0.000                      0                 1638        0.224        0.000                      0                 1638        2.353        0.000                       0                   850  


All user specified timing constraints are met.


------------------------------------------------------------------------------------------------
| Clock Summary
| -------------
------------------------------------------------------------------------------------------------

Clock  Waveform(ns)         Period(ns)      Frequency(MHz)
-----  ------------         ----------      --------------
clk    {0.000 3.333}        6.667           149.992         


------------------------------------------------------------------------------------------------
| Intra Clock Table
| -----------------
------------------------------------------------------------------------------------------------

Clock             WNS(ns)      TNS(ns)  TNS Failing Endpoints  TNS Total Endpoints      WHS(ns)      THS(ns)  THS Failing Endpoints  THS Total Endpoints     WPWS(ns)     TPWS(ns)  TPWS Failing Endpoints  TPWS Total Endpoints  
-----             -------      -------  ---------------------  -------------------      -------      -------  ---------------------  -------------------     --------     --------  ----------------------  --------------------  
clk                 0.982        0.000                      0                 1638        0.224        0.000                      0                 1638        2.353        0.000                       0                   850  


------------------------------------------------------------------------------------------------
| Inter Clock Table
| -----------------
------------------------------------------------------------------------------------------------

From Clock    To Clock          WNS(ns)      TNS(ns)  TNS Failing Endpoints  TNS Total Endpoints      WHS(ns)      THS(ns)  THS Failing Endpoints  THS Total Endpoints  
----------    --------          -------      -------  ---------------------  -------------------      -------      -------  ---------------------  -------------------  


------------------------------------------------------------------------------------------------
| Other Path Groups Table
| -----------------------
------------------------------------------------------------------------------------------------

Path Group    From Clock    To Clock          WNS(ns)      TNS(ns)  TNS Failing Endpoints  TNS Total Endpoints      WHS(ns)      THS(ns)  THS Failing Endpoints  THS Total Endpoints  
----------    ----------    --------          -------      -------  ---------------------  -------------------      -------      -------  ---------------------  -------------------  


------------------------------------------------------------------------------------------------
| Timing Details
| --------------
------------------------------------------------------------------------------------------------


---------------------------------------------------------------------------------------------------
From Clock:  clk
  To Clock:  clk

Setup :            0  Failing Endpoints,  Worst Slack        0.982ns,  Total Violation        0.000ns
Hold  :            0  Failing Endpoints,  Worst Slack        0.224ns,  Total Violation        0.000ns
PW    :            0  Failing Endpoints,  Worst Slack        2.353ns,  Total Violation        0.000ns
---------------------------------------------------------------------------------------------------


Max Delay Paths
--------------------------------------------------------------------------------------
Slack (MET) :             0.982ns  (required time - arrival time)
  Source:                 u_kernel_regfile/coef_reg[0][2]/C
                            (rising edge-triggered cell FDCE clocked by clk  {rise@0.000ns fall@3.333ns period=6.667ns})
  Destination:            u_mac_array/g_row[0].g_col[0].g_lut.p_q_reg[16]/D
                            (rising edge-triggered cell FDCE clocked by clk  {rise@0.000ns fall@3.333ns period=6.667ns})
  Path Group:             clk
  Path Type:              Setup (Max at Slow Process Corner)
  Requirement:            6.667ns  (clk rise@6.667ns - clk rise@0.000ns)
  Data Path Delay:        5.710ns  (logic 3.090ns (54.116%)  route 2.620ns (45.884%))
  Logic Levels:           7  (CARRY4=4 LUT3=1 LUT4=1 LUT6=1)
  Clock Path Skew:        -0.049ns (DCD - SCD + CPR)
    Destination Clock Delay (DCD):    0.924ns = ( 7.591 - 6.667 ) 
    Source Clock Delay      (SCD):    0.973ns
    Clock Pessimism Removal (CPR):    0.000ns
  Clock Uncertainty:      0.035ns  ((TSJ^2 + TIJ^2)^1/2 + DJ) / 2 + PE
    Total System Jitter     (TSJ):    0.071ns
    Total Input Jitter      (TIJ):    0.000ns
    Discrete Jitter          (DJ):    0.000ns
    Phase Error              (PE):    0.000ns

    Location             Delay type                Incr(ns)  Path(ns)    Netlist Resource(s)
  -------------------------------------------------------------------    -------------------
                         (clock clk rise edge)        0.000     0.000 r  
                                                      0.000     0.000 r  clk (IN)
                         net (fo=849, unset)          0.973     0.973    u_kernel_regfile/clk
                         FDCE                                         r  u_kernel_regfile/coef_reg[0][2]/C
  -------------------------------------------------------------------    -------------------
                         FDCE (Prop_fdce_C_Q)         0.518     1.491 r  u_kernel_regfile/coef_reg[0][2]/Q
                         net (fo=18, unplaced)        1.022     2.513    u_mac_array/coef[0][2]
                         LUT6 (Prop_lut6_I0_O)        0.295     2.808 r  u_mac_array/g_row[0].g_col[0].g_lut.p_q[10]_i_14/O
                         net (fo=2, unplaced)         0.650     3.458    u_mac_array/DI[1]
                         CARRY4 (Prop_carry4_DI[1]_CO[3])
                                                      0.520     3.978 r  u_mac_array/g_row[0].g_col[0].g_lut.p_q_reg[10]_i_10/CO[3]
                         net (fo=1, unplaced)         0.000     3.978    u_mac_array/g_row[0].g_col[0].g_lut.p_q_reg[10]_i_10_n_0
                         CARRY4 (Prop_carry4_CI_O[2])
                                                      0.256     4.234 r  u_mac_array/g_row[0].g_col[0].g_lut.p_q_reg[14]_i_10/O[2]
                         net (fo=2, unplaced)         0.463     4.697    u_mac_array/g_row[0].g_col[0].g_lut.p_q_reg[14]_i_10_n_5
                         LUT3 (Prop_lut3_I2_O)        0.296     4.993 r  u_mac_array/g_row[0].g_col[0].g_lut.p_q[14]_i_5/O
                         net (fo=2, unplaced)         0.485     5.478    u_mac_array/g_row[0].g_col[0].g_lut.p_q[14]_i_5_n_0
                         LUT4 (Prop_lut4_I0_O)        0.355     5.833 r  u_mac_array/g_row[0].g_col[0].g_lut.p_q[14]_i_9/O
                         net (fo=1, unplaced)         0.000     5.833    u_mac_array/g_row[0].g_col[0].g_lut.p_q[14]_i_9_n_0
                         CARRY4 (Prop_carry4_S[0]_CO[3])
                                                      0.513     6.346 r  u_mac_array/g_row[0].g_col[0].g_lut.p_q_reg[14]_i_1/CO[3]
                         net (fo=1, unplaced)         0.000     6.346    u_mac_array/g_row[0].g_col[0].g_lut.p_q_reg[14]_i_1_n_0
                         CARRY4 (Prop_carry4_CI_O[1])
                                                      0.337     6.683 r  u_mac_array/g_row[0].g_col[0].g_lut.p_q_reg[16]_i_1/O[1]
                         net (fo=1, unplaced)         0.000     6.683    u_mac_array/p_0_in[16]
                         FDCE                                         r  u_mac_array/g_row[0].g_col[0].g_lut.p_q_reg[16]/D
  -------------------------------------------------------------------    -------------------

                         (clock clk rise edge)        6.667     6.667 r  
                                                      0.000     6.667 r  clk (IN)
                         net (fo=849, unset)          0.924     7.591    u_mac_array/clk
                         FDCE                                         r  u_mac_array/g_row[0].g_col[0].g_lut.p_q_reg[16]/C
                         clock pessimism              0.000     7.591    
                         clock uncertainty           -0.035     7.556    
                         FDCE (Setup_fdce_C_D)        0.109     7.665    u_mac_array/g_row[0].g_col[0].g_lut.p_q_reg[16]
  -------------------------------------------------------------------
                         required time                          7.665    
                         arrival time                          -6.683    
  -------------------------------------------------------------------
                         slack                                  0.982    

Slack (MET) :             0.982ns  (required time - arrival time)
  Source:                 u_kernel_regfile/coef_reg[1][2]/C
                            (rising edge-triggered cell FDCE clocked by clk  {rise@0.000ns fall@3.333ns period=6.667ns})
  Destination:            u_mac_array/g_row[0].g_col[1].g_lut.p_q_reg[16]/D
                            (rising edge-triggered cell FDCE clocked by clk  {rise@0.000ns fall@3.333ns period=6.667ns})
  Path Group:             clk
  Path Type:              Setup (Max at Slow Process Corner)
  Requirement:            6.667ns  (clk rise@6.667ns - clk rise@0.000ns)
  Data Path Delay:        5.710ns  (logic 3.090ns (54.116%)  route 2.620ns (45.884%))
  Logic Levels:           7  (CARRY4=4 LUT3=1 LUT4=1 LUT6=1)
  Clock Path Skew:        -0.049ns (DCD - SCD + CPR)
    Destination Clock Delay (DCD):    0.924ns = ( 7.591 - 6.667 ) 
    Source Clock Delay      (SCD):    0.973ns
    Clock Pessimism Removal (CPR):    0.000ns
  Clock Uncertainty:      0.035ns  ((TSJ^2 + TIJ^2)^1/2 + DJ) / 2 + PE
    Total System Jitter     (TSJ):    0.071ns
    Total Input Jitter      (TIJ):    0.000ns
    Discrete Jitter          (DJ):    0.000ns
    Phase Error              (PE):    0.000ns

    Location             Delay type                Incr(ns)  Path(ns)    Netlist Resource(s)
  -------------------------------------------------------------------    -------------------
                         (clock clk rise edge)        0.000     0.000 r  
                                                      0.000     0.000 r  clk (IN)
                         net (fo=849, unset)          0.973     0.973    u_kernel_regfile/clk
                         FDCE                                         r  u_kernel_regfile/coef_reg[1][2]/C
  -------------------------------------------------------------------    -------------------
                         FDCE (Prop_fdce_C_Q)         0.518     1.491 r  u_kernel_regfile/coef_reg[1][2]/Q
                         net (fo=18, unplaced)        1.022     2.513    u_mac_array/coef[1][2]
                         LUT6 (Prop_lut6_I0_O)        0.295     2.808 r  u_mac_array/g_row[0].g_col[1].g_lut.p_q[10]_i_14/O
                         net (fo=2, unplaced)         0.650     3.458    u_mac_array/g_row[0].g_col[1].g_lut.p_q_reg[10]_0[1]
                         CARRY4 (Prop_carry4_DI[1]_CO[3])
                                                      0.520     3.978 r  u_mac_array/g_row[0].g_col[1].g_lut.p_q_reg[10]_i_10/CO[3]
                         net (fo=1, unplaced)         0.000     3.978    u_mac_array/g_row[0].g_col[1].g_lut.p_q_reg[10]_i_10_n_0
                         CARRY4 (Prop_carry4_CI_O[2])
                                                      0.256     4.234 r  u_mac_array/g_row[0].g_col[1].g_lut.p_q_reg[14]_i_10/O[2]
                         net (fo=2, unplaced)         0.463     4.697    u_mac_array/g_row[0].g_col[1].g_lut.p_q_reg[14]_i_10_n_5
                         LUT3 (Prop_lut3_I2_O)        0.296     4.993 r  u_mac_array/g_row[0].g_col[1].g_lut.p_q[14]_i_5/O
                         net (fo=2, unplaced)         0.485     5.478    u_mac_array/g_row[0].g_col[1].g_lut.p_q[14]_i_5_n_0
                         LUT4 (Prop_lut4_I0_O)        0.355     5.833 r  u_mac_array/g_row[0].g_col[1].g_lut.p_q[14]_i_9/O
                         net (fo=1, unplaced)         0.000     5.833    u_mac_array/g_row[0].g_col[1].g_lut.p_q[14]_i_9_n_0
                         CARRY4 (Prop_carry4_S[0]_CO[3])
                                                      0.513     6.346 r  u_mac_array/g_row[0].g_col[1].g_lut.p_q_reg[14]_i_1/CO[3]
                         net (fo=1, unplaced)         0.000     6.346    u_mac_array/g_row[0].g_col[1].g_lut.p_q_reg[14]_i_1_n_0
                         CARRY4 (Prop_carry4_CI_O[1])
                                                      0.337     6.683 r  u_mac_array/g_row[0].g_col[1].g_lut.p_q_reg[16]_i_1/O[1]
                         net (fo=1, unplaced)         0.000     6.683    u_mac_array/g_row[0].g_col[1].g_lut.p_q_reg[16]_i_1_n_6
                         FDCE                                         r  u_mac_array/g_row[0].g_col[1].g_lut.p_q_reg[16]/D
  -------------------------------------------------------------------    -------------------

                         (clock clk rise edge)        6.667     6.667 r  
                                                      0.000     6.667 r  clk (IN)
                         net (fo=849, unset)          0.924     7.591    u_mac_array/clk
                         FDCE                                         r  u_mac_array/g_row[0].g_col[1].g_lut.p_q_reg[16]/C
                         clock pessimism              0.000     7.591    
                         clock uncertainty           -0.035     7.556    
                         FDCE (Setup_fdce_C_D)        0.109     7.665    u_mac_array/g_row[0].g_col[1].g_lut.p_q_reg[16]
  -------------------------------------------------------------------
                         required time                          7.665    
                         arrival time                          -6.683    
  -------------------------------------------------------------------
                         slack                                  0.982    

Slack (MET) :             0.982ns  (required time - arrival time)
  Source:                 u_kernel_regfile/coef_reg[2][2]/C
                            (rising edge-triggered cell FDCE clocked by clk  {rise@0.000ns fall@3.333ns period=6.667ns})
  Destination:            u_mac_array/g_row[0].g_col[2].g_lut.p_q_reg[16]/D
                            (rising edge-triggered cell FDCE clocked by clk  {rise@0.000ns fall@3.333ns period=6.667ns})
  Path Group:             clk
  Path Type:              Setup (Max at Slow Process Corner)
  Requirement:            6.667ns  (clk rise@6.667ns - clk rise@0.000ns)
  Data Path Delay:        5.710ns  (logic 3.090ns (54.116%)  route 2.620ns (45.884%))
  Logic Levels:           7  (CARRY4=4 LUT3=1 LUT4=1 LUT6=1)
  Clock Path Skew:        -0.049ns (DCD - SCD + CPR)
    Destination Clock Delay (DCD):    0.924ns = ( 7.591 - 6.667 ) 
    Source Clock Delay      (SCD):    0.973ns
    Clock Pessimism Removal (CPR):    0.000ns
  Clock Uncertainty:      0.035ns  ((TSJ^2 + TIJ^2)^1/2 + DJ) / 2 + PE
    Total System Jitter     (TSJ):    0.071ns
    Total Input Jitter      (TIJ):    0.000ns
    Discrete Jitter          (DJ):    0.000ns
    Phase Error              (PE):    0.000ns

    Location             Delay type                Incr(ns)  Path(ns)    Netlist Resource(s)
  -------------------------------------------------------------------    -------------------
                         (clock clk rise edge)        0.000     0.000 r  
                                                      0.000     0.000 r  clk (IN)
                         net (fo=849, unset)          0.973     0.973    u_kernel_regfile/clk
                         FDCE                                         r  u_kernel_regfile/coef_reg[2][2]/C
  -------------------------------------------------------------------    -------------------
                         FDCE (Prop_fdce_C_Q)         0.518     1.491 r  u_kernel_regfile/coef_reg[2][2]/Q
                         net (fo=18, unplaced)        1.022     2.513    u_mac_array/coef[2][2]
                         LUT6 (Prop_lut6_I0_O)        0.295     2.808 r  u_mac_array/g_row[0].g_col[2].g_lut.p_q[10]_i_14/O
                         net (fo=2, unplaced)         0.650     3.458    u_mac_array/g_row[0].g_col[2].g_lut.p_q_reg[10]_0[1]
                         CARRY4 (Prop_carry4_DI[1]_CO[3])
                                                      0.520     3.978 r  u_mac_array/g_row[0].g_col[2].g_lut.p_q_reg[10]_i_10/CO[3]
                         net (fo=1, unplaced)         0.000     3.978    u_mac_array/g_row[0].g_col[2].g_lut.p_q_reg[10]_i_10_n_0
                         CARRY4 (Prop_carry4_CI_O[2])
                                                      0.256     4.234 r  u_mac_array/g_row[0].g_col[2].g_lut.p_q_reg[14]_i_10/O[2]
                         net (fo=2, unplaced)         0.463     4.697    u_mac_array/g_row[0].g_col[2].g_lut.p_q_reg[14]_i_10_n_5
                         LUT3 (Prop_lut3_I2_O)        0.296     4.993 r  u_mac_array/g_row[0].g_col[2].g_lut.p_q[14]_i_5/O
                         net (fo=2, unplaced)         0.485     5.478    u_mac_array/g_row[0].g_col[2].g_lut.p_q[14]_i_5_n_0
                         LUT4 (Prop_lut4_I0_O)        0.355     5.833 r  u_mac_array/g_row[0].g_col[2].g_lut.p_q[14]_i_9/O
                         net (fo=1, unplaced)         0.000     5.833    u_mac_array/g_row[0].g_col[2].g_lut.p_q[14]_i_9_n_0
                         CARRY4 (Prop_carry4_S[0]_CO[3])
                                                      0.513     6.346 r  u_mac_array/g_row[0].g_col[2].g_lut.p_q_reg[14]_i_1/CO[3]
                         net (fo=1, unplaced)         0.000     6.346    u_mac_array/g_row[0].g_col[2].g_lut.p_q_reg[14]_i_1_n_0
                         CARRY4 (Prop_carry4_CI_O[1])
                                                      0.337     6.683 r  u_mac_array/g_row[0].g_col[2].g_lut.p_q_reg[16]_i_1/O[1]
                         net (fo=1, unplaced)         0.000     6.683    u_mac_array/g_row[0].g_col[2].g_lut.p_q_reg[16]_i_1_n_6
                         FDCE                                         r  u_mac_array/g_row[0].g_col[2].g_lut.p_q_reg[16]/D
  -------------------------------------------------------------------    -------------------

                         (clock clk rise edge)        6.667     6.667 r  
                                                      0.000     6.667 r  clk (IN)
                         net (fo=849, unset)          0.924     7.591    u_mac_array/clk
                         FDCE                                         r  u_mac_array/g_row[0].g_col[2].g_lut.p_q_reg[16]/C
                         clock pessimism              0.000     7.591    
                         clock uncertainty           -0.035     7.556    
                         FDCE (Setup_fdce_C_D)        0.109     7.665    u_mac_array/g_row[0].g_col[2].g_lut.p_q_reg[16]
  -------------------------------------------------------------------
                         required time                          7.665    
                         arrival time                          -6.683    
  -------------------------------------------------------------------
                         slack                                  0.982    

Slack (MET) :             0.982ns  (required time - arrival time)
  Source:                 u_kernel_regfile/coef_reg[3][2]/C
                            (rising edge-triggered cell FDCE clocked by clk  {rise@0.000ns fall@3.333ns period=6.667ns})
  Destination:            u_mac_array/g_row[1].g_col[0].g_lut.p_q_reg[16]/D
                            (rising edge-triggered cell FDCE clocked by clk  {rise@0.000ns fall@3.333ns period=6.667ns})
  Path Group:             clk
  Path Type:              Setup (Max at Slow Process Corner)
  Requirement:            6.667ns  (clk rise@6.667ns - clk rise@0.000ns)
  Data Path Delay:        5.710ns  (logic 3.090ns (54.116%)  route 2.620ns (45.884%))
  Logic Levels:           7  (CARRY4=4 LUT3=1 LUT4=1 LUT6=1)
  Clock Path Skew:        -0.049ns (DCD - SCD + CPR)
    Destination Clock Delay (DCD):    0.924ns = ( 7.591 - 6.667 ) 
    Source Clock Delay      (SCD):    0.973ns
    Clock Pessimism Removal (CPR):    0.000ns
  Clock Uncertainty:      0.035ns  ((TSJ^2 + TIJ^2)^1/2 + DJ) / 2 + PE
    Total System Jitter     (TSJ):    0.071ns
    Total Input Jitter      (TIJ):    0.000ns
    Discrete Jitter          (DJ):    0.000ns
    Phase Error              (PE):    0.000ns

    Location             Delay type                Incr(ns)  Path(ns)    Netlist Resource(s)
  -------------------------------------------------------------------    -------------------
                         (clock clk rise edge)        0.000     0.000 r  
                                                      0.000     0.000 r  clk (IN)
                         net (fo=849, unset)          0.973     0.973    u_kernel_regfile/clk
                         FDCE                                         r  u_kernel_regfile/coef_reg[3][2]/C
  -------------------------------------------------------------------    -------------------
                         FDCE (Prop_fdce_C_Q)         0.518     1.491 r  u_kernel_regfile/coef_reg[3][2]/Q
                         net (fo=18, unplaced)        1.022     2.513    u_mac_array/coef[3][2]
                         LUT6 (Prop_lut6_I0_O)        0.295     2.808 r  u_mac_array/g_row[1].g_col[0].g_lut.p_q[10]_i_14/O
                         net (fo=2, unplaced)         0.650     3.458    u_mac_array/g_row[1].g_col[0].g_lut.p_q_reg[10]_0[1]
                         CARRY4 (Prop_carry4_DI[1]_CO[3])
                                                      0.520     3.978 r  u_mac_array/g_row[1].g_col[0].g_lut.p_q_reg[10]_i_10/CO[3]
                         net (fo=1, unplaced)         0.000     3.978    u_mac_array/g_row[1].g_col[0].g_lut.p_q_reg[10]_i_10_n_0
                         CARRY4 (Prop_carry4_CI_O[2])
                                                      0.256     4.234 r  u_mac_array/g_row[1].g_col[0].g_lut.p_q_reg[14]_i_10/O[2]
                         net (fo=2, unplaced)         0.463     4.697    u_mac_array/g_row[1].g_col[0].g_lut.p_q_reg[14]_i_10_n_5
                         LUT3 (Prop_lut3_I2_O)        0.296     4.993 r  u_mac_array/g_row[1].g_col[0].g_lut.p_q[14]_i_5/O
                         net (fo=2, unplaced)         0.485     5.478    u_mac_array/g_row[1].g_col[0].g_lut.p_q[14]_i_5_n_0
                         LUT4 (Prop_lut4_I0_O)        0.355     5.833 r  u_mac_array/g_row[1].g_col[0].g_lut.p_q[14]_i_9/O
                         net (fo=1, unplaced)         0.000     5.833    u_mac_array/g_row[1].g_col[0].g_lut.p_q[14]_i_9_n_0
                         CARRY4 (Prop_carry4_S[0]_CO[3])
                                                      0.513     6.346 r  u_mac_array/g_row[1].g_col[0].g_lut.p_q_reg[14]_i_1/CO[3]
                         net (fo=1, unplaced)         0.000     6.346    u_mac_array/g_row[1].g_col[0].g_lut.p_q_reg[14]_i_1_n_0
                         CARRY4 (Prop_carry4_CI_O[1])
                                                      0.337     6.683 r  u_mac_array/g_row[1].g_col[0].g_lut.p_q_reg[16]_i_1/O[1]
                         net (fo=1, unplaced)         0.000     6.683    u_mac_array/g_row[1].g_col[0].g_lut.p_q_reg[16]_i_1_n_6
                         FDCE                                         r  u_mac_array/g_row[1].g_col[0].g_lut.p_q_reg[16]/D
  -------------------------------------------------------------------    -------------------

                         (clock clk rise edge)        6.667     6.667 r  
                                                      0.000     6.667 r  clk (IN)
                         net (fo=849, unset)          0.924     7.591    u_mac_array/clk
                         FDCE                                         r  u_mac_array/g_row[1].g_col[0].g_lut.p_q_reg[16]/C
                         clock pessimism              0.000     7.591    
                         clock uncertainty           -0.035     7.556    
                         FDCE (Setup_fdce_C_D)        0.109     7.665    u_mac_array/g_row[1].g_col[0].g_lut.p_q_reg[16]
  -------------------------------------------------------------------
                         required time                          7.665    
                         arrival time                          -6.683    
  -------------------------------------------------------------------
                         slack                                  0.982    

Slack (MET) :             0.982ns  (required time - arrival time)
  Source:                 u_kernel_regfile/coef_reg[4][2]/C
                            (rising edge-triggered cell FDCE clocked by clk  {rise@0.000ns fall@3.333ns period=6.667ns})
  Destination:            u_mac_array/g_row[1].g_col[1].g_lut.p_q_reg[16]/D
                            (rising edge-triggered cell FDCE clocked by clk  {rise@0.000ns fall@3.333ns period=6.667ns})
  Path Group:             clk
  Path Type:              Setup (Max at Slow Process Corner)
  Requirement:            6.667ns  (clk rise@6.667ns - clk rise@0.000ns)
  Data Path Delay:        5.710ns  (logic 3.090ns (54.116%)  route 2.620ns (45.884%))
  Logic Levels:           7  (CARRY4=4 LUT3=1 LUT4=1 LUT6=1)
  Clock Path Skew:        -0.049ns (DCD - SCD + CPR)
    Destination Clock Delay (DCD):    0.924ns = ( 7.591 - 6.667 ) 
    Source Clock Delay      (SCD):    0.973ns
    Clock Pessimism Removal (CPR):    0.000ns
  Clock Uncertainty:      0.035ns  ((TSJ^2 + TIJ^2)^1/2 + DJ) / 2 + PE
    Total System Jitter     (TSJ):    0.071ns
    Total Input Jitter      (TIJ):    0.000ns
    Discrete Jitter          (DJ):    0.000ns
    Phase Error              (PE):    0.000ns

    Location             Delay type                Incr(ns)  Path(ns)    Netlist Resource(s)
  -------------------------------------------------------------------    -------------------
                         (clock clk rise edge)        0.000     0.000 r  
                                                      0.000     0.000 r  clk (IN)
                         net (fo=849, unset)          0.973     0.973    u_kernel_regfile/clk
                         FDCE                                         r  u_kernel_regfile/coef_reg[4][2]/C
  -------------------------------------------------------------------    -------------------
                         FDCE (Prop_fdce_C_Q)         0.518     1.491 r  u_kernel_regfile/coef_reg[4][2]/Q
                         net (fo=18, unplaced)        1.022     2.513    u_mac_array/coef[4][2]
                         LUT6 (Prop_lut6_I0_O)        0.295     2.808 r  u_mac_array/g_row[1].g_col[1].g_lut.p_q[10]_i_14/O
                         net (fo=2, unplaced)         0.650     3.458    u_mac_array/g_row[1].g_col[1].g_lut.p_q_reg[10]_0[1]
                         CARRY4 (Prop_carry4_DI[1]_CO[3])
                                                      0.520     3.978 r  u_mac_array/g_row[1].g_col[1].g_lut.p_q_reg[10]_i_10/CO[3]
                         net (fo=1, unplaced)         0.000     3.978    u_mac_array/g_row[1].g_col[1].g_lut.p_q_reg[10]_i_10_n_0
                         CARRY4 (Prop_carry4_CI_O[2])
                                                      0.256     4.234 r  u_mac_array/g_row[1].g_col[1].g_lut.p_q_reg[14]_i_10/O[2]
                         net (fo=2, unplaced)         0.463     4.697    u_mac_array/g_row[1].g_col[1].g_lut.p_q_reg[14]_i_10_n_5
                         LUT3 (Prop_lut3_I2_O)        0.296     4.993 r  u_mac_array/g_row[1].g_col[1].g_lut.p_q[14]_i_5/O
                         net (fo=2, unplaced)         0.485     5.478    u_mac_array/g_row[1].g_col[1].g_lut.p_q[14]_i_5_n_0
                         LUT4 (Prop_lut4_I0_O)        0.355     5.833 r  u_mac_array/g_row[1].g_col[1].g_lut.p_q[14]_i_9/O
                         net (fo=1, unplaced)         0.000     5.833    u_mac_array/g_row[1].g_col[1].g_lut.p_q[14]_i_9_n_0
                         CARRY4 (Prop_carry4_S[0]_CO[3])
                                                      0.513     6.346 r  u_mac_array/g_row[1].g_col[1].g_lut.p_q_reg[14]_i_1/CO[3]
                         net (fo=1, unplaced)         0.000     6.346    u_mac_array/g_row[1].g_col[1].g_lut.p_q_reg[14]_i_1_n_0
                         CARRY4 (Prop_carry4_CI_O[1])
                                                      0.337     6.683 r  u_mac_array/g_row[1].g_col[1].g_lut.p_q_reg[16]_i_1/O[1]
                         net (fo=1, unplaced)         0.000     6.683    u_mac_array/g_row[1].g_col[1].g_lut.p_q_reg[16]_i_1_n_6
                         FDCE                                         r  u_mac_array/g_row[1].g_col[1].g_lut.p_q_reg[16]/D
  -------------------------------------------------------------------    -------------------

                         (clock clk rise edge)        6.667     6.667 r  
                                                      0.000     6.667 r  clk (IN)
                         net (fo=849, unset)          0.924     7.591    u_mac_array/clk
                         FDCE                                         r  u_mac_array/g_row[1].g_col[1].g_lut.p_q_reg[16]/C
                         clock pessimism              0.000     7.591    
                         clock uncertainty           -0.035     7.556    
                         FDCE (Setup_fdce_C_D)        0.109     7.665    u_mac_array/g_row[1].g_col[1].g_lut.p_q_reg[16]
  -------------------------------------------------------------------
                         required time                          7.665    
                         arrival time                          -6.683    
  -------------------------------------------------------------------
                         slack                                  0.982    

Slack (MET) :             0.982ns  (required time - arrival time)
  Source:                 u_kernel_regfile/coef_reg[5][2]/C
                            (rising edge-triggered cell FDCE clocked by clk  {rise@0.000ns fall@3.333ns period=6.667ns})
  Destination:            u_mac_array/g_row[1].g_col[2].g_lut.p_q_reg[16]/D
                            (rising edge-triggered cell FDCE clocked by clk  {rise@0.000ns fall@3.333ns period=6.667ns})
  Path Group:             clk
  Path Type:              Setup (Max at Slow Process Corner)
  Requirement:            6.667ns  (clk rise@6.667ns - clk rise@0.000ns)
  Data Path Delay:        5.710ns  (logic 3.090ns (54.116%)  route 2.620ns (45.884%))
  Logic Levels:           7  (CARRY4=4 LUT3=1 LUT4=1 LUT6=1)
  Clock Path Skew:        -0.049ns (DCD - SCD + CPR)
    Destination Clock Delay (DCD):    0.924ns = ( 7.591 - 6.667 ) 
    Source Clock Delay      (SCD):    0.973ns
    Clock Pessimism Removal (CPR):    0.000ns
  Clock Uncertainty:      0.035ns  ((TSJ^2 + TIJ^2)^1/2 + DJ) / 2 + PE
    Total System Jitter     (TSJ):    0.071ns
    Total Input Jitter      (TIJ):    0.000ns
    Discrete Jitter          (DJ):    0.000ns
    Phase Error              (PE):    0.000ns

    Location             Delay type                Incr(ns)  Path(ns)    Netlist Resource(s)
  -------------------------------------------------------------------    -------------------
                         (clock clk rise edge)        0.000     0.000 r  
                                                      0.000     0.000 r  clk (IN)
                         net (fo=849, unset)          0.973     0.973    u_kernel_regfile/clk
                         FDCE                                         r  u_kernel_regfile/coef_reg[5][2]/C
  -------------------------------------------------------------------    -------------------
                         FDCE (Prop_fdce_C_Q)         0.518     1.491 r  u_kernel_regfile/coef_reg[5][2]/Q
                         net (fo=18, unplaced)        1.022     2.513    u_mac_array/coef[5][2]
                         LUT6 (Prop_lut6_I0_O)        0.295     2.808 r  u_mac_array/g_row[1].g_col[2].g_lut.p_q[10]_i_14/O
                         net (fo=2, unplaced)         0.650     3.458    u_mac_array/g_row[1].g_col[2].g_lut.p_q_reg[10]_0[1]
                         CARRY4 (Prop_carry4_DI[1]_CO[3])
                                                      0.520     3.978 r  u_mac_array/g_row[1].g_col[2].g_lut.p_q_reg[10]_i_10/CO[3]
                         net (fo=1, unplaced)         0.000     3.978    u_mac_array/g_row[1].g_col[2].g_lut.p_q_reg[10]_i_10_n_0
                         CARRY4 (Prop_carry4_CI_O[2])
                                                      0.256     4.234 r  u_mac_array/g_row[1].g_col[2].g_lut.p_q_reg[14]_i_10/O[2]
                         net (fo=2, unplaced)         0.463     4.697    u_mac_array/g_row[1].g_col[2].g_lut.p_q_reg[14]_i_10_n_5
                         LUT3 (Prop_lut3_I2_O)        0.296     4.993 r  u_mac_array/g_row[1].g_col[2].g_lut.p_q[14]_i_5/O
                         net (fo=2, unplaced)         0.485     5.478    u_mac_array/g_row[1].g_col[2].g_lut.p_q[14]_i_5_n_0
                         LUT4 (Prop_lut4_I0_O)        0.355     5.833 r  u_mac_array/g_row[1].g_col[2].g_lut.p_q[14]_i_9/O
                         net (fo=1, unplaced)         0.000     5.833    u_mac_array/g_row[1].g_col[2].g_lut.p_q[14]_i_9_n_0
                         CARRY4 (Prop_carry4_S[0]_CO[3])
                                                      0.513     6.346 r  u_mac_array/g_row[1].g_col[2].g_lut.p_q_reg[14]_i_1/CO[3]
                         net (fo=1, unplaced)         0.000     6.346    u_mac_array/g_row[1].g_col[2].g_lut.p_q_reg[14]_i_1_n_0
                         CARRY4 (Prop_carry4_CI_O[1])
                                                      0.337     6.683 r  u_mac_array/g_row[1].g_col[2].g_lut.p_q_reg[16]_i_1/O[1]
                         net (fo=1, unplaced)         0.000     6.683    u_mac_array/g_row[1].g_col[2].g_lut.p_q_reg[16]_i_1_n_6
                         FDCE                                         r  u_mac_array/g_row[1].g_col[2].g_lut.p_q_reg[16]/D
  -------------------------------------------------------------------    -------------------

                         (clock clk rise edge)        6.667     6.667 r  
                                                      0.000     6.667 r  clk (IN)
                         net (fo=849, unset)          0.924     7.591    u_mac_array/clk
                         FDCE                                         r  u_mac_array/g_row[1].g_col[2].g_lut.p_q_reg[16]/C
                         clock pessimism              0.000     7.591    
                         clock uncertainty           -0.035     7.556    
                         FDCE (Setup_fdce_C_D)        0.109     7.665    u_mac_array/g_row[1].g_col[2].g_lut.p_q_reg[16]
  -------------------------------------------------------------------
                         required time                          7.665    
                         arrival time                          -6.683    
  -------------------------------------------------------------------
                         slack                                  0.982    

Slack (MET) :             0.982ns  (required time - arrival time)
  Source:                 u_kernel_regfile/coef_reg[6][2]/C
                            (rising edge-triggered cell FDCE clocked by clk  {rise@0.000ns fall@3.333ns period=6.667ns})
  Destination:            u_mac_array/g_row[2].g_col[0].g_lut.p_q_reg[16]/D
                            (rising edge-triggered cell FDCE clocked by clk  {rise@0.000ns fall@3.333ns period=6.667ns})
  Path Group:             clk
  Path Type:              Setup (Max at Slow Process Corner)
  Requirement:            6.667ns  (clk rise@6.667ns - clk rise@0.000ns)
  Data Path Delay:        5.710ns  (logic 3.090ns (54.116%)  route 2.620ns (45.884%))
  Logic Levels:           7  (CARRY4=4 LUT3=1 LUT4=1 LUT6=1)
  Clock Path Skew:        -0.049ns (DCD - SCD + CPR)
    Destination Clock Delay (DCD):    0.924ns = ( 7.591 - 6.667 ) 
    Source Clock Delay      (SCD):    0.973ns
    Clock Pessimism Removal (CPR):    0.000ns
  Clock Uncertainty:      0.035ns  ((TSJ^2 + TIJ^2)^1/2 + DJ) / 2 + PE
    Total System Jitter     (TSJ):    0.071ns
    Total Input Jitter      (TIJ):    0.000ns
    Discrete Jitter          (DJ):    0.000ns
    Phase Error              (PE):    0.000ns

    Location             Delay type                Incr(ns)  Path(ns)    Netlist Resource(s)
  -------------------------------------------------------------------    -------------------
                         (clock clk rise edge)        0.000     0.000 r  
                                                      0.000     0.000 r  clk (IN)
                         net (fo=849, unset)          0.973     0.973    u_kernel_regfile/clk
                         FDCE                                         r  u_kernel_regfile/coef_reg[6][2]/C
  -------------------------------------------------------------------    -------------------
                         FDCE (Prop_fdce_C_Q)         0.518     1.491 r  u_kernel_regfile/coef_reg[6][2]/Q
                         net (fo=18, unplaced)        1.022     2.513    u_mac_array/coef[6][2]
                         LUT6 (Prop_lut6_I0_O)        0.295     2.808 r  u_mac_array/g_row[2].g_col[0].g_lut.p_q[10]_i_14/O
                         net (fo=2, unplaced)         0.650     3.458    u_mac_array/g_row[2].g_col[0].g_lut.p_q_reg[10]_0[1]
                         CARRY4 (Prop_carry4_DI[1]_CO[3])
                                                      0.520     3.978 r  u_mac_array/g_row[2].g_col[0].g_lut.p_q_reg[10]_i_10/CO[3]
                         net (fo=1, unplaced)         0.000     3.978    u_mac_array/g_row[2].g_col[0].g_lut.p_q_reg[10]_i_10_n_0
                         CARRY4 (Prop_carry4_CI_O[2])
                                                      0.256     4.234 r  u_mac_array/g_row[2].g_col[0].g_lut.p_q_reg[14]_i_10/O[2]
                         net (fo=2, unplaced)         0.463     4.697    u_mac_array/g_row[2].g_col[0].g_lut.p_q_reg[14]_i_10_n_5
                         LUT3 (Prop_lut3_I2_O)        0.296     4.993 r  u_mac_array/g_row[2].g_col[0].g_lut.p_q[14]_i_5/O
                         net (fo=2, unplaced)         0.485     5.478    u_mac_array/g_row[2].g_col[0].g_lut.p_q[14]_i_5_n_0
                         LUT4 (Prop_lut4_I0_O)        0.355     5.833 r  u_mac_array/g_row[2].g_col[0].g_lut.p_q[14]_i_9/O
                         net (fo=1, unplaced)         0.000     5.833    u_mac_array/g_row[2].g_col[0].g_lut.p_q[14]_i_9_n_0
                         CARRY4 (Prop_carry4_S[0]_CO[3])
                                                      0.513     6.346 r  u_mac_array/g_row[2].g_col[0].g_lut.p_q_reg[14]_i_1/CO[3]
                         net (fo=1, unplaced)         0.000     6.346    u_mac_array/g_row[2].g_col[0].g_lut.p_q_reg[14]_i_1_n_0
                         CARRY4 (Prop_carry4_CI_O[1])
                                                      0.337     6.683 r  u_mac_array/g_row[2].g_col[0].g_lut.p_q_reg[16]_i_1/O[1]
                         net (fo=1, unplaced)         0.000     6.683    u_mac_array/g_row[2].g_col[0].g_lut.p_q_reg[16]_i_1_n_6
                         FDCE                                         r  u_mac_array/g_row[2].g_col[0].g_lut.p_q_reg[16]/D
  -------------------------------------------------------------------    -------------------

                         (clock clk rise edge)        6.667     6.667 r  
                                                      0.000     6.667 r  clk (IN)
                         net (fo=849, unset)          0.924     7.591    u_mac_array/clk
                         FDCE                                         r  u_mac_array/g_row[2].g_col[0].g_lut.p_q_reg[16]/C
                         clock pessimism              0.000     7.591    
                         clock uncertainty           -0.035     7.556    
                         FDCE (Setup_fdce_C_D)        0.109     7.665    u_mac_array/g_row[2].g_col[0].g_lut.p_q_reg[16]
  -------------------------------------------------------------------
                         required time                          7.665    
                         arrival time                          -6.683    
  -------------------------------------------------------------------
                         slack                                  0.982    

Slack (MET) :             0.982ns  (required time - arrival time)
  Source:                 u_kernel_regfile/coef_reg[7][2]/C
                            (rising edge-triggered cell FDCE clocked by clk  {rise@0.000ns fall@3.333ns period=6.667ns})
  Destination:            u_mac_array/g_row[2].g_col[1].g_lut.p_q_reg[16]/D
                            (rising edge-triggered cell FDCE clocked by clk  {rise@0.000ns fall@3.333ns period=6.667ns})
  Path Group:             clk
  Path Type:              Setup (Max at Slow Process Corner)
  Requirement:            6.667ns  (clk rise@6.667ns - clk rise@0.000ns)
  Data Path Delay:        5.710ns  (logic 3.090ns (54.116%)  route 2.620ns (45.884%))
  Logic Levels:           7  (CARRY4=4 LUT3=1 LUT4=1 LUT6=1)
  Clock Path Skew:        -0.049ns (DCD - SCD + CPR)
    Destination Clock Delay (DCD):    0.924ns = ( 7.591 - 6.667 ) 
    Source Clock Delay      (SCD):    0.973ns
    Clock Pessimism Removal (CPR):    0.000ns
  Clock Uncertainty:      0.035ns  ((TSJ^2 + TIJ^2)^1/2 + DJ) / 2 + PE
    Total System Jitter     (TSJ):    0.071ns
    Total Input Jitter      (TIJ):    0.000ns
    Discrete Jitter          (DJ):    0.000ns
    Phase Error              (PE):    0.000ns

    Location             Delay type                Incr(ns)  Path(ns)    Netlist Resource(s)
  -------------------------------------------------------------------    -------------------
                         (clock clk rise edge)        0.000     0.000 r  
                                                      0.000     0.000 r  clk (IN)
                         net (fo=849, unset)          0.973     0.973    u_kernel_regfile/clk
                         FDCE                                         r  u_kernel_regfile/coef_reg[7][2]/C
  -------------------------------------------------------------------    -------------------
                         FDCE (Prop_fdce_C_Q)         0.518     1.491 r  u_kernel_regfile/coef_reg[7][2]/Q
                         net (fo=18, unplaced)        1.022     2.513    u_mac_array/coef[7][2]
                         LUT6 (Prop_lut6_I0_O)        0.295     2.808 r  u_mac_array/g_row[2].g_col[1].g_lut.p_q[10]_i_14/O
                         net (fo=2, unplaced)         0.650     3.458    u_mac_array/g_row[2].g_col[1].g_lut.p_q_reg[10]_0[1]
                         CARRY4 (Prop_carry4_DI[1]_CO[3])
                                                      0.520     3.978 r  u_mac_array/g_row[2].g_col[1].g_lut.p_q_reg[10]_i_10/CO[3]
                         net (fo=1, unplaced)         0.000     3.978    u_mac_array/g_row[2].g_col[1].g_lut.p_q_reg[10]_i_10_n_0
                         CARRY4 (Prop_carry4_CI_O[2])
                                                      0.256     4.234 r  u_mac_array/g_row[2].g_col[1].g_lut.p_q_reg[14]_i_10/O[2]
                         net (fo=2, unplaced)         0.463     4.697    u_mac_array/g_row[2].g_col[1].g_lut.p_q_reg[14]_i_10_n_5
                         LUT3 (Prop_lut3_I2_O)        0.296     4.993 r  u_mac_array/g_row[2].g_col[1].g_lut.p_q[14]_i_5/O
                         net (fo=2, unplaced)         0.485     5.478    u_mac_array/g_row[2].g_col[1].g_lut.p_q[14]_i_5_n_0
                         LUT4 (Prop_lut4_I0_O)        0.355     5.833 r  u_mac_array/g_row[2].g_col[1].g_lut.p_q[14]_i_9/O
                         net (fo=1, unplaced)         0.000     5.833    u_mac_array/g_row[2].g_col[1].g_lut.p_q[14]_i_9_n_0
                         CARRY4 (Prop_carry4_S[0]_CO[3])
                                                      0.513     6.346 r  u_mac_array/g_row[2].g_col[1].g_lut.p_q_reg[14]_i_1/CO[3]
                         net (fo=1, unplaced)         0.000     6.346    u_mac_array/g_row[2].g_col[1].g_lut.p_q_reg[14]_i_1_n_0
                         CARRY4 (Prop_carry4_CI_O[1])
                                                      0.337     6.683 r  u_mac_array/g_row[2].g_col[1].g_lut.p_q_reg[16]_i_1/O[1]
                         net (fo=1, unplaced)         0.000     6.683    u_mac_array/g_row[2].g_col[1].g_lut.p_q_reg[16]_i_1_n_6
                         FDCE                                         r  u_mac_array/g_row[2].g_col[1].g_lut.p_q_reg[16]/D
  -------------------------------------------------------------------    -------------------

                         (clock clk rise edge)        6.667     6.667 r  
                                                      0.000     6.667 r  clk (IN)
                         net (fo=849, unset)          0.924     7.591    u_mac_array/clk
                         FDCE                                         r  u_mac_array/g_row[2].g_col[1].g_lut.p_q_reg[16]/C
                         clock pessimism              0.000     7.591    
                         clock uncertainty           -0.035     7.556    
                         FDCE (Setup_fdce_C_D)        0.109     7.665    u_mac_array/g_row[2].g_col[1].g_lut.p_q_reg[16]
  -------------------------------------------------------------------
                         required time                          7.665    
                         arrival time                          -6.683    
  -------------------------------------------------------------------
                         slack                                  0.982    

Slack (MET) :             0.982ns  (required time - arrival time)
  Source:                 u_kernel_regfile/coef_reg[8][2]/C
                            (rising edge-triggered cell FDCE clocked by clk  {rise@0.000ns fall@3.333ns period=6.667ns})
  Destination:            u_mac_array/g_row[2].g_col[2].g_lut.p_q_reg[16]/D
                            (rising edge-triggered cell FDCE clocked by clk  {rise@0.000ns fall@3.333ns period=6.667ns})
  Path Group:             clk
  Path Type:              Setup (Max at Slow Process Corner)
  Requirement:            6.667ns  (clk rise@6.667ns - clk rise@0.000ns)
  Data Path Delay:        5.710ns  (logic 3.090ns (54.116%)  route 2.620ns (45.884%))
  Logic Levels:           7  (CARRY4=4 LUT3=1 LUT4=1 LUT6=1)
  Clock Path Skew:        -0.049ns (DCD - SCD + CPR)
    Destination Clock Delay (DCD):    0.924ns = ( 7.591 - 6.667 ) 
    Source Clock Delay      (SCD):    0.973ns
    Clock Pessimism Removal (CPR):    0.000ns
  Clock Uncertainty:      0.035ns  ((TSJ^2 + TIJ^2)^1/2 + DJ) / 2 + PE
    Total System Jitter     (TSJ):    0.071ns
    Total Input Jitter      (TIJ):    0.000ns
    Discrete Jitter          (DJ):    0.000ns
    Phase Error              (PE):    0.000ns

    Location             Delay type                Incr(ns)  Path(ns)    Netlist Resource(s)
  -------------------------------------------------------------------    -------------------
                         (clock clk rise edge)        0.000     0.000 r  
                                                      0.000     0.000 r  clk (IN)
                         net (fo=849, unset)          0.973     0.973    u_kernel_regfile/clk
                         FDCE                                         r  u_kernel_regfile/coef_reg[8][2]/C
  -------------------------------------------------------------------    -------------------
                         FDCE (Prop_fdce_C_Q)         0.518     1.491 r  u_kernel_regfile/coef_reg[8][2]/Q
                         net (fo=18, unplaced)        1.022     2.513    u_mac_array/coef[8][2]
                         LUT6 (Prop_lut6_I0_O)        0.295     2.808 r  u_mac_array/g_row[2].g_col[2].g_lut.p_q[10]_i_14/O
                         net (fo=2, unplaced)         0.650     3.458    u_mac_array/g_row[2].g_col[2].g_lut.p_q_reg[10]_0[1]
                         CARRY4 (Prop_carry4_DI[1]_CO[3])
                                                      0.520     3.978 r  u_mac_array/g_row[2].g_col[2].g_lut.p_q_reg[10]_i_10/CO[3]
                         net (fo=1, unplaced)         0.000     3.978    u_mac_array/g_row[2].g_col[2].g_lut.p_q_reg[10]_i_10_n_0
                         CARRY4 (Prop_carry4_CI_O[2])
                                                      0.256     4.234 r  u_mac_array/g_row[2].g_col[2].g_lut.p_q_reg[14]_i_10/O[2]
                         net (fo=2, unplaced)         0.463     4.697    u_mac_array/g_row[2].g_col[2].g_lut.p_q_reg[14]_i_10_n_5
                         LUT3 (Prop_lut3_I2_O)        0.296     4.993 r  u_mac_array/g_row[2].g_col[2].g_lut.p_q[14]_i_5/O
                         net (fo=2, unplaced)         0.485     5.478    u_mac_array/g_row[2].g_col[2].g_lut.p_q[14]_i_5_n_0
                         LUT4 (Prop_lut4_I0_O)        0.355     5.833 r  u_mac_array/g_row[2].g_col[2].g_lut.p_q[14]_i_9/O
                         net (fo=1, unplaced)         0.000     5.833    u_mac_array/g_row[2].g_col[2].g_lut.p_q[14]_i_9_n_0
                         CARRY4 (Prop_carry4_S[0]_CO[3])
                                                      0.513     6.346 r  u_mac_array/g_row[2].g_col[2].g_lut.p_q_reg[14]_i_1/CO[3]
                         net (fo=1, unplaced)         0.000     6.346    u_mac_array/g_row[2].g_col[2].g_lut.p_q_reg[14]_i_1_n_0
                         CARRY4 (Prop_carry4_CI_O[1])
                                                      0.337     6.683 r  u_mac_array/g_row[2].g_col[2].g_lut.p_q_reg[16]_i_1/O[1]
                         net (fo=1, unplaced)         0.000     6.683    u_mac_array/g_row[2].g_col[2].g_lut.p_q_reg[16]_i_1_n_6
                         FDCE                                         r  u_mac_array/g_row[2].g_col[2].g_lut.p_q_reg[16]/D
  -------------------------------------------------------------------    -------------------

                         (clock clk rise edge)        6.667     6.667 r  
                                                      0.000     6.667 r  clk (IN)
                         net (fo=849, unset)          0.924     7.591    u_mac_array/clk
                         FDCE                                         r  u_mac_array/g_row[2].g_col[2].g_lut.p_q_reg[16]/C
                         clock pessimism              0.000     7.591    
                         clock uncertainty           -0.035     7.556    
                         FDCE (Setup_fdce_C_D)        0.109     7.665    u_mac_array/g_row[2].g_col[2].g_lut.p_q_reg[16]
  -------------------------------------------------------------------
                         required time                          7.665    
                         arrival time                          -6.683    
  -------------------------------------------------------------------
                         slack                                  0.982    

Slack (MET) :             1.087ns  (required time - arrival time)
  Source:                 u_kernel_regfile/coef_reg[0][2]/C
                            (rising edge-triggered cell FDCE clocked by clk  {rise@0.000ns fall@3.333ns period=6.667ns})
  Destination:            u_mac_array/g_row[0].g_col[0].g_lut.p_q_reg[15]/D
                            (rising edge-triggered cell FDCE clocked by clk  {rise@0.000ns fall@3.333ns period=6.667ns})
  Path Group:             clk
  Path Type:              Setup (Max at Slow Process Corner)
  Requirement:            6.667ns  (clk rise@6.667ns - clk rise@0.000ns)
  Data Path Delay:        5.605ns  (logic 2.985ns (53.256%)  route 2.620ns (46.744%))
  Logic Levels:           7  (CARRY4=4 LUT3=1 LUT4=1 LUT6=1)
  Clock Path Skew:        -0.049ns (DCD - SCD + CPR)
    Destination Clock Delay (DCD):    0.924ns = ( 7.591 - 6.667 ) 
    Source Clock Delay      (SCD):    0.973ns
    Clock Pessimism Removal (CPR):    0.000ns
  Clock Uncertainty:      0.035ns  ((TSJ^2 + TIJ^2)^1/2 + DJ) / 2 + PE
    Total System Jitter     (TSJ):    0.071ns
    Total Input Jitter      (TIJ):    0.000ns
    Discrete Jitter          (DJ):    0.000ns
    Phase Error              (PE):    0.000ns

    Location             Delay type                Incr(ns)  Path(ns)    Netlist Resource(s)
  -------------------------------------------------------------------    -------------------
                         (clock clk rise edge)        0.000     0.000 r  
                                                      0.000     0.000 r  clk (IN)
                         net (fo=849, unset)          0.973     0.973    u_kernel_regfile/clk
                         FDCE                                         r  u_kernel_regfile/coef_reg[0][2]/C
  -------------------------------------------------------------------    -------------------
                         FDCE (Prop_fdce_C_Q)         0.518     1.491 r  u_kernel_regfile/coef_reg[0][2]/Q
                         net (fo=18, unplaced)        1.022     2.513    u_mac_array/coef[0][2]
                         LUT6 (Prop_lut6_I0_O)        0.295     2.808 r  u_mac_array/g_row[0].g_col[0].g_lut.p_q[10]_i_14/O
                         net (fo=2, unplaced)         0.650     3.458    u_mac_array/DI[1]
                         CARRY4 (Prop_carry4_DI[1]_CO[3])
                                                      0.520     3.978 r  u_mac_array/g_row[0].g_col[0].g_lut.p_q_reg[10]_i_10/CO[3]
                         net (fo=1, unplaced)         0.000     3.978    u_mac_array/g_row[0].g_col[0].g_lut.p_q_reg[10]_i_10_n_0
                         CARRY4 (Prop_carry4_CI_O[2])
                                                      0.256     4.234 r  u_mac_array/g_row[0].g_col[0].g_lut.p_q_reg[14]_i_10/O[2]
                         net (fo=2, unplaced)         0.463     4.697    u_mac_array/g_row[0].g_col[0].g_lut.p_q_reg[14]_i_10_n_5
                         LUT3 (Prop_lut3_I2_O)        0.296     4.993 r  u_mac_array/g_row[0].g_col[0].g_lut.p_q[14]_i_5/O
                         net (fo=2, unplaced)         0.485     5.478    u_mac_array/g_row[0].g_col[0].g_lut.p_q[14]_i_5_n_0
                         LUT4 (Prop_lut4_I0_O)        0.355     5.833 r  u_mac_array/g_row[0].g_col[0].g_lut.p_q[14]_i_9/O
                         net (fo=1, unplaced)         0.000     5.833    u_mac_array/g_row[0].g_col[0].g_lut.p_q[14]_i_9_n_0
                         CARRY4 (Prop_carry4_S[0]_CO[3])
                                                      0.513     6.346 r  u_mac_array/g_row[0].g_col[0].g_lut.p_q_reg[14]_i_1/CO[3]
                         net (fo=1, unplaced)         0.000     6.346    u_mac_array/g_row[0].g_col[0].g_lut.p_q_reg[14]_i_1_n_0
                         CARRY4 (Prop_carry4_CI_O[0])
                                                      0.232     6.578 r  u_mac_array/g_row[0].g_col[0].g_lut.p_q_reg[16]_i_1/O[0]
                         net (fo=1, unplaced)         0.000     6.578    u_mac_array/p_0_in[15]
                         FDCE                                         r  u_mac_array/g_row[0].g_col[0].g_lut.p_q_reg[15]/D
  -------------------------------------------------------------------    -------------------

                         (clock clk rise edge)        6.667     6.667 r  
                                                      0.000     6.667 r  clk (IN)
                         net (fo=849, unset)          0.924     7.591    u_mac_array/clk
                         FDCE                                         r  u_mac_array/g_row[0].g_col[0].g_lut.p_q_reg[15]/C
                         clock pessimism              0.000     7.591    
                         clock uncertainty           -0.035     7.556    
                         FDCE (Setup_fdce_C_D)        0.109     7.665    u_mac_array/g_row[0].g_col[0].g_lut.p_q_reg[15]
  -------------------------------------------------------------------
                         required time                          7.665    
                         arrival time                          -6.578    
  -------------------------------------------------------------------
                         slack                                  1.087    





Min Delay Paths
--------------------------------------------------------------------------------------
Slack (MET) :             0.224ns  (arrival time - required time)
  Source:                 u_ctrl_fsm/pending_bank_reg[0]/C
                            (rising edge-triggered cell FDCE clocked by clk  {rise@0.000ns fall@3.333ns period=6.667ns})
  Destination:            u_ctrl_fsm/meta_bank_reg[3][0]_srl4_u_ctrl_fsm_meta_valid_reg_c_1/D
                            (rising edge-triggered cell SRL16E clocked by clk  {rise@0.000ns fall@3.333ns period=6.667ns})
  Path Group:             clk
  Path Type:              Hold (Min at Fast Process Corner)
  Requirement:            0.000ns  (clk rise@0.000ns - clk rise@0.000ns)
  Data Path Delay:        0.309ns  (logic 0.164ns (53.002%)  route 0.145ns (46.998%))
  Logic Levels:           0  
  Clock Path Skew:        0.022ns (DCD - SCD - CPR)
    Destination Clock Delay (DCD):    0.432ns
    Source Clock Delay      (SCD):    0.410ns
    Clock Pessimism Removal (CPR):    -0.000ns

    Location             Delay type                Incr(ns)  Path(ns)    Netlist Resource(s)
  -------------------------------------------------------------------    -------------------
                         (clock clk rise edge)        0.000     0.000 r  
                                                      0.000     0.000 r  clk (IN)
                         net (fo=849, unset)          0.410     0.410    u_ctrl_fsm/clk
                         FDCE                                         r  u_ctrl_fsm/pending_bank_reg[0]/C
  -------------------------------------------------------------------    -------------------
                         FDCE (Prop_fdce_C_Q)         0.164     0.574 r  u_ctrl_fsm/pending_bank_reg[0]/Q
                         net (fo=2, unplaced)         0.145     0.720    u_ctrl_fsm/pending_bank[0]
                         SRL16E                                       r  u_ctrl_fsm/meta_bank_reg[3][0]_srl4_u_ctrl_fsm_meta_valid_reg_c_1/D
  -------------------------------------------------------------------    -------------------

                         (clock clk rise edge)        0.000     0.000 r  
                                                      0.000     0.000 r  clk (IN)
                         net (fo=849, unset)          0.432     0.432    u_ctrl_fsm/clk
                         SRL16E                                       r  u_ctrl_fsm/meta_bank_reg[3][0]_srl4_u_ctrl_fsm_meta_valid_reg_c_1/CLK
                         clock pessimism              0.000     0.432    
                         SRL16E (Hold_srl16e_CLK_D)
                                                      0.064     0.496    u_ctrl_fsm/meta_bank_reg[3][0]_srl4_u_ctrl_fsm_meta_valid_reg_c_1
  -------------------------------------------------------------------
                         required time                         -0.496    
                         arrival time                           0.720    
  -------------------------------------------------------------------
                         slack                                  0.224    

Slack (MET) :             0.224ns  (arrival time - required time)
  Source:                 u_ctrl_fsm/pending_bank_reg[1]/C
                            (rising edge-triggered cell FDCE clocked by clk  {rise@0.000ns fall@3.333ns period=6.667ns})
  Destination:            u_ctrl_fsm/meta_bank_reg[3][1]_srl4_u_ctrl_fsm_meta_valid_reg_c_1/D
                            (rising edge-triggered cell SRL16E clocked by clk  {rise@0.000ns fall@3.333ns period=6.667ns})
  Path Group:             clk
  Path Type:              Hold (Min at Fast Process Corner)
  Requirement:            0.000ns  (clk rise@0.000ns - clk rise@0.000ns)
  Data Path Delay:        0.309ns  (logic 0.164ns (53.002%)  route 0.145ns (46.998%))
  Logic Levels:           0  
  Clock Path Skew:        0.022ns (DCD - SCD - CPR)
    Destination Clock Delay (DCD):    0.432ns
    Source Clock Delay      (SCD):    0.410ns
    Clock Pessimism Removal (CPR):    -0.000ns

    Location             Delay type                Incr(ns)  Path(ns)    Netlist Resource(s)
  -------------------------------------------------------------------    -------------------
                         (clock clk rise edge)        0.000     0.000 r  
                                                      0.000     0.000 r  clk (IN)
                         net (fo=849, unset)          0.410     0.410    u_ctrl_fsm/clk
                         FDCE                                         r  u_ctrl_fsm/pending_bank_reg[1]/C
  -------------------------------------------------------------------    -------------------
                         FDCE (Prop_fdce_C_Q)         0.164     0.574 r  u_ctrl_fsm/pending_bank_reg[1]/Q
                         net (fo=2, unplaced)         0.145     0.720    u_ctrl_fsm/pending_bank[1]
                         SRL16E                                       r  u_ctrl_fsm/meta_bank_reg[3][1]_srl4_u_ctrl_fsm_meta_valid_reg_c_1/D
  -------------------------------------------------------------------    -------------------

                         (clock clk rise edge)        0.000     0.000 r  
                                                      0.000     0.000 r  clk (IN)
                         net (fo=849, unset)          0.432     0.432    u_ctrl_fsm/clk
                         SRL16E                                       r  u_ctrl_fsm/meta_bank_reg[3][1]_srl4_u_ctrl_fsm_meta_valid_reg_c_1/CLK
                         clock pessimism              0.000     0.432    
                         SRL16E (Hold_srl16e_CLK_D)
                                                      0.064     0.496    u_ctrl_fsm/meta_bank_reg[3][1]_srl4_u_ctrl_fsm_meta_valid_reg_c_1
  -------------------------------------------------------------------
                         required time                         -0.496    
                         arrival time                           0.720    
  -------------------------------------------------------------------
                         slack                                  0.224    

Slack (MET) :             0.252ns  (arrival time - required time)
  Source:                 u_kernel_regfile/bank_reg[2][0][0]/C
                            (rising edge-triggered cell FDCE clocked by clk  {rise@0.000ns fall@3.333ns period=6.667ns})
  Destination:            u_kernel_regfile/coef_reg[0][0]/D
                            (rising edge-triggered cell FDCE clocked by clk  {rise@0.000ns fall@3.333ns period=6.667ns})
  Path Group:             clk
  Path Type:              Hold (Min at Fast Process Corner)
  Requirement:            0.000ns  (clk rise@0.000ns - clk rise@0.000ns)
  Data Path Delay:        0.393ns  (logic 0.262ns (66.651%)  route 0.131ns (33.349%))
  Logic Levels:           1  (LUT6=1)
  Clock Path Skew:        0.022ns (DCD - SCD - CPR)
    Destination Clock Delay (DCD):    0.432ns
    Source Clock Delay      (SCD):    0.410ns
    Clock Pessimism Removal (CPR):    -0.000ns

    Location             Delay type                Incr(ns)  Path(ns)    Netlist Resource(s)
  -------------------------------------------------------------------    -------------------
                         (clock clk rise edge)        0.000     0.000 r  
                                                      0.000     0.000 r  clk (IN)
                         net (fo=849, unset)          0.410     0.410    u_kernel_regfile/clk
                         FDCE                                         r  u_kernel_regfile/bank_reg[2][0][0]/C
  -------------------------------------------------------------------    -------------------
                         FDCE (Prop_fdce_C_Q)         0.164     0.574 r  u_kernel_regfile/bank_reg[2][0][0]/Q
                         net (fo=1, unplaced)         0.131     0.705    u_kernel_regfile/bank_reg[2][0]_1[0]
                         LUT6 (Prop_lut6_I5_O)        0.098     0.803 r  u_kernel_regfile/coef[0][0]_i_1/O
                         net (fo=1, unplaced)         0.000     0.803    u_kernel_regfile/p_0_in[0]
                         FDCE                                         r  u_kernel_regfile/coef_reg[0][0]/D
  -------------------------------------------------------------------    -------------------

                         (clock clk rise edge)        0.000     0.000 r  
                                                      0.000     0.000 r  clk (IN)
                         net (fo=849, unset)          0.432     0.432    u_kernel_regfile/clk
                         FDCE                                         r  u_kernel_regfile/coef_reg[0][0]/C
                         clock pessimism              0.000     0.432    
                         FDCE (Hold_fdce_C_D)         0.120     0.552    u_kernel_regfile/coef_reg[0][0]
  -------------------------------------------------------------------
                         required time                         -0.552    
                         arrival time                           0.803    
  -------------------------------------------------------------------
                         slack                                  0.252    

Slack (MET) :             0.252ns  (arrival time - required time)
  Source:                 u_kernel_regfile/bank_reg[2][0][1]/C
                            (rising edge-triggered cell FDCE clocked by clk  {rise@0.000ns fall@3.333ns period=6.667ns})
  Destination:            u_kernel_regfile/coef_reg[0][1]/D
                            (rising edge-triggered cell FDCE clocked by clk  {rise@0.000ns fall@3.333ns period=6.667ns})
  Path Group:             clk
  Path Type:              Hold (Min at Fast Process Corner)
  Requirement:            0.000ns  (clk rise@0.000ns - clk rise@0.000ns)
  Data Path Delay:        0.393ns  (logic 0.262ns (66.651%)  route 0.131ns (33.349%))
  Logic Levels:           1  (LUT6=1)
  Clock Path Skew:        0.022ns (DCD - SCD - CPR)
    Destination Clock Delay (DCD):    0.432ns
    Source Clock Delay      (SCD):    0.410ns
    Clock Pessimism Removal (CPR):    -0.000ns

    Location             Delay type                Incr(ns)  Path(ns)    Netlist Resource(s)
  -------------------------------------------------------------------    -------------------
                         (clock clk rise edge)        0.000     0.000 r  
                                                      0.000     0.000 r  clk (IN)
                         net (fo=849, unset)          0.410     0.410    u_kernel_regfile/clk
                         FDCE                                         r  u_kernel_regfile/bank_reg[2][0][1]/C
  -------------------------------------------------------------------    -------------------
                         FDCE (Prop_fdce_C_Q)         0.164     0.574 r  u_kernel_regfile/bank_reg[2][0][1]/Q
                         net (fo=1, unplaced)         0.131     0.705    u_kernel_regfile/bank_reg[2][0]_1[1]
                         LUT6 (Prop_lut6_I5_O)        0.098     0.803 r  u_kernel_regfile/coef[0][1]_i_1/O
                         net (fo=1, unplaced)         0.000     0.803    u_kernel_regfile/p_0_in[1]
                         FDCE                                         r  u_kernel_regfile/coef_reg[0][1]/D
  -------------------------------------------------------------------    -------------------

                         (clock clk rise edge)        0.000     0.000 r  
                                                      0.000     0.000 r  clk (IN)
                         net (fo=849, unset)          0.432     0.432    u_kernel_regfile/clk
                         FDCE                                         r  u_kernel_regfile/coef_reg[0][1]/C
                         clock pessimism              0.000     0.432    
                         FDCE (Hold_fdce_C_D)         0.120     0.552    u_kernel_regfile/coef_reg[0][1]
  -------------------------------------------------------------------
                         required time                         -0.552    
                         arrival time                           0.803    
  -------------------------------------------------------------------
                         slack                                  0.252    

Slack (MET) :             0.252ns  (arrival time - required time)
  Source:                 u_kernel_regfile/bank_reg[2][0][2]/C
                            (rising edge-triggered cell FDCE clocked by clk  {rise@0.000ns fall@3.333ns period=6.667ns})
  Destination:            u_kernel_regfile/coef_reg[0][2]/D
                            (rising edge-triggered cell FDCE clocked by clk  {rise@0.000ns fall@3.333ns period=6.667ns})
  Path Group:             clk
  Path Type:              Hold (Min at Fast Process Corner)
  Requirement:            0.000ns  (clk rise@0.000ns - clk rise@0.000ns)
  Data Path Delay:        0.393ns  (logic 0.262ns (66.651%)  route 0.131ns (33.349%))
  Logic Levels:           1  (LUT6=1)
  Clock Path Skew:        0.022ns (DCD - SCD - CPR)
    Destination Clock Delay (DCD):    0.432ns
    Source Clock Delay      (SCD):    0.410ns
    Clock Pessimism Removal (CPR):    -0.000ns

    Location             Delay type                Incr(ns)  Path(ns)    Netlist Resource(s)
  -------------------------------------------------------------------    -------------------
                         (clock clk rise edge)        0.000     0.000 r  
                                                      0.000     0.000 r  clk (IN)
                         net (fo=849, unset)          0.410     0.410    u_kernel_regfile/clk
                         FDCE                                         r  u_kernel_regfile/bank_reg[2][0][2]/C
  -------------------------------------------------------------------    -------------------
                         FDCE (Prop_fdce_C_Q)         0.164     0.574 r  u_kernel_regfile/bank_reg[2][0][2]/Q
                         net (fo=1, unplaced)         0.131     0.705    u_kernel_regfile/bank_reg[2][0]_1[2]
                         LUT6 (Prop_lut6_I5_O)        0.098     0.803 r  u_kernel_regfile/coef[0][2]_i_1/O
                         net (fo=1, unplaced)         0.000     0.803    u_kernel_regfile/p_0_in[2]
                         FDCE                                         r  u_kernel_regfile/coef_reg[0][2]/D
  -------------------------------------------------------------------    -------------------

                         (clock clk rise edge)        0.000     0.000 r  
                                                      0.000     0.000 r  clk (IN)
                         net (fo=849, unset)          0.432     0.432    u_kernel_regfile/clk
                         FDCE                                         r  u_kernel_regfile/coef_reg[0][2]/C
                         clock pessimism              0.000     0.432    
                         FDCE (Hold_fdce_C_D)         0.120     0.552    u_kernel_regfile/coef_reg[0][2]
  -------------------------------------------------------------------
                         required time                         -0.552    
                         arrival time                           0.803    
  -------------------------------------------------------------------
                         slack                                  0.252    

Slack (MET) :             0.252ns  (arrival time - required time)
  Source:                 u_kernel_regfile/bank_reg[2][0][3]/C
                            (rising edge-triggered cell FDCE clocked by clk  {rise@0.000ns fall@3.333ns period=6.667ns})
  Destination:            u_kernel_regfile/coef_reg[0][3]/D
                            (rising edge-triggered cell FDCE clocked by clk  {rise@0.000ns fall@3.333ns period=6.667ns})
  Path Group:             clk
  Path Type:              Hold (Min at Fast Process Corner)
  Requirement:            0.000ns  (clk rise@0.000ns - clk rise@0.000ns)
  Data Path Delay:        0.393ns  (logic 0.262ns (66.651%)  route 0.131ns (33.349%))
  Logic Levels:           1  (LUT6=1)
  Clock Path Skew:        0.022ns (DCD - SCD - CPR)
    Destination Clock Delay (DCD):    0.432ns
    Source Clock Delay      (SCD):    0.410ns
    Clock Pessimism Removal (CPR):    -0.000ns

    Location             Delay type                Incr(ns)  Path(ns)    Netlist Resource(s)
  -------------------------------------------------------------------    -------------------
                         (clock clk rise edge)        0.000     0.000 r  
                                                      0.000     0.000 r  clk (IN)
                         net (fo=849, unset)          0.410     0.410    u_kernel_regfile/clk
                         FDCE                                         r  u_kernel_regfile/bank_reg[2][0][3]/C
  -------------------------------------------------------------------    -------------------
                         FDCE (Prop_fdce_C_Q)         0.164     0.574 r  u_kernel_regfile/bank_reg[2][0][3]/Q
                         net (fo=1, unplaced)         0.131     0.705    u_kernel_regfile/bank_reg[2][0]_1[3]
                         LUT6 (Prop_lut6_I5_O)        0.098     0.803 r  u_kernel_regfile/coef[0][3]_i_1/O
                         net (fo=1, unplaced)         0.000     0.803    u_kernel_regfile/p_0_in[3]
                         FDCE                                         r  u_kernel_regfile/coef_reg[0][3]/D
  -------------------------------------------------------------------    -------------------

                         (clock clk rise edge)        0.000     0.000 r  
                                                      0.000     0.000 r  clk (IN)
                         net (fo=849, unset)          0.432     0.432    u_kernel_regfile/clk
                         FDCE                                         r  u_kernel_regfile/coef_reg[0][3]/C
                         clock pessimism              0.000     0.432    
                         FDCE (Hold_fdce_C_D)         0.120     0.552    u_kernel_regfile/coef_reg[0][3]
  -------------------------------------------------------------------
                         required time                         -0.552    
                         arrival time                           0.803    
  -------------------------------------------------------------------
                         slack                                  0.252    

Slack (MET) :             0.252ns  (arrival time - required time)
  Source:                 u_kernel_regfile/bank_reg[2][0][4]/C
                            (rising edge-triggered cell FDCE clocked by clk  {rise@0.000ns fall@3.333ns period=6.667ns})
  Destination:            u_kernel_regfile/coef_reg[0][4]/D
                            (rising edge-triggered cell FDCE clocked by clk  {rise@0.000ns fall@3.333ns period=6.667ns})
  Path Group:             clk
  Path Type:              Hold (Min at Fast Process Corner)
  Requirement:            0.000ns  (clk rise@0.000ns - clk rise@0.000ns)
  Data Path Delay:        0.393ns  (logic 0.262ns (66.651%)  route 0.131ns (33.349%))
  Logic Levels:           1  (LUT6=1)
  Clock Path Skew:        0.022ns (DCD - SCD - CPR)
    Destination Clock Delay (DCD):    0.432ns
    Source Clock Delay      (SCD):    0.410ns
    Clock Pessimism Removal (CPR):    -0.000ns

    Location             Delay type                Incr(ns)  Path(ns)    Netlist Resource(s)
  -------------------------------------------------------------------    -------------------
                         (clock clk rise edge)        0.000     0.000 r  
                                                      0.000     0.000 r  clk (IN)
                         net (fo=849, unset)          0.410     0.410    u_kernel_regfile/clk
                         FDCE                                         r  u_kernel_regfile/bank_reg[2][0][4]/C
  -------------------------------------------------------------------    -------------------
                         FDCE (Prop_fdce_C_Q)         0.164     0.574 r  u_kernel_regfile/bank_reg[2][0][4]/Q
                         net (fo=1, unplaced)         0.131     0.705    u_kernel_regfile/bank_reg[2][0]_1[4]
                         LUT6 (Prop_lut6_I5_O)        0.098     0.803 r  u_kernel_regfile/coef[0][4]_i_1/O
                         net (fo=1, unplaced)         0.000     0.803    u_kernel_regfile/p_0_in[4]
                         FDCE                                         r  u_kernel_regfile/coef_reg[0][4]/D
  -------------------------------------------------------------------    -------------------

                         (clock clk rise edge)        0.000     0.000 r  
                                                      0.000     0.000 r  clk (IN)
                         net (fo=849, unset)          0.432     0.432    u_kernel_regfile/clk
                         FDCE                                         r  u_kernel_regfile/coef_reg[0][4]/C
                         clock pessimism              0.000     0.432    
                         FDCE (Hold_fdce_C_D)         0.120     0.552    u_kernel_regfile/coef_reg[0][4]
  -------------------------------------------------------------------
                         required time                         -0.552    
                         arrival time                           0.803    
  -------------------------------------------------------------------
                         slack                                  0.252    

Slack (MET) :             0.252ns  (arrival time - required time)
  Source:                 u_kernel_regfile/bank_reg[2][0][5]/C
                            (rising edge-triggered cell FDCE clocked by clk  {rise@0.000ns fall@3.333ns period=6.667ns})
  Destination:            u_kernel_regfile/coef_reg[0][5]/D
                            (rising edge-triggered cell FDCE clocked by clk  {rise@0.000ns fall@3.333ns period=6.667ns})
  Path Group:             clk
  Path Type:              Hold (Min at Fast Process Corner)
  Requirement:            0.000ns  (clk rise@0.000ns - clk rise@0.000ns)
  Data Path Delay:        0.393ns  (logic 0.262ns (66.651%)  route 0.131ns (33.349%))
  Logic Levels:           1  (LUT6=1)
  Clock Path Skew:        0.022ns (DCD - SCD - CPR)
    Destination Clock Delay (DCD):    0.432ns
    Source Clock Delay      (SCD):    0.410ns
    Clock Pessimism Removal (CPR):    -0.000ns

    Location             Delay type                Incr(ns)  Path(ns)    Netlist Resource(s)
  -------------------------------------------------------------------    -------------------
                         (clock clk rise edge)        0.000     0.000 r  
                                                      0.000     0.000 r  clk (IN)
                         net (fo=849, unset)          0.410     0.410    u_kernel_regfile/clk
                         FDCE                                         r  u_kernel_regfile/bank_reg[2][0][5]/C
  -------------------------------------------------------------------    -------------------
                         FDCE (Prop_fdce_C_Q)         0.164     0.574 r  u_kernel_regfile/bank_reg[2][0][5]/Q
                         net (fo=1, unplaced)         0.131     0.705    u_kernel_regfile/bank_reg[2][0]_1[5]
                         LUT6 (Prop_lut6_I5_O)        0.098     0.803 r  u_kernel_regfile/coef[0][5]_i_1/O
                         net (fo=1, unplaced)         0.000     0.803    u_kernel_regfile/p_0_in[5]
                         FDCE                                         r  u_kernel_regfile/coef_reg[0][5]/D
  -------------------------------------------------------------------    -------------------

                         (clock clk rise edge)        0.000     0.000 r  
                                                      0.000     0.000 r  clk (IN)
                         net (fo=849, unset)          0.432     0.432    u_kernel_regfile/clk
                         FDCE                                         r  u_kernel_regfile/coef_reg[0][5]/C
                         clock pessimism              0.000     0.432    
                         FDCE (Hold_fdce_C_D)         0.120     0.552    u_kernel_regfile/coef_reg[0][5]
  -------------------------------------------------------------------
                         required time                         -0.552    
                         arrival time                           0.803    
  -------------------------------------------------------------------
                         slack                                  0.252    

Slack (MET) :             0.252ns  (arrival time - required time)
  Source:                 u_kernel_regfile/bank_reg[2][0][6]/C
                            (rising edge-triggered cell FDCE clocked by clk  {rise@0.000ns fall@3.333ns period=6.667ns})
  Destination:            u_kernel_regfile/coef_reg[0][6]/D
                            (rising edge-triggered cell FDCE clocked by clk  {rise@0.000ns fall@3.333ns period=6.667ns})
  Path Group:             clk
  Path Type:              Hold (Min at Fast Process Corner)
  Requirement:            0.000ns  (clk rise@0.000ns - clk rise@0.000ns)
  Data Path Delay:        0.393ns  (logic 0.262ns (66.651%)  route 0.131ns (33.349%))
  Logic Levels:           1  (LUT6=1)
  Clock Path Skew:        0.022ns (DCD - SCD - CPR)
    Destination Clock Delay (DCD):    0.432ns
    Source Clock Delay      (SCD):    0.410ns
    Clock Pessimism Removal (CPR):    -0.000ns

    Location             Delay type                Incr(ns)  Path(ns)    Netlist Resource(s)
  -------------------------------------------------------------------    -------------------
                         (clock clk rise edge)        0.000     0.000 r  
                                                      0.000     0.000 r  clk (IN)
                         net (fo=849, unset)          0.410     0.410    u_kernel_regfile/clk
                         FDCE                                         r  u_kernel_regfile/bank_reg[2][0][6]/C
  -------------------------------------------------------------------    -------------------
                         FDCE (Prop_fdce_C_Q)         0.164     0.574 r  u_kernel_regfile/bank_reg[2][0][6]/Q
                         net (fo=1, unplaced)         0.131     0.705    u_kernel_regfile/bank_reg[2][0]_1[6]
                         LUT6 (Prop_lut6_I5_O)        0.098     0.803 r  u_kernel_regfile/coef[0][6]_i_1/O
                         net (fo=1, unplaced)         0.000     0.803    u_kernel_regfile/p_0_in[6]
                         FDCE                                         r  u_kernel_regfile/coef_reg[0][6]/D
  -------------------------------------------------------------------    -------------------

                         (clock clk rise edge)        0.000     0.000 r  
                                                      0.000     0.000 r  clk (IN)
                         net (fo=849, unset)          0.432     0.432    u_kernel_regfile/clk
                         FDCE                                         r  u_kernel_regfile/coef_reg[0][6]/C
                         clock pessimism              0.000     0.432    
                         FDCE (Hold_fdce_C_D)         0.120     0.552    u_kernel_regfile/coef_reg[0][6]
  -------------------------------------------------------------------
                         required time                         -0.552    
                         arrival time                           0.803    
  -------------------------------------------------------------------
                         slack                                  0.252    

Slack (MET) :             0.252ns  (arrival time - required time)
  Source:                 u_kernel_regfile/bank_reg[2][0][7]/C
                            (rising edge-triggered cell FDCE clocked by clk  {rise@0.000ns fall@3.333ns period=6.667ns})
  Destination:            u_kernel_regfile/coef_reg[0][7]/D
                            (rising edge-triggered cell FDCE clocked by clk  {rise@0.000ns fall@3.333ns period=6.667ns})
  Path Group:             clk
  Path Type:              Hold (Min at Fast Process Corner)
  Requirement:            0.000ns  (clk rise@0.000ns - clk rise@0.000ns)
  Data Path Delay:        0.393ns  (logic 0.262ns (66.651%)  route 0.131ns (33.349%))
  Logic Levels:           1  (LUT6=1)
  Clock Path Skew:        0.022ns (DCD - SCD - CPR)
    Destination Clock Delay (DCD):    0.432ns
    Source Clock Delay      (SCD):    0.410ns
    Clock Pessimism Removal (CPR):    -0.000ns

    Location             Delay type                Incr(ns)  Path(ns)    Netlist Resource(s)
  -------------------------------------------------------------------    -------------------
                         (clock clk rise edge)        0.000     0.000 r  
                                                      0.000     0.000 r  clk (IN)
                         net (fo=849, unset)          0.410     0.410    u_kernel_regfile/clk
                         FDCE                                         r  u_kernel_regfile/bank_reg[2][0][7]/C
  -------------------------------------------------------------------    -------------------
                         FDCE (Prop_fdce_C_Q)         0.164     0.574 r  u_kernel_regfile/bank_reg[2][0][7]/Q
                         net (fo=1, unplaced)         0.131     0.705    u_kernel_regfile/bank_reg[2][0]_1[7]
                         LUT6 (Prop_lut6_I5_O)        0.098     0.803 r  u_kernel_regfile/coef[0][7]_i_1/O
                         net (fo=1, unplaced)         0.000     0.803    u_kernel_regfile/p_0_in[7]
                         FDCE                                         r  u_kernel_regfile/coef_reg[0][7]/D
  -------------------------------------------------------------------    -------------------

                         (clock clk rise edge)        0.000     0.000 r  
                                                      0.000     0.000 r  clk (IN)
                         net (fo=849, unset)          0.432     0.432    u_kernel_regfile/clk
                         FDCE                                         r  u_kernel_regfile/coef_reg[0][7]/C
                         clock pessimism              0.000     0.432    
                         FDCE (Hold_fdce_C_D)         0.120     0.552    u_kernel_regfile/coef_reg[0][7]
  -------------------------------------------------------------------
                         required time                         -0.552    
                         arrival time                           0.803    
  -------------------------------------------------------------------
                         slack                                  0.252    





Pulse Width Checks
--------------------------------------------------------------------------------------
Clock Name:         clk
Waveform(ns):       { 0.000 3.333 }
Period(ns):         6.667
Sources:            { clk }

Check Type        Corner  Lib Pin      Reference Pin  Required(ns)  Actual(ns)  Slack(ns)  Location  Pin
Min Period        n/a     FDCE/C       n/a            1.000         6.667       5.667                u_adder_tree/s1_reg[0][12]/C
Min Period        n/a     FDCE/C       n/a            1.000         6.667       5.667                u_adder_tree/s1_reg[0][13]/C
Min Period        n/a     FDCE/C       n/a            1.000         6.667       5.667                u_adder_tree/s1_reg[0][14]/C
Min Period        n/a     FDCE/C       n/a            1.000         6.667       5.667                u_adder_tree/s1_reg[0][15]/C
Min Period        n/a     FDCE/C       n/a            1.000         6.667       5.667                u_adder_tree/s1_reg[0][16]/C
Min Period        n/a     FDCE/C       n/a            1.000         6.667       5.667                u_adder_tree/s1_reg[0][17]/C
Min Period        n/a     FDCE/C       n/a            1.000         6.667       5.667                u_adder_tree/s1_reg[0][1]/C
Min Period        n/a     FDCE/C       n/a            1.000         6.667       5.667                u_adder_tree/s1_reg[0][2]/C
Min Period        n/a     FDCE/C       n/a            1.000         6.667       5.667                u_adder_tree/s1_reg[0][3]/C
Min Period        n/a     FDCE/C       n/a            1.000         6.667       5.667                u_adder_tree/s1_reg[0][4]/C
Low Pulse Width   Slow    SRL16E/CLK   n/a            0.980         3.333       2.353                u_ctrl_fsm/meta_bank_reg[3][0]_srl4_u_ctrl_fsm_meta_valid_reg_c_1/CLK
Low Pulse Width   Slow    SRL16E/CLK   n/a            0.980         3.333       2.353                u_ctrl_fsm/meta_bank_reg[3][1]_srl4_u_ctrl_fsm_meta_valid_reg_c_1/CLK
Low Pulse Width   Slow    SRL16E/CLK   n/a            0.980         3.333       2.353                u_ctrl_fsm/meta_last_reg[3]_srl5_u_ctrl_fsm_meta_valid_reg_c_2/CLK
Low Pulse Width   Slow    SRL16E/CLK   n/a            0.980         3.333       2.353                u_ctrl_fsm/meta_valid_reg[3]_srl5_u_ctrl_fsm_meta_valid_reg_c_2/CLK
Low Pulse Width   Slow    SRLC32E/CLK  n/a            0.980         3.333       2.353                u_line_window/g_delay[0].srl_reg[28][0]_srl29/CLK
Low Pulse Width   Slow    SRLC32E/CLK  n/a            0.980         3.333       2.353                u_line_window/g_delay[0].srl_reg[28][1]_srl29/CLK
Low Pulse Width   Slow    SRLC32E/CLK  n/a            0.980         3.333       2.353                u_line_window/g_delay[0].srl_reg[28][2]_srl29/CLK
Low Pulse Width   Slow    SRLC32E/CLK  n/a            0.980         3.333       2.353                u_line_window/g_delay[0].srl_reg[28][3]_srl29/CLK
Low Pulse Width   Slow    SRLC32E/CLK  n/a            0.980         3.333       2.353                u_line_window/g_delay[0].srl_reg[28][4]_srl29/CLK
Low Pulse Width   Slow    SRLC32E/CLK  n/a            0.980         3.333       2.353                u_line_window/g_delay[0].srl_reg[28][5]_srl29/CLK
High Pulse Width  Fast    SRL16E/CLK   n/a            0.980         3.333       2.353                u_ctrl_fsm/meta_bank_reg[3][0]_srl4_u_ctrl_fsm_meta_valid_reg_c_1/CLK
High Pulse Width  Fast    SRL16E/CLK   n/a            0.980         3.333       2.353                u_ctrl_fsm/meta_bank_reg[3][1]_srl4_u_ctrl_fsm_meta_valid_reg_c_1/CLK
High Pulse Width  Fast    SRL16E/CLK   n/a            0.980         3.333       2.353                u_ctrl_fsm/meta_last_reg[3]_srl5_u_ctrl_fsm_meta_valid_reg_c_2/CLK
High Pulse Width  Fast    SRL16E/CLK   n/a            0.980         3.333       2.353                u_ctrl_fsm/meta_valid_reg[3]_srl5_u_ctrl_fsm_meta_valid_reg_c_2/CLK
High Pulse Width  Fast    SRLC32E/CLK  n/a            0.980         3.333       2.353                u_line_window/g_delay[0].srl_reg[28][0]_srl29/CLK
High Pulse Width  Fast    SRLC32E/CLK  n/a            0.980         3.333       2.353                u_line_window/g_delay[0].srl_reg[28][1]_srl29/CLK
High Pulse Width  Fast    SRLC32E/CLK  n/a            0.980         3.333       2.353                u_line_window/g_delay[0].srl_reg[28][2]_srl29/CLK
High Pulse Width  Fast    SRLC32E/CLK  n/a            0.980         3.333       2.353                u_line_window/g_delay[0].srl_reg[28][3]_srl29/CLK
High Pulse Width  Fast    SRLC32E/CLK  n/a            0.980         3.333       2.353                u_line_window/g_delay[0].srl_reg[28][4]_srl29/CLK
High Pulse Width  Fast    SRLC32E/CLK  n/a            0.980         3.333       2.353                u_line_window/g_delay[0].srl_reg[28][5]_srl29/CLK



