Copyright 1986-2018 Xilinx, Inc. All Rights Reserved.
--------------------------------------------------------------------------------------------------------------------------------------------------------------------
| Tool Version : Vivado v.2018.2 (win64) Build 2258646 Thu Jun 14 20:03:12 MDT 2018
| Date         : Tue Sep 15 12:19:50 2026
| Host         : Eng_Ahmed running 64-bit major release  (build 9200)
| Command      : report_timing_summary -delay_type min_max -max_paths 10 -input_pins -file D:/Digital_IC_Design/SSCS_Design_Competition/fpga/reports/dsp/timing.rpt
| Design       : conv_top
| Device       : 7z020-clg400
| Speed File   : -1  PRODUCTION 1.11 2014-09-11
--------------------------------------------------------------------------------------------------------------------------------------------------------------------

Timing Summary Report

------------------------------------------------------------------------------------------------
| Timer Settings
| --------------
------------------------------------------------------------------------------------------------

  Enable Multi Corner Analysis               :  Yes
  Enable Pessimism Removal                   :  Yes
  Pessimism Removal Resolution               :  Nearest Common Node
  Enable Input Delay Default Clock           :  No
  Enable Preset / Clear Arcs                 :  No
  Disable Flight Delays                      :  No
  Ignore I/O Paths                           :  No
  Timing Early Launch at Borrowing Latches   :  false

  Corner  Analyze    Analyze    
  Name    Max Paths  Min Paths  
  ------  ---------  ---------  
  Slow    Yes        Yes        
  Fast    Yes        Yes        



check_timing report

Table of Contents
-----------------
1. checking no_clock
2. checking constant_clock
3. checking pulse_width_clock
4. checking unconstrained_internal_endpoints
5. checking no_input_delay
6. checking no_output_delay
7. checking multiple_clock
8. checking generated_clocks
9. checking loops
10. checking partial_input_delay
11. checking partial_output_delay
12. checking latch_loops

1. checking no_clock
--------------------
 There are 0 register/latch pins with no clock.


2. checking constant_clock
--------------------------
 There are 0 register/latch pins with constant_clock.


3. checking pulse_width_clock
-----------------------------
 There are 0 register/latch pins which need pulse_width check


4. checking unconstrained_internal_endpoints
--------------------------------------------
 There are 0 pins that are not constrained for maximum delay.

 There are 0 pins that are not constrained for maximum delay due to constant clock.


5. checking no_input_delay
--------------------------
 There are 33 input ports with no input delay specified. (HIGH)

 There is 1 input port with no input delay but user has a false path constraint. (MEDIUM)


6. checking no_output_delay
---------------------------
 There are 23 ports with no output delay specified. (HIGH)

 There are 0 ports with no output delay but user has a false path constraint

 There are 0 ports with no output delay but with a timing clock defined on it or propagating through it


7. checking multiple_clock
--------------------------
 There are 0 register/latch pins with multiple clocks.


8. checking generated_clocks
----------------------------
 There are 0 generated clocks that are not connected to a clock source.


9. checking loops
-----------------
 There are 0 combinational loops in the design.


10. checking partial_input_delay
--------------------------------
 There are 0 input ports with partial input delay specified.


11. checking partial_output_delay
---------------------------------
 There are 0 ports with partial output delay specified.


12. checking latch_loops
------------------------
 There are 0 combinational latch loops in the design through latch input



------------------------------------------------------------------------------------------------
| Design Timing Summary
| ---------------------
------------------------------------------------------------------------------------------------

    WNS(ns)      TNS(ns)  TNS Failing Endpoints  TNS Total Endpoints      WHS(ns)      THS(ns)  THS Failing Endpoints  THS Total Endpoints     WPWS(ns)     TPWS(ns)  TPWS Failing Endpoints  TPWS Total Endpoints  
    -------      -------  ---------------------  -------------------      -------      -------  ---------------------  -------------------     --------     --------  ----------------------  --------------------  
      1.377        0.000                      0                  893        0.085        0.000                      0                  893        3.020        0.000                       0                   635  


All user specified timing constraints are met.


------------------------------------------------------------------------------------------------
| Clock Summary
| -------------
------------------------------------------------------------------------------------------------

Clock  Waveform(ns)         Period(ns)      Frequency(MHz)
-----  ------------         ----------      --------------
clk    {0.000 4.000}        8.000           125.000         


------------------------------------------------------------------------------------------------
| Intra Clock Table
| -----------------
------------------------------------------------------------------------------------------------

Clock             WNS(ns)      TNS(ns)  TNS Failing Endpoints  TNS Total Endpoints      WHS(ns)      THS(ns)  THS Failing Endpoints  THS Total Endpoints     WPWS(ns)     TPWS(ns)  TPWS Failing Endpoints  TPWS Total Endpoints  
-----             -------      -------  ---------------------  -------------------      -------      -------  ---------------------  -------------------     --------     --------  ----------------------  --------------------  
clk                 1.377        0.000                      0                  893        0.085        0.000                      0                  893        3.020        0.000                       0                   635  


------------------------------------------------------------------------------------------------
| Inter Clock Table
| -----------------
------------------------------------------------------------------------------------------------

From Clock    To Clock          WNS(ns)      TNS(ns)  TNS Failing Endpoints  TNS Total Endpoints      WHS(ns)      THS(ns)  THS Failing Endpoints  THS Total Endpoints  
----------    --------          -------      -------  ---------------------  -------------------      -------      -------  ---------------------  -------------------  


------------------------------------------------------------------------------------------------
| Other Path Groups Table
| -----------------------
------------------------------------------------------------------------------------------------

Path Group    From Clock    To Clock          WNS(ns)      TNS(ns)  TNS Failing Endpoints  TNS Total Endpoints      WHS(ns)      THS(ns)  THS Failing Endpoints  THS Total Endpoints  
----------    ----------    --------          -------      -------  ---------------------  -------------------      -------      -------  ---------------------  -------------------  


------------------------------------------------------------------------------------------------
| Timing Details
| --------------
------------------------------------------------------------------------------------------------


---------------------------------------------------------------------------------------------------
From Clock:  clk
  To Clock:  clk

Setup :            0  Failing Endpoints,  Worst Slack        1.377ns,  Total Violation        0.000ns
Hold  :            0  Failing Endpoints,  Worst Slack        0.085ns,  Total Violation        0.000ns
PW    :            0  Failing Endpoints,  Worst Slack        3.020ns,  Total Violation        0.000ns
---------------------------------------------------------------------------------------------------


Max Delay Paths
--------------------------------------------------------------------------------------
Slack (MET) :             1.377ns  (required time - arrival time)
  Source:                 u_ctrl_fsm/bank_sel_reg[1]/C
                            (rising edge-triggered cell FDCE clocked by clk  {rise@0.000ns fall@4.000ns period=8.000ns})
  Destination:            u_mac_array/p_0_out__2/B[15]
                            (rising edge-triggered cell DSP48E1 clocked by clk  {rise@0.000ns fall@4.000ns period=8.000ns})
  Path Group:             clk
  Path Type:              Setup (Max at Slow Process Corner)
  Requirement:            8.000ns  (clk rise@8.000ns - clk rise@0.000ns)
  Data Path Delay:        3.003ns  (logic 0.580ns (19.313%)  route 2.423ns (80.687%))
  Logic Levels:           1  (LUT6=1)
  Clock Path Skew:        -0.049ns (DCD - SCD + CPR)
    Destination Clock Delay (DCD):    0.924ns = ( 8.924 - 8.000 ) 
    Source Clock Delay      (SCD):    0.973ns
    Clock Pessimism Removal (CPR):    0.000ns
  Clock Uncertainty:      0.035ns  ((TSJ^2 + TIJ^2)^1/2 + DJ) / 2 + PE
    Total System Jitter     (TSJ):    0.071ns
    Total Input Jitter      (TIJ):    0.000ns
    Discrete Jitter          (DJ):    0.000ns
    Phase Error              (PE):    0.000ns

    Location             Delay type                Incr(ns)  Path(ns)    Netlist Resource(s)
  -------------------------------------------------------------------    -------------------
                         (clock clk rise edge)        0.000     0.000 r  
                                                      0.000     0.000 r  clk (IN)
                         net (fo=634, unset)          0.973     0.973    u_ctrl_fsm/clk
    SLICE_X44Y37         FDCE                                         r  u_ctrl_fsm/bank_sel_reg[1]/C
  -------------------------------------------------------------------    -------------------
    SLICE_X44Y37         FDCE (Prop_fdce_C_Q)         0.456     1.429 r  u_ctrl_fsm/bank_sel_reg[1]/Q
                         net (fo=74, routed)          1.481     2.910    u_kernel_regfile/Q[1]
    SLICE_X39Y30                                                      r  u_kernel_regfile/p_0_out__2_i_1/I4
    SLICE_X39Y30         LUT6 (Prop_lut6_I4_O)        0.124     3.034 r  u_kernel_regfile/p_0_out__2_i_1/O
                         net (fo=11, routed)          0.942     3.976    u_mac_array/coef[3][7]
    DSP48_X2Y11          DSP48E1                                      r  u_mac_array/p_0_out__2/B[15]
  -------------------------------------------------------------------    -------------------

                         (clock clk rise edge)        8.000     8.000 r  
                                                      0.000     8.000 r  clk (IN)
                         net (fo=634, unset)          0.924     8.924    u_mac_array/clk
    DSP48_X2Y11          DSP48E1                                      r  u_mac_array/p_0_out__2/CLK
                         clock pessimism              0.000     8.924    
                         clock uncertainty           -0.035     8.889    
    DSP48_X2Y11          DSP48E1 (Setup_dsp48e1_CLK_B[15])
                                                     -3.536     5.353    u_mac_array/p_0_out__2
  -------------------------------------------------------------------
                         required time                          5.353    
                         arrival time                          -3.976    
  -------------------------------------------------------------------
                         slack                                  1.377    

Slack (MET) :             1.377ns  (required time - arrival time)
  Source:                 u_ctrl_fsm/bank_sel_reg[1]/C
                            (rising edge-triggered cell FDCE clocked by clk  {rise@0.000ns fall@4.000ns period=8.000ns})
  Destination:            u_mac_array/p_0_out__2/B[8]
                            (rising edge-triggered cell DSP48E1 clocked by clk  {rise@0.000ns fall@4.000ns period=8.000ns})
  Path Group:             clk
  Path Type:              Setup (Max at Slow Process Corner)
  Requirement:            8.000ns  (clk rise@8.000ns - clk rise@0.000ns)
  Data Path Delay:        3.003ns  (logic 0.580ns (19.313%)  route 2.423ns (80.687%))
  Logic Levels:           1  (LUT6=1)
  Clock Path Skew:        -0.049ns (DCD - SCD + CPR)
    Destination Clock Delay (DCD):    0.924ns = ( 8.924 - 8.000 ) 
    Source Clock Delay      (SCD):    0.973ns
    Clock Pessimism Removal (CPR):    0.000ns
  Clock Uncertainty:      0.035ns  ((TSJ^2 + TIJ^2)^1/2 + DJ) / 2 + PE
    Total System Jitter     (TSJ):    0.071ns
    Total Input Jitter      (TIJ):    0.000ns
    Discrete Jitter          (DJ):    0.000ns
    Phase Error              (PE):    0.000ns

    Location             Delay type                Incr(ns)  Path(ns)    Netlist Resource(s)
  -------------------------------------------------------------------    -------------------
                         (clock clk rise edge)        0.000     0.000 r  
                                                      0.000     0.000 r  clk (IN)
                         net (fo=634, unset)          0.973     0.973    u_ctrl_fsm/clk
    SLICE_X44Y37         FDCE                                         r  u_ctrl_fsm/bank_sel_reg[1]/C
  -------------------------------------------------------------------    -------------------
    SLICE_X44Y37         FDCE (Prop_fdce_C_Q)         0.456     1.429 r  u_ctrl_fsm/bank_sel_reg[1]/Q
                         net (fo=74, routed)          1.481     2.910    u_kernel_regfile/Q[1]
    SLICE_X39Y30                                                      r  u_kernel_regfile/p_0_out__2_i_1/I4
    SLICE_X39Y30         LUT6 (Prop_lut6_I4_O)        0.124     3.034 r  u_kernel_regfile/p_0_out__2_i_1/O
                         net (fo=11, routed)          0.942     3.976    u_mac_array/coef[3][7]
    DSP48_X2Y11          DSP48E1                                      r  u_mac_array/p_0_out__2/B[8]
  -------------------------------------------------------------------    -------------------

                         (clock clk rise edge)        8.000     8.000 r  
                                                      0.000     8.000 r  clk (IN)
                         net (fo=634, unset)          0.924     8.924    u_mac_array/clk
    DSP48_X2Y11          DSP48E1                                      r  u_mac_array/p_0_out__2/CLK
                         clock pessimism              0.000     8.924    
                         clock uncertainty           -0.035     8.889    
    DSP48_X2Y11          DSP48E1 (Setup_dsp48e1_CLK_B[8])
                                                     -3.536     5.353    u_mac_array/p_0_out__2
  -------------------------------------------------------------------
                         required time                          5.353    
                         arrival time                          -3.976    
  -------------------------------------------------------------------
                         slack                                  1.377    

Slack (MET) :             1.467ns  (required time - arrival time)
  Source:                 u_ctrl_fsm/bank_sel_reg[0]/C
                            (rising edge-triggered cell FDCE clocked by clk  {rise@0.000ns fall@4.000ns period=8.000ns})
  Destination:            u_mac_array/p_0_out__1/B[11]
                            (rising edge-triggered cell DSP48E1 clocked by clk  {rise@0.000ns fall@4.000ns period=8.000ns})
  Path Group:             clk
  Path Type:              Setup (Max at Slow Process Corner)
  Requirement:            8.000ns  (clk rise@8.000ns - clk rise@0.000ns)
  Data Path Delay:        2.913ns  (logic 0.580ns (19.914%)  route 2.333ns (80.086%))
  Logic Levels:           1  (LUT6=1)
  Clock Path Skew:        -0.049ns (DCD - SCD + CPR)
    Destination Clock Delay (DCD):    0.924ns = ( 8.924 - 8.000 ) 
    Source Clock Delay      (SCD):    0.973ns
    Clock Pessimism Removal (CPR):    0.000ns
  Clock Uncertainty:      0.035ns  ((TSJ^2 + TIJ^2)^1/2 + DJ) / 2 + PE
    Total System Jitter     (TSJ):    0.071ns
    Total Input Jitter      (TIJ):    0.000ns
    Discrete Jitter          (DJ):    0.000ns
    Phase Error              (PE):    0.000ns

    Location             Delay type                Incr(ns)  Path(ns)    Netlist Resource(s)
  -------------------------------------------------------------------    -------------------
                         (clock clk rise edge)        0.000     0.000 r  
                                                      0.000     0.000 r  clk (IN)
                         net (fo=634, unset)          0.973     0.973    u_ctrl_fsm/clk
    SLICE_X44Y37         FDCE                                         r  u_ctrl_fsm/bank_sel_reg[0]/C
  -------------------------------------------------------------------    -------------------
    SLICE_X44Y37         FDCE (Prop_fdce_C_Q)         0.456     1.429 r  u_ctrl_fsm/bank_sel_reg[0]/Q
                         net (fo=75, routed)          1.523     2.952    u_kernel_regfile/Q[0]
    SLICE_X40Y28                                                      r  u_kernel_regfile/p_0_out__1_i_1/I3
    SLICE_X40Y28         LUT6 (Prop_lut6_I3_O)        0.124     3.076 r  u_kernel_regfile/p_0_out__1_i_1/O
                         net (fo=11, routed)          0.809     3.886    u_mac_array/coef[2][7]
    DSP48_X2Y10          DSP48E1                                      r  u_mac_array/p_0_out__1/B[11]
  -------------------------------------------------------------------    -------------------

                         (clock clk rise edge)        8.000     8.000 r  
                                                      0.000     8.000 r  clk (IN)
                         net (fo=634, unset)          0.924     8.924    u_mac_array/clk
    DSP48_X2Y10          DSP48E1                                      r  u_mac_array/p_0_out__1/CLK
                         clock pessimism              0.000     8.924    
                         clock uncertainty           -0.035     8.889    
    DSP48_X2Y10          DSP48E1 (Setup_dsp48e1_CLK_B[11])
                                                     -3.536     5.353    u_mac_array/p_0_out__1
  -------------------------------------------------------------------
                         required time                          5.353    
                         arrival time                          -3.886    
  -------------------------------------------------------------------
                         slack                                  1.467    

Slack (MET) :             1.481ns  (required time - arrival time)
  Source:                 u_ctrl_fsm/bank_sel_reg[1]/C
                            (rising edge-triggered cell FDCE clocked by clk  {rise@0.000ns fall@4.000ns period=8.000ns})
  Destination:            u_mac_array/p_0_out__2/B[11]
                            (rising edge-triggered cell DSP48E1 clocked by clk  {rise@0.000ns fall@4.000ns period=8.000ns})
  Path Group:             clk
  Path Type:              Setup (Max at Slow Process Corner)
  Requirement:            8.000ns  (clk rise@8.000ns - clk rise@0.000ns)
  Data Path Delay:        2.899ns  (logic 0.580ns (20.005%)  route 2.319ns (79.995%))
  Logic Levels:           1  (LUT6=1)
  Clock Path Skew:        -0.049ns (DCD - SCD + CPR)
    Destination Clock Delay (DCD):    0.924ns = ( 8.924 - 8.000 ) 
    Source Clock Delay      (SCD):    0.973ns
    Clock Pessimism Removal (CPR):    0.000ns
  Clock Uncertainty:      0.035ns  ((TSJ^2 + TIJ^2)^1/2 + DJ) / 2 + PE
    Total System Jitter     (TSJ):    0.071ns
    Total Input Jitter      (TIJ):    0.000ns
    Discrete Jitter          (DJ):    0.000ns
    Phase Error              (PE):    0.000ns

    Location             Delay type                Incr(ns)  Path(ns)    Netlist Resource(s)
  -------------------------------------------------------------------    -------------------
                         (clock clk rise edge)        0.000     0.000 r  
                                                      0.000     0.000 r  clk (IN)
                         net (fo=634, unset)          0.973     0.973    u_ctrl_fsm/clk
    SLICE_X44Y37         FDCE                                         r  u_ctrl_fsm/bank_sel_reg[1]/C
  -------------------------------------------------------------------    -------------------
    SLICE_X44Y37         FDCE (Prop_fdce_C_Q)         0.456     1.429 r  u_ctrl_fsm/bank_sel_reg[1]/Q
                         net (fo=74, routed)          1.481     2.910    u_kernel_regfile/Q[1]
    SLICE_X39Y30                                                      r  u_kernel_regfile/p_0_out__2_i_1/I4
    SLICE_X39Y30         LUT6 (Prop_lut6_I4_O)        0.124     3.034 r  u_kernel_regfile/p_0_out__2_i_1/O
                         net (fo=11, routed)          0.838     3.872    u_mac_array/coef[3][7]
    DSP48_X2Y11          DSP48E1                                      r  u_mac_array/p_0_out__2/B[11]
  -------------------------------------------------------------------    -------------------

                         (clock clk rise edge)        8.000     8.000 r  
                                                      0.000     8.000 r  clk (IN)
                         net (fo=634, unset)          0.924     8.924    u_mac_array/clk
    DSP48_X2Y11          DSP48E1                                      r  u_mac_array/p_0_out__2/CLK
                         clock pessimism              0.000     8.924    
                         clock uncertainty           -0.035     8.889    
    DSP48_X2Y11          DSP48E1 (Setup_dsp48e1_CLK_B[11])
                                                     -3.536     5.353    u_mac_array/p_0_out__2
  -------------------------------------------------------------------
                         required time                          5.353    
                         arrival time                          -3.872    
  -------------------------------------------------------------------
                         slack                                  1.481    

Slack (MET) :             1.481ns  (required time - arrival time)
  Source:                 u_ctrl_fsm/bank_sel_reg[0]/C
                            (rising edge-triggered cell FDCE clocked by clk  {rise@0.000ns fall@4.000ns period=8.000ns})
  Destination:            u_mac_array/p_0_out__1/B[13]
                            (rising edge-triggered cell DSP48E1 clocked by clk  {rise@0.000ns fall@4.000ns period=8.000ns})
  Path Group:             clk
  Path Type:              Setup (Max at Slow Process Corner)
  Requirement:            8.000ns  (clk rise@8.000ns - clk rise@0.000ns)
  Data Path Delay:        2.899ns  (logic 0.580ns (20.009%)  route 2.319ns (79.991%))
  Logic Levels:           1  (LUT6=1)
  Clock Path Skew:        -0.049ns (DCD - SCD + CPR)
    Destination Clock Delay (DCD):    0.924ns = ( 8.924 - 8.000 ) 
    Source Clock Delay      (SCD):    0.973ns
    Clock Pessimism Removal (CPR):    0.000ns
  Clock Uncertainty:      0.035ns  ((TSJ^2 + TIJ^2)^1/2 + DJ) / 2 + PE
    Total System Jitter     (TSJ):    0.071ns
    Total Input Jitter      (TIJ):    0.000ns
    Discrete Jitter          (DJ):    0.000ns
    Phase Error              (PE):    0.000ns

    Location             Delay type                Incr(ns)  Path(ns)    Netlist Resource(s)
  -------------------------------------------------------------------    -------------------
                         (clock clk rise edge)        0.000     0.000 r  
                                                      0.000     0.000 r  clk (IN)
                         net (fo=634, unset)          0.973     0.973    u_ctrl_fsm/clk
    SLICE_X44Y37         FDCE                                         r  u_ctrl_fsm/bank_sel_reg[0]/C
  -------------------------------------------------------------------    -------------------
    SLICE_X44Y37         FDCE (Prop_fdce_C_Q)         0.456     1.429 r  u_ctrl_fsm/bank_sel_reg[0]/Q
                         net (fo=75, routed)          1.523     2.952    u_kernel_regfile/Q[0]
    SLICE_X40Y28                                                      r  u_kernel_regfile/p_0_out__1_i_1/I3
    SLICE_X40Y28         LUT6 (Prop_lut6_I3_O)        0.124     3.076 r  u_kernel_regfile/p_0_out__1_i_1/O
                         net (fo=11, routed)          0.795     3.872    u_mac_array/coef[2][7]
    DSP48_X2Y10          DSP48E1                                      r  u_mac_array/p_0_out__1/B[13]
  -------------------------------------------------------------------    -------------------

                         (clock clk rise edge)        8.000     8.000 r  
                                                      0.000     8.000 r  clk (IN)
                         net (fo=634, unset)          0.924     8.924    u_mac_array/clk
    DSP48_X2Y10          DSP48E1                                      r  u_mac_array/p_0_out__1/CLK
                         clock pessimism              0.000     8.924    
                         clock uncertainty           -0.035     8.889    
    DSP48_X2Y10          DSP48E1 (Setup_dsp48e1_CLK_B[13])
                                                     -3.536     5.353    u_mac_array/p_0_out__1
  -------------------------------------------------------------------
                         required time                          5.353    
                         arrival time                          -3.872    
  -------------------------------------------------------------------
                         slack                                  1.481    

Slack (MET) :             1.517ns  (required time - arrival time)
  Source:                 u_ctrl_fsm/bank_sel_reg[0]/C
                            (rising edge-triggered cell FDCE clocked by clk  {rise@0.000ns fall@4.000ns period=8.000ns})
  Destination:            u_mac_array/p_0_out__1/B[7]
                            (rising edge-triggered cell DSP48E1 clocked by clk  {rise@0.000ns fall@4.000ns period=8.000ns})
  Path Group:             clk
  Path Type:              Setup (Max at Slow Process Corner)
  Requirement:            8.000ns  (clk rise@8.000ns - clk rise@0.000ns)
  Data Path Delay:        2.863ns  (logic 0.580ns (20.258%)  route 2.283ns (79.742%))
  Logic Levels:           1  (LUT6=1)
  Clock Path Skew:        -0.049ns (DCD - SCD + CPR)
    Destination Clock Delay (DCD):    0.924ns = ( 8.924 - 8.000 ) 
    Source Clock Delay      (SCD):    0.973ns
    Clock Pessimism Removal (CPR):    0.000ns
  Clock Uncertainty:      0.035ns  ((TSJ^2 + TIJ^2)^1/2 + DJ) / 2 + PE
    Total System Jitter     (TSJ):    0.071ns
    Total Input Jitter      (TIJ):    0.000ns
    Discrete Jitter          (DJ):    0.000ns
    Phase Error              (PE):    0.000ns

    Location             Delay type                Incr(ns)  Path(ns)    Netlist Resource(s)
  -------------------------------------------------------------------    -------------------
                         (clock clk rise edge)        0.000     0.000 r  
                                                      0.000     0.000 r  clk (IN)
                         net (fo=634, unset)          0.973     0.973    u_ctrl_fsm/clk
    SLICE_X44Y37         FDCE                                         r  u_ctrl_fsm/bank_sel_reg[0]/C
  -------------------------------------------------------------------    -------------------
    SLICE_X44Y37         FDCE (Prop_fdce_C_Q)         0.456     1.429 r  u_ctrl_fsm/bank_sel_reg[0]/Q
                         net (fo=75, routed)          1.523     2.952    u_kernel_regfile/Q[0]
    SLICE_X40Y28                                                      r  u_kernel_regfile/p_0_out__1_i_1/I3
    SLICE_X40Y28         LUT6 (Prop_lut6_I3_O)        0.124     3.076 r  u_kernel_regfile/p_0_out__1_i_1/O
                         net (fo=11, routed)          0.760     3.836    u_mac_array/coef[2][7]
    DSP48_X2Y10          DSP48E1                                      r  u_mac_array/p_0_out__1/B[7]
  -------------------------------------------------------------------    -------------------

                         (clock clk rise edge)        8.000     8.000 r  
                                                      0.000     8.000 r  clk (IN)
                         net (fo=634, unset)          0.924     8.924    u_mac_array/clk
    DSP48_X2Y10          DSP48E1                                      r  u_mac_array/p_0_out__1/CLK
                         clock pessimism              0.000     8.924    
                         clock uncertainty           -0.035     8.889    
    DSP48_X2Y10          DSP48E1 (Setup_dsp48e1_CLK_B[7])
                                                     -3.536     5.353    u_mac_array/p_0_out__1
  -------------------------------------------------------------------
                         required time                          5.353    
                         arrival time                          -3.836    
  -------------------------------------------------------------------
                         slack                                  1.517    

Slack (MET) :             1.522ns  (required time - arrival time)
  Source:                 u_ctrl_fsm/bank_sel_reg[0]/C
                            (rising edge-triggered cell FDCE clocked by clk  {rise@0.000ns fall@4.000ns period=8.000ns})
  Destination:            u_mac_array/p_0_out__1/B[8]
                            (rising edge-triggered cell DSP48E1 clocked by clk  {rise@0.000ns fall@4.000ns period=8.000ns})
  Path Group:             clk
  Path Type:              Setup (Max at Slow Process Corner)
  Requirement:            8.000ns  (clk rise@8.000ns - clk rise@0.000ns)
  Data Path Delay:        2.858ns  (logic 0.580ns (20.292%)  route 2.278ns (79.708%))
  Logic Levels:           1  (LUT6=1)
  Clock Path Skew:        -0.049ns (DCD - SCD + CPR)
    Destination Clock Delay (DCD):    0.924ns = ( 8.924 - 8.000 ) 
    Source Clock Delay      (SCD):    0.973ns
    Clock Pessimism Removal (CPR):    0.000ns
  Clock Uncertainty:      0.035ns  ((TSJ^2 + TIJ^2)^1/2 + DJ) / 2 + PE
    Total System Jitter     (TSJ):    0.071ns
    Total Input Jitter      (TIJ):    0.000ns
    Discrete Jitter          (DJ):    0.000ns
    Phase Error              (PE):    0.000ns

    Location             Delay type                Incr(ns)  Path(ns)    Netlist Resource(s)
  -------------------------------------------------------------------    -------------------
                         (clock clk rise edge)        0.000     0.000 r  
                                                      0.000     0.000 r  clk (IN)
                         net (fo=634, unset)          0.973     0.973    u_ctrl_fsm/clk
    SLICE_X44Y37         FDCE                                         r  u_ctrl_fsm/bank_sel_reg[0]/C
  -------------------------------------------------------------------    -------------------
    SLICE_X44Y37         FDCE (Prop_fdce_C_Q)         0.456     1.429 r  u_ctrl_fsm/bank_sel_reg[0]/Q
                         net (fo=75, routed)          1.523     2.952    u_kernel_regfile/Q[0]
    SLICE_X40Y28                                                      r  u_kernel_regfile/p_0_out__1_i_1/I3
    SLICE_X40Y28         LUT6 (Prop_lut6_I3_O)        0.124     3.076 r  u_kernel_regfile/p_0_out__1_i_1/O
                         net (fo=11, routed)          0.755     3.831    u_mac_array/coef[2][7]
    DSP48_X2Y10          DSP48E1                                      r  u_mac_array/p_0_out__1/B[8]
  -------------------------------------------------------------------    -------------------

                         (clock clk rise edge)        8.000     8.000 r  
                                                      0.000     8.000 r  clk (IN)
                         net (fo=634, unset)          0.924     8.924    u_mac_array/clk
    DSP48_X2Y10          DSP48E1                                      r  u_mac_array/p_0_out__1/CLK
                         clock pessimism              0.000     8.924    
                         clock uncertainty           -0.035     8.889    
    DSP48_X2Y10          DSP48E1 (Setup_dsp48e1_CLK_B[8])
                                                     -3.536     5.353    u_mac_array/p_0_out__1
  -------------------------------------------------------------------
                         required time                          5.353    
                         arrival time                          -3.831    
  -------------------------------------------------------------------
                         slack                                  1.522    

Slack (MET) :             1.532ns  (required time - arrival time)
  Source:                 u_ctrl_fsm/bank_sel_reg[0]/C
                            (rising edge-triggered cell FDCE clocked by clk  {rise@0.000ns fall@4.000ns period=8.000ns})
  Destination:            u_mac_array/p_0_out__1/B[10]
                            (rising edge-triggered cell DSP48E1 clocked by clk  {rise@0.000ns fall@4.000ns period=8.000ns})
  Path Group:             clk
  Path Type:              Setup (Max at Slow Process Corner)
  Requirement:            8.000ns  (clk rise@8.000ns - clk rise@0.000ns)
  Data Path Delay:        2.848ns  (logic 0.580ns (20.366%)  route 2.268ns (79.634%))
  Logic Levels:           1  (LUT6=1)
  Clock Path Skew:        -0.049ns (DCD - SCD + CPR)
    Destination Clock Delay (DCD):    0.924ns = ( 8.924 - 8.000 ) 
    Source Clock Delay      (SCD):    0.973ns
    Clock Pessimism Removal (CPR):    0.000ns
  Clock Uncertainty:      0.035ns  ((TSJ^2 + TIJ^2)^1/2 + DJ) / 2 + PE
    Total System Jitter     (TSJ):    0.071ns
    Total Input Jitter      (TIJ):    0.000ns
    Discrete Jitter          (DJ):    0.000ns
    Phase Error              (PE):    0.000ns

    Location             Delay type                Incr(ns)  Path(ns)    Netlist Resource(s)
  -------------------------------------------------------------------    -------------------
                         (clock clk rise edge)        0.000     0.000 r  
                                                      0.000     0.000 r  clk (IN)
                         net (fo=634, unset)          0.973     0.973    u_ctrl_fsm/clk
    SLICE_X44Y37         FDCE                                         r  u_ctrl_fsm/bank_sel_reg[0]/C
  -------------------------------------------------------------------    -------------------
    SLICE_X44Y37         FDCE (Prop_fdce_C_Q)         0.456     1.429 r  u_ctrl_fsm/bank_sel_reg[0]/Q
                         net (fo=75, routed)          1.523     2.952    u_kernel_regfile/Q[0]
    SLICE_X40Y28                                                      r  u_kernel_regfile/p_0_out__1_i_1/I3
    SLICE_X40Y28         LUT6 (Prop_lut6_I3_O)        0.124     3.076 r  u_kernel_regfile/p_0_out__1_i_1/O
                         net (fo=11, routed)          0.744     3.821    u_mac_array/coef[2][7]
    DSP48_X2Y10          DSP48E1                                      r  u_mac_array/p_0_out__1/B[10]
  -------------------------------------------------------------------    -------------------

                         (clock clk rise edge)        8.000     8.000 r  
                                                      0.000     8.000 r  clk (IN)
                         net (fo=634, unset)          0.924     8.924    u_mac_array/clk
    DSP48_X2Y10          DSP48E1                                      r  u_mac_array/p_0_out__1/CLK
                         clock pessimism              0.000     8.924    
                         clock uncertainty           -0.035     8.889    
    DSP48_X2Y10          DSP48E1 (Setup_dsp48e1_CLK_B[10])
                                                     -3.536     5.353    u_mac_array/p_0_out__1
  -------------------------------------------------------------------
                         required time                          5.353    
                         arrival time                          -3.821    
  -------------------------------------------------------------------
                         slack                                  1.532    

Slack (MET) :             1.549ns  (required time - arrival time)
  Source:                 u_ctrl_fsm/bank_sel_reg[1]/C
                            (rising edge-triggered cell FDCE clocked by clk  {rise@0.000ns fall@4.000ns period=8.000ns})
  Destination:            u_mac_array/p_0_out__2/B[17]
                            (rising edge-triggered cell DSP48E1 clocked by clk  {rise@0.000ns fall@4.000ns period=8.000ns})
  Path Group:             clk
  Path Type:              Setup (Max at Slow Process Corner)
  Requirement:            8.000ns  (clk rise@8.000ns - clk rise@0.000ns)
  Data Path Delay:        2.831ns  (logic 0.580ns (20.491%)  route 2.251ns (79.509%))
  Logic Levels:           1  (LUT6=1)
  Clock Path Skew:        -0.049ns (DCD - SCD + CPR)
    Destination Clock Delay (DCD):    0.924ns = ( 8.924 - 8.000 ) 
    Source Clock Delay      (SCD):    0.973ns
    Clock Pessimism Removal (CPR):    0.000ns
  Clock Uncertainty:      0.035ns  ((TSJ^2 + TIJ^2)^1/2 + DJ) / 2 + PE
    Total System Jitter     (TSJ):    0.071ns
    Total Input Jitter      (TIJ):    0.000ns
    Discrete Jitter          (DJ):    0.000ns
    Phase Error              (PE):    0.000ns

    Location             Delay type                Incr(ns)  Path(ns)    Netlist Resource(s)
  -------------------------------------------------------------------    -------------------
                         (clock clk rise edge)        0.000     0.000 r  
                                                      0.000     0.000 r  clk (IN)
                         net (fo=634, unset)          0.973     0.973    u_ctrl_fsm/clk
    SLICE_X44Y37         FDCE                                         r  u_ctrl_fsm/bank_sel_reg[1]/C
  -------------------------------------------------------------------    -------------------
    SLICE_X44Y37         FDCE (Prop_fdce_C_Q)         0.456     1.429 r  u_ctrl_fsm/bank_sel_reg[1]/Q
                         net (fo=74, routed)          1.481     2.910    u_kernel_regfile/Q[1]
    SLICE_X39Y30                                                      r  u_kernel_regfile/p_0_out__2_i_1/I4
    SLICE_X39Y30         LUT6 (Prop_lut6_I4_O)        0.124     3.034 r  u_kernel_regfile/p_0_out__2_i_1/O
                         net (fo=11, routed)          0.770     3.804    u_mac_array/coef[3][7]
    DSP48_X2Y11          DSP48E1                                      r  u_mac_array/p_0_out__2/B[17]
  -------------------------------------------------------------------    -------------------

                         (clock clk rise edge)        8.000     8.000 r  
                                                      0.000     8.000 r  clk (IN)
                         net (fo=634, unset)          0.924     8.924    u_mac_array/clk
    DSP48_X2Y11          DSP48E1                                      r  u_mac_array/p_0_out__2/CLK
                         clock pessimism              0.000     8.924    
                         clock uncertainty           -0.035     8.889    
    DSP48_X2Y11          DSP48E1 (Setup_dsp48e1_CLK_B[17])
                                                     -3.536     5.353    u_mac_array/p_0_out__2
  -------------------------------------------------------------------
                         required time                          5.353    
                         arrival time                          -3.804    
  -------------------------------------------------------------------
                         slack                                  1.549    

Slack (MET) :             1.550ns  (required time - arrival time)
  Source:                 u_ctrl_fsm/bank_sel_reg[0]/C
                            (rising edge-triggered cell FDCE clocked by clk  {rise@0.000ns fall@4.000ns period=8.000ns})
  Destination:            u_mac_array/p_0_out__1/B[17]
                            (rising edge-triggered cell DSP48E1 clocked by clk  {rise@0.000ns fall@4.000ns period=8.000ns})
  Path Group:             clk
  Path Type:              Setup (Max at Slow Process Corner)
  Requirement:            8.000ns  (clk rise@8.000ns - clk rise@0.000ns)
  Data Path Delay:        2.830ns  (logic 0.580ns (20.497%)  route 2.250ns (79.503%))
  Logic Levels:           1  (LUT6=1)
  Clock Path Skew:        -0.049ns (DCD - SCD + CPR)
    Destination Clock Delay (DCD):    0.924ns = ( 8.924 - 8.000 ) 
    Source Clock Delay      (SCD):    0.973ns
    Clock Pessimism Removal (CPR):    0.000ns
  Clock Uncertainty:      0.035ns  ((TSJ^2 + TIJ^2)^1/2 + DJ) / 2 + PE
    Total System Jitter     (TSJ):    0.071ns
    Total Input Jitter      (TIJ):    0.000ns
    Discrete Jitter          (DJ):    0.000ns
    Phase Error              (PE):    0.000ns

    Location             Delay type                Incr(ns)  Path(ns)    Netlist Resource(s)
  -------------------------------------------------------------------    -------------------
                         (clock clk rise edge)        0.000     0.000 r  
                                                      0.000     0.000 r  clk (IN)
                         net (fo=634, unset)          0.973     0.973    u_ctrl_fsm/clk
    SLICE_X44Y37         FDCE                                         r  u_ctrl_fsm/bank_sel_reg[0]/C
  -------------------------------------------------------------------    -------------------
    SLICE_X44Y37         FDCE (Prop_fdce_C_Q)         0.456     1.429 r  u_ctrl_fsm/bank_sel_reg[0]/Q
                         net (fo=75, routed)          1.523     2.952    u_kernel_regfile/Q[0]
    SLICE_X40Y28                                                      r  u_kernel_regfile/p_0_out__1_i_1/I3
    SLICE_X40Y28         LUT6 (Prop_lut6_I3_O)        0.124     3.076 r  u_kernel_regfile/p_0_out__1_i_1/O
                         net (fo=11, routed)          0.726     3.803    u_mac_array/coef[2][7]
    DSP48_X2Y10          DSP48E1                                      r  u_mac_array/p_0_out__1/B[17]
  -------------------------------------------------------------------    -------------------

                         (clock clk rise edge)        8.000     8.000 r  
                                                      0.000     8.000 r  clk (IN)
                         net (fo=634, unset)          0.924     8.924    u_mac_array/clk
    DSP48_X2Y10          DSP48E1                                      r  u_mac_array/p_0_out__1/CLK
                         clock pessimism              0.000     8.924    
                         clock uncertainty           -0.035     8.889    
    DSP48_X2Y10          DSP48E1 (Setup_dsp48e1_CLK_B[17])
                                                     -3.536     5.353    u_mac_array/p_0_out__1
  -------------------------------------------------------------------
                         required time                          5.353    
                         arrival time                          -3.803    
  -------------------------------------------------------------------
                         slack                                  1.550    





Min Delay Paths
--------------------------------------------------------------------------------------
Slack (MET) :             0.085ns  (arrival time - required time)
  Source:                 u_line_window/g_row[2].g_tap[0].taps_reg[2][0][7]/C
                            (rising edge-triggered cell FDCE clocked by clk  {rise@0.000ns fall@4.000ns period=8.000ns})
  Destination:            u_line_window/g_delay[1].srl_reg[28][7]_srl29/D
                            (rising edge-triggered cell SRLC32E clocked by clk  {rise@0.000ns fall@4.000ns period=8.000ns})
  Path Group:             clk
  Path Type:              Hold (Min at Fast Process Corner)
  Requirement:            0.000ns  (clk rise@0.000ns - clk rise@0.000ns)
  Data Path Delay:        0.289ns  (logic 0.164ns (56.686%)  route 0.125ns (43.314%))
  Logic Levels:           0  
  Clock Path Skew:        0.022ns (DCD - SCD - CPR)
    Destination Clock Delay (DCD):    0.432ns
    Source Clock Delay      (SCD):    0.410ns
    Clock Pessimism Removal (CPR):    -0.000ns

    Location             Delay type                Incr(ns)  Path(ns)    Netlist Resource(s)
  -------------------------------------------------------------------    -------------------
                         (clock clk rise edge)        0.000     0.000 r  
                                                      0.000     0.000 r  clk (IN)
                         net (fo=634, unset)          0.410     0.410    u_line_window/clk
    SLICE_X34Y38         FDCE                                         r  u_line_window/g_row[2].g_tap[0].taps_reg[2][0][7]/C
  -------------------------------------------------------------------    -------------------
    SLICE_X34Y38         FDCE (Prop_fdce_C_Q)         0.164     0.574 r  u_line_window/g_row[2].g_tap[0].taps_reg[2][0][7]/Q
                         net (fo=2, routed)           0.125     0.699    u_line_window/Q[7]
    SLICE_X34Y36         SRLC32E                                      r  u_line_window/g_delay[1].srl_reg[28][7]_srl29/D
  -------------------------------------------------------------------    -------------------

                         (clock clk rise edge)        0.000     0.000 r  
                                                      0.000     0.000 r  clk (IN)
                         net (fo=634, unset)          0.432     0.432    u_line_window/clk
    SLICE_X34Y36         SRLC32E                                      r  u_line_window/g_delay[1].srl_reg[28][7]_srl29/CLK
                         clock pessimism              0.000     0.432    
    SLICE_X34Y36         SRLC32E (Hold_srlc32e_CLK_D)
                                                      0.183     0.615    u_line_window/g_delay[1].srl_reg[28][7]_srl29
  -------------------------------------------------------------------
                         required time                         -0.615    
                         arrival time                           0.699    
  -------------------------------------------------------------------
                         slack                                  0.085    

Slack (MET) :             0.100ns  (arrival time - required time)
  Source:                 u_adder_tree/p8_a1_reg[15]/C
                            (rising edge-triggered cell FDCE clocked by clk  {rise@0.000ns fall@4.000ns period=8.000ns})
  Destination:            u_adder_tree/p8_a2_reg[15]/D
                            (rising edge-triggered cell FDCE clocked by clk  {rise@0.000ns fall@4.000ns period=8.000ns})
  Path Group:             clk
  Path Type:              Hold (Min at Fast Process Corner)
  Requirement:            0.000ns  (clk rise@0.000ns - clk rise@0.000ns)
  Data Path Delay:        0.197ns  (logic 0.141ns (71.611%)  route 0.056ns (28.389%))
  Logic Levels:           0  
  Clock Path Skew:        0.022ns (DCD - SCD - CPR)
    Destination Clock Delay (DCD):    0.432ns
    Source Clock Delay      (SCD):    0.410ns
    Clock Pessimism Removal (CPR):    -0.000ns

    Location             Delay type                Incr(ns)  Path(ns)    Netlist Resource(s)
  -------------------------------------------------------------------    -------------------
                         (clock clk rise edge)        0.000     0.000 r  
                                                      0.000     0.000 r  clk (IN)
                         net (fo=634, unset)          0.410     0.410    u_adder_tree/clk
    SLICE_X37Y38         FDCE                                         r  u_adder_tree/p8_a1_reg[15]/C
  -------------------------------------------------------------------    -------------------
    SLICE_X37Y38         FDCE (Prop_fdce_C_Q)         0.141     0.551 r  u_adder_tree/p8_a1_reg[15]/Q
                         net (fo=1, routed)           0.056     0.607    u_adder_tree/p8_a1[15]
    SLICE_X37Y38         FDCE                                         r  u_adder_tree/p8_a2_reg[15]/D
  -------------------------------------------------------------------    -------------------

                         (clock clk rise edge)        0.000     0.000 r  
                                                      0.000     0.000 r  clk (IN)
                         net (fo=634, unset)          0.432     0.432    u_adder_tree/clk
    SLICE_X37Y38         FDCE                                         r  u_adder_tree/p8_a2_reg[15]/C
                         clock pessimism              0.000     0.432    
    SLICE_X37Y38         FDCE (Hold_fdce_C_D)         0.075     0.507    u_adder_tree/p8_a2_reg[15]
  -------------------------------------------------------------------
                         required time                         -0.507    
                         arrival time                           0.607    
  -------------------------------------------------------------------
                         slack                                  0.100    

Slack (MET) :             0.104ns  (arrival time - required time)
  Source:                 u_adder_tree/p8_a1_reg[16]/C
                            (rising edge-triggered cell FDCE clocked by clk  {rise@0.000ns fall@4.000ns period=8.000ns})
  Destination:            u_adder_tree/p8_a2_reg[16]/D
                            (rising edge-triggered cell FDCE clocked by clk  {rise@0.000ns fall@4.000ns period=8.000ns})
  Path Group:             clk
  Path Type:              Hold (Min at Fast Process Corner)
  Requirement:            0.000ns  (clk rise@0.000ns - clk rise@0.000ns)
  Data Path Delay:        0.197ns  (logic 0.141ns (71.611%)  route 0.056ns (28.389%))
  Logic Levels:           0  
  Clock Path Skew:        0.022ns (DCD - SCD - CPR)
    Destination Clock Delay (DCD):    0.432ns
    Source Clock Delay      (SCD):    0.410ns
    Clock Pessimism Removal (CPR):    -0.000ns

    Location             Delay type                Incr(ns)  Path(ns)    Netlist Resource(s)
  -------------------------------------------------------------------    -------------------
                         (clock clk rise edge)        0.000     0.000 r  
                                                      0.000     0.000 r  clk (IN)
                         net (fo=634, unset)          0.410     0.410    u_adder_tree/clk
    SLICE_X37Y38         FDCE                                         r  u_adder_tree/p8_a1_reg[16]/C
  -------------------------------------------------------------------    -------------------
    SLICE_X37Y38         FDCE (Prop_fdce_C_Q)         0.141     0.551 r  u_adder_tree/p8_a1_reg[16]/Q
                         net (fo=1, routed)           0.056     0.607    u_adder_tree/p8_a1[16]
    SLICE_X37Y38         FDCE                                         r  u_adder_tree/p8_a2_reg[16]/D
  -------------------------------------------------------------------    -------------------

                         (clock clk rise edge)        0.000     0.000 r  
                                                      0.000     0.000 r  clk (IN)
                         net (fo=634, unset)          0.432     0.432    u_adder_tree/clk
    SLICE_X37Y38         FDCE                                         r  u_adder_tree/p8_a2_reg[16]/C
                         clock pessimism              0.000     0.432    
    SLICE_X37Y38         FDCE (Hold_fdce_C_D)         0.071     0.503    u_adder_tree/p8_a2_reg[16]
  -------------------------------------------------------------------
                         required time                         -0.503    
                         arrival time                           0.607    
  -------------------------------------------------------------------
                         slack                                  0.104    

Slack (MET) :             0.134ns  (arrival time - required time)
  Source:                 u_adder_tree/p8_a1_reg[3]/C
                            (rising edge-triggered cell FDCE clocked by clk  {rise@0.000ns fall@4.000ns period=8.000ns})
  Destination:            u_adder_tree/p8_a2_reg[3]/D
                            (rising edge-triggered cell FDCE clocked by clk  {rise@0.000ns fall@4.000ns period=8.000ns})
  Path Group:             clk
  Path Type:              Hold (Min at Fast Process Corner)
  Requirement:            0.000ns  (clk rise@0.000ns - clk rise@0.000ns)
  Data Path Delay:        0.220ns  (logic 0.164ns (74.580%)  route 0.056ns (25.420%))
  Logic Levels:           0  
  Clock Path Skew:        0.022ns (DCD - SCD - CPR)
    Destination Clock Delay (DCD):    0.432ns
    Source Clock Delay      (SCD):    0.410ns
    Clock Pessimism Removal (CPR):    -0.000ns

    Location             Delay type                Incr(ns)  Path(ns)    Netlist Resource(s)
  -------------------------------------------------------------------    -------------------
                         (clock clk rise edge)        0.000     0.000 r  
                                                      0.000     0.000 r  clk (IN)
                         net (fo=634, unset)          0.410     0.410    u_adder_tree/clk
    SLICE_X34Y33         FDCE                                         r  u_adder_tree/p8_a1_reg[3]/C
  -------------------------------------------------------------------    -------------------
    SLICE_X34Y33         FDCE (Prop_fdce_C_Q)         0.164     0.574 r  u_adder_tree/p8_a1_reg[3]/Q
                         net (fo=1, routed)           0.056     0.630    u_adder_tree/p8_a1[3]
    SLICE_X34Y33         FDCE                                         r  u_adder_tree/p8_a2_reg[3]/D
  -------------------------------------------------------------------    -------------------

                         (clock clk rise edge)        0.000     0.000 r  
                                                      0.000     0.000 r  clk (IN)
                         net (fo=634, unset)          0.432     0.432    u_adder_tree/clk
    SLICE_X34Y33         FDCE                                         r  u_adder_tree/p8_a2_reg[3]/C
                         clock pessimism              0.000     0.432    
    SLICE_X34Y33         FDCE (Hold_fdce_C_D)         0.064     0.496    u_adder_tree/p8_a2_reg[3]
  -------------------------------------------------------------------
                         required time                         -0.496    
                         arrival time                           0.630    
  -------------------------------------------------------------------
                         slack                                  0.134    

Slack (MET) :             0.134ns  (arrival time - required time)
  Source:                 u_adder_tree/p8_a1_reg[6]/C
                            (rising edge-triggered cell FDCE clocked by clk  {rise@0.000ns fall@4.000ns period=8.000ns})
  Destination:            u_adder_tree/p8_a2_reg[6]/D
                            (rising edge-triggered cell FDCE clocked by clk  {rise@0.000ns fall@4.000ns period=8.000ns})
  Path Group:             clk
  Path Type:              Hold (Min at Fast Process Corner)
  Requirement:            0.000ns  (clk rise@0.000ns - clk rise@0.000ns)
  Data Path Delay:        0.220ns  (logic 0.164ns (74.580%)  route 0.056ns (25.420%))
  Logic Levels:           0  
  Clock Path Skew:        0.022ns (DCD - SCD - CPR)
    Destination Clock Delay (DCD):    0.432ns
    Source Clock Delay      (SCD):    0.410ns
    Clock Pessimism Removal (CPR):    -0.000ns

    Location             Delay type                Incr(ns)  Path(ns)    Netlist Resource(s)
  -------------------------------------------------------------------    -------------------
                         (clock clk rise edge)        0.000     0.000 r  
                                                      0.000     0.000 r  clk (IN)
                         net (fo=634, unset)          0.410     0.410    u_adder_tree/clk
    SLICE_X34Y35         FDCE                                         r  u_adder_tree/p8_a1_reg[6]/C
  -------------------------------------------------------------------    -------------------
    SLICE_X34Y35         FDCE (Prop_fdce_C_Q)         0.164     0.574 r  u_adder_tree/p8_a1_reg[6]/Q
                         net (fo=1, routed)           0.056     0.630    u_adder_tree/p8_a1[6]
    SLICE_X34Y35         FDCE                                         r  u_adder_tree/p8_a2_reg[6]/D
  -------------------------------------------------------------------    -------------------

                         (clock clk rise edge)        0.000     0.000 r  
                                                      0.000     0.000 r  clk (IN)
                         net (fo=634, unset)          0.432     0.432    u_adder_tree/clk
    SLICE_X34Y35         FDCE                                         r  u_adder_tree/p8_a2_reg[6]/C
                         clock pessimism              0.000     0.432    
    SLICE_X34Y35         FDCE (Hold_fdce_C_D)         0.064     0.496    u_adder_tree/p8_a2_reg[6]
  -------------------------------------------------------------------
                         required time                         -0.496    
                         arrival time                           0.630    
  -------------------------------------------------------------------
                         slack                                  0.134    

Slack (MET) :             0.135ns  (arrival time - required time)
  Source:                 u_ctrl_fsm/pending_bank_reg[1]/C
                            (rising edge-triggered cell FDCE clocked by clk  {rise@0.000ns fall@4.000ns period=8.000ns})
  Destination:            u_ctrl_fsm/meta_bank_reg[3][1]_srl4_u_ctrl_fsm_meta_valid_reg_c_7/D
                            (rising edge-triggered cell SRL16E clocked by clk  {rise@0.000ns fall@4.000ns period=8.000ns})
  Path Group:             clk
  Path Type:              Hold (Min at Fast Process Corner)
  Requirement:            0.000ns  (clk rise@0.000ns - clk rise@0.000ns)
  Data Path Delay:        0.272ns  (logic 0.141ns (51.829%)  route 0.131ns (48.171%))
  Logic Levels:           0  
  Clock Path Skew:        0.022ns (DCD - SCD - CPR)
    Destination Clock Delay (DCD):    0.432ns
    Source Clock Delay      (SCD):    0.410ns
    Clock Pessimism Removal (CPR):    -0.000ns

    Location             Delay type                Incr(ns)  Path(ns)    Netlist Resource(s)
  -------------------------------------------------------------------    -------------------
                         (clock clk rise edge)        0.000     0.000 r  
                                                      0.000     0.000 r  clk (IN)
                         net (fo=634, unset)          0.410     0.410    u_ctrl_fsm/clk
    SLICE_X44Y38         FDCE                                         r  u_ctrl_fsm/pending_bank_reg[1]/C
  -------------------------------------------------------------------    -------------------
    SLICE_X44Y38         FDCE (Prop_fdce_C_Q)         0.141     0.551 r  u_ctrl_fsm/pending_bank_reg[1]/Q
                         net (fo=2, routed)           0.131     0.682    u_ctrl_fsm/pending_bank[1]
    SLICE_X42Y38         SRL16E                                       r  u_ctrl_fsm/meta_bank_reg[3][1]_srl4_u_ctrl_fsm_meta_valid_reg_c_7/D
  -------------------------------------------------------------------    -------------------

                         (clock clk rise edge)        0.000     0.000 r  
                                                      0.000     0.000 r  clk (IN)
                         net (fo=634, unset)          0.432     0.432    u_ctrl_fsm/clk
    SLICE_X42Y38         SRL16E                                       r  u_ctrl_fsm/meta_bank_reg[3][1]_srl4_u_ctrl_fsm_meta_valid_reg_c_7/CLK
                         clock pessimism              0.000     0.432    
    SLICE_X42Y38         SRL16E (Hold_srl16e_CLK_D)
                                                      0.115     0.547    u_ctrl_fsm/meta_bank_reg[3][1]_srl4_u_ctrl_fsm_meta_valid_reg_c_7
  -------------------------------------------------------------------
                         required time                         -0.547    
                         arrival time                           0.682    
  -------------------------------------------------------------------
                         slack                                  0.135    

Slack (MET) :             0.138ns  (arrival time - required time)
  Source:                 u_adder_tree/p8_a1_reg[0]/C
                            (rising edge-triggered cell FDCE clocked by clk  {rise@0.000ns fall@4.000ns period=8.000ns})
  Destination:            u_adder_tree/p8_a2_reg[0]/D
                            (rising edge-triggered cell FDCE clocked by clk  {rise@0.000ns fall@4.000ns period=8.000ns})
  Path Group:             clk
  Path Type:              Hold (Min at Fast Process Corner)
  Requirement:            0.000ns  (clk rise@0.000ns - clk rise@0.000ns)
  Data Path Delay:        0.220ns  (logic 0.164ns (74.580%)  route 0.056ns (25.420%))
  Logic Levels:           0  
  Clock Path Skew:        0.022ns (DCD - SCD - CPR)
    Destination Clock Delay (DCD):    0.432ns
    Source Clock Delay      (SCD):    0.410ns
    Clock Pessimism Removal (CPR):    -0.000ns

    Location             Delay type                Incr(ns)  Path(ns)    Netlist Resource(s)
  -------------------------------------------------------------------    -------------------
                         (clock clk rise edge)        0.000     0.000 r  
                                                      0.000     0.000 r  clk (IN)
                         net (fo=634, unset)          0.410     0.410    u_adder_tree/clk
    SLICE_X34Y33         FDCE                                         r  u_adder_tree/p8_a1_reg[0]/C
  -------------------------------------------------------------------    -------------------
    SLICE_X34Y33         FDCE (Prop_fdce_C_Q)         0.164     0.574 r  u_adder_tree/p8_a1_reg[0]/Q
                         net (fo=1, routed)           0.056     0.630    u_adder_tree/p8_a1[0]
    SLICE_X34Y33         FDCE                                         r  u_adder_tree/p8_a2_reg[0]/D
  -------------------------------------------------------------------    -------------------

                         (clock clk rise edge)        0.000     0.000 r  
                                                      0.000     0.000 r  clk (IN)
                         net (fo=634, unset)          0.432     0.432    u_adder_tree/clk
    SLICE_X34Y33         FDCE                                         r  u_adder_tree/p8_a2_reg[0]/C
                         clock pessimism              0.000     0.432    
    SLICE_X34Y33         FDCE (Hold_fdce_C_D)         0.060     0.492    u_adder_tree/p8_a2_reg[0]
  -------------------------------------------------------------------
                         required time                         -0.492    
                         arrival time                           0.630    
  -------------------------------------------------------------------
                         slack                                  0.138    

Slack (MET) :             0.138ns  (arrival time - required time)
  Source:                 u_adder_tree/p8_a1_reg[2]/C
                            (rising edge-triggered cell FDCE clocked by clk  {rise@0.000ns fall@4.000ns period=8.000ns})
  Destination:            u_adder_tree/p8_a2_reg[2]/D
                            (rising edge-triggered cell FDCE clocked by clk  {rise@0.000ns fall@4.000ns period=8.000ns})
  Path Group:             clk
  Path Type:              Hold (Min at Fast Process Corner)
  Requirement:            0.000ns  (clk rise@0.000ns - clk rise@0.000ns)
  Data Path Delay:        0.220ns  (logic 0.164ns (74.580%)  route 0.056ns (25.420%))
  Logic Levels:           0  
  Clock Path Skew:        0.022ns (DCD - SCD - CPR)
    Destination Clock Delay (DCD):    0.432ns
    Source Clock Delay      (SCD):    0.410ns
    Clock Pessimism Removal (CPR):    -0.000ns

    Location             Delay type                Incr(ns)  Path(ns)    Netlist Resource(s)
  -------------------------------------------------------------------    -------------------
                         (clock clk rise edge)        0.000     0.000 r  
                                                      0.000     0.000 r  clk (IN)
                         net (fo=634, unset)          0.410     0.410    u_adder_tree/clk
    SLICE_X38Y33         FDCE                                         r  u_adder_tree/p8_a1_reg[2]/C
  -------------------------------------------------------------------    -------------------
    SLICE_X38Y33         FDCE (Prop_fdce_C_Q)         0.164     0.574 r  u_adder_tree/p8_a1_reg[2]/Q
                         net (fo=1, routed)           0.056     0.630    u_adder_tree/p8_a1[2]
    SLICE_X38Y33         FDCE                                         r  u_adder_tree/p8_a2_reg[2]/D
  -------------------------------------------------------------------    -------------------

                         (clock clk rise edge)        0.000     0.000 r  
                                                      0.000     0.000 r  clk (IN)
                         net (fo=634, unset)          0.432     0.432    u_adder_tree/clk
    SLICE_X38Y33         FDCE                                         r  u_adder_tree/p8_a2_reg[2]/C
                         clock pessimism              0.000     0.432    
    SLICE_X38Y33         FDCE (Hold_fdce_C_D)         0.060     0.492    u_adder_tree/p8_a2_reg[2]
  -------------------------------------------------------------------
                         required time                         -0.492    
                         arrival time                           0.630    
  -------------------------------------------------------------------
                         slack                                  0.138    

Slack (MET) :             0.138ns  (arrival time - required time)
  Source:                 u_adder_tree/p8_a1_reg[4]/C
                            (rising edge-triggered cell FDCE clocked by clk  {rise@0.000ns fall@4.000ns period=8.000ns})
  Destination:            u_adder_tree/p8_a2_reg[4]/D
                            (rising edge-triggered cell FDCE clocked by clk  {rise@0.000ns fall@4.000ns period=8.000ns})
  Path Group:             clk
  Path Type:              Hold (Min at Fast Process Corner)
  Requirement:            0.000ns  (clk rise@0.000ns - clk rise@0.000ns)
  Data Path Delay:        0.220ns  (logic 0.164ns (74.580%)  route 0.056ns (25.420%))
  Logic Levels:           0  
  Clock Path Skew:        0.022ns (DCD - SCD - CPR)
    Destination Clock Delay (DCD):    0.432ns
    Source Clock Delay      (SCD):    0.410ns
    Clock Pessimism Removal (CPR):    -0.000ns

    Location             Delay type                Incr(ns)  Path(ns)    Netlist Resource(s)
  -------------------------------------------------------------------    -------------------
                         (clock clk rise edge)        0.000     0.000 r  
                                                      0.000     0.000 r  clk (IN)
                         net (fo=634, unset)          0.410     0.410    u_adder_tree/clk
    SLICE_X34Y35         FDCE                                         r  u_adder_tree/p8_a1_reg[4]/C
  -------------------------------------------------------------------    -------------------
    SLICE_X34Y35         FDCE (Prop_fdce_C_Q)         0.164     0.574 r  u_adder_tree/p8_a1_reg[4]/Q
                         net (fo=1, routed)           0.056     0.630    u_adder_tree/p8_a1[4]
    SLICE_X34Y35         FDCE                                         r  u_adder_tree/p8_a2_reg[4]/D
  -------------------------------------------------------------------    -------------------

                         (clock clk rise edge)        0.000     0.000 r  
                                                      0.000     0.000 r  clk (IN)
                         net (fo=634, unset)          0.432     0.432    u_adder_tree/clk
    SLICE_X34Y35         FDCE                                         r  u_adder_tree/p8_a2_reg[4]/C
                         clock pessimism              0.000     0.432    
    SLICE_X34Y35         FDCE (Hold_fdce_C_D)         0.060     0.492    u_adder_tree/p8_a2_reg[4]
  -------------------------------------------------------------------
                         required time                         -0.492    
                         arrival time                           0.630    
  -------------------------------------------------------------------
                         slack                                  0.138    

Slack (MET) :             0.144ns  (arrival time - required time)
  Source:                 u_normalize/rounded_q_reg[0]/C
                            (rising edge-triggered cell FDCE clocked by clk  {rise@0.000ns fall@4.000ns period=8.000ns})
  Destination:            u_normalize/res_reg[0]/D
                            (rising edge-triggered cell FDCE clocked by clk  {rise@0.000ns fall@4.000ns period=8.000ns})
  Path Group:             clk
  Path Type:              Hold (Min at Fast Process Corner)
  Requirement:            0.000ns  (clk rise@0.000ns - clk rise@0.000ns)
  Data Path Delay:        0.286ns  (logic 0.186ns (64.996%)  route 0.100ns (35.004%))
  Logic Levels:           1  (LUT5=1)
  Clock Path Skew:        0.022ns (DCD - SCD - CPR)
    Destination Clock Delay (DCD):    0.432ns
    Source Clock Delay      (SCD):    0.410ns
    Clock Pessimism Removal (CPR):    -0.000ns

    Location             Delay type                Incr(ns)  Path(ns)    Netlist Resource(s)
  -------------------------------------------------------------------    -------------------
                         (clock clk rise edge)        0.000     0.000 r  
                                                      0.000     0.000 r  clk (IN)
                         net (fo=634, unset)          0.410     0.410    u_normalize/clk
    SLICE_X41Y34         FDCE                                         r  u_normalize/rounded_q_reg[0]/C
  -------------------------------------------------------------------    -------------------
    SLICE_X41Y34         FDCE (Prop_fdce_C_Q)         0.141     0.551 r  u_normalize/rounded_q_reg[0]/Q
                         net (fo=1, routed)           0.100     0.651    u_normalize/rounded_q[0]
    SLICE_X42Y34                                                      r  u_normalize/res[0]_i_1/I4
    SLICE_X42Y34         LUT5 (Prop_lut5_I4_O)        0.045     0.696 r  u_normalize/res[0]_i_1/O
                         net (fo=1, routed)           0.000     0.696    u_normalize/p_0_in[0]
    SLICE_X42Y34         FDCE                                         r  u_normalize/res_reg[0]/D
  -------------------------------------------------------------------    -------------------

                         (clock clk rise edge)        0.000     0.000 r  
                                                      0.000     0.000 r  clk (IN)
                         net (fo=634, unset)          0.432     0.432    u_normalize/clk
    SLICE_X42Y34         FDCE                                         r  u_normalize/res_reg[0]/C
                         clock pessimism              0.000     0.432    
    SLICE_X42Y34         FDCE (Hold_fdce_C_D)         0.121     0.553    u_normalize/res_reg[0]
  -------------------------------------------------------------------
                         required time                         -0.553    
                         arrival time                           0.696    
  -------------------------------------------------------------------
                         slack                                  0.144    





Pulse Width Checks
--------------------------------------------------------------------------------------
Clock Name:         clk
Waveform(ns):       { 0.000 4.000 }
Period(ns):         8.000
Sources:            { clk }

Check Type        Corner  Lib Pin      Reference Pin  Required(ns)  Actual(ns)  Slack(ns)  Location      Pin
Min Period        n/a     DSP48E1/CLK  n/a            2.154         8.000       5.846      DSP48_X2Y12   u_mac_array/p_0_out__0/CLK
Min Period        n/a     DSP48E1/CLK  n/a            2.154         8.000       5.846      DSP48_X2Y10   u_mac_array/p_0_out__1/CLK
Min Period        n/a     DSP48E1/CLK  n/a            2.154         8.000       5.846      DSP48_X2Y11   u_mac_array/p_0_out__2/CLK
Min Period        n/a     DSP48E1/CLK  n/a            2.154         8.000       5.846      DSP48_X2Y17   u_mac_array/p_0_out__3/CLK
Min Period        n/a     DSP48E1/CLK  n/a            2.154         8.000       5.846      DSP48_X2Y18   u_mac_array/p_0_out__4/CLK
Min Period        n/a     DSP48E1/CLK  n/a            2.154         8.000       5.846      DSP48_X2Y14   u_mac_array/p_0_out__5/CLK
Min Period        n/a     DSP48E1/CLK  n/a            2.154         8.000       5.846      DSP48_X2Y16   u_mac_array/p_0_out__6/CLK
Min Period        n/a     DSP48E1/CLK  n/a            2.154         8.000       5.846      DSP48_X2Y15   u_mac_array/p_0_out__7/CLK
Min Period        n/a     DSP48E1/CLK  n/a            2.154         8.000       5.846      DSP48_X2Y13   u_mac_array/p_0_out/CLK
Min Period        n/a     FDCE/C       n/a            1.000         8.000       7.000      SLICE_X39Y33  p8_a1_reg[16]_i_2/C
Low Pulse Width   Fast    SRL16E/CLK   n/a            0.980         4.000       3.020      SLICE_X42Y38  u_ctrl_fsm/meta_bank_reg[3][0]_srl4_u_ctrl_fsm_meta_valid_reg_c_7/CLK
Low Pulse Width   Fast    SRL16E/CLK   n/a            0.980         4.000       3.020      SLICE_X42Y38  u_ctrl_fsm/meta_bank_reg[3][1]_srl4_u_ctrl_fsm_meta_valid_reg_c_7/CLK
Low Pulse Width   Fast    SRL16E/CLK   n/a            0.980         4.000       3.020      SLICE_X42Y38  u_ctrl_fsm/meta_last_reg[3]_srl5_u_ctrl_fsm_meta_valid_reg_c_8/CLK
Low Pulse Width   Fast    SRL16E/CLK   n/a            0.980         4.000       3.020      SLICE_X42Y38  u_ctrl_fsm/meta_valid_reg[3]_srl5_u_ctrl_fsm_meta_valid_reg_c_8/CLK
Low Pulse Width   Fast    SRLC32E/CLK  n/a            0.980         4.000       3.020      SLICE_X38Y29  u_line_window/g_delay[0].srl_reg[28][0]_srl29/CLK
Low Pulse Width   Fast    SRLC32E/CLK  n/a            0.980         4.000       3.020      SLICE_X34Y29  u_line_window/g_delay[0].srl_reg[28][1]_srl29/CLK
Low Pulse Width   Fast    SRLC32E/CLK  n/a            0.980         4.000       3.020      SLICE_X38Y29  u_line_window/g_delay[0].srl_reg[28][2]_srl29/CLK
Low Pulse Width   Fast    SRLC32E/CLK  n/a            0.980         4.000       3.020      SLICE_X38Y29  u_line_window/g_delay[0].srl_reg[28][3]_srl29/CLK
Low Pulse Width   Fast    SRLC32E/CLK  n/a            0.980         4.000       3.020      SLICE_X38Y29  u_line_window/g_delay[0].srl_reg[28][4]_srl29/CLK
Low Pulse Width   Fast    SRLC32E/CLK  n/a            0.980         4.000       3.020      SLICE_X34Y29  u_line_window/g_delay[0].srl_reg[28][5]_srl29/CLK
High Pulse Width  Slow    SRL16E/CLK   n/a            0.980         4.000       3.020      SLICE_X42Y38  u_ctrl_fsm/meta_bank_reg[3][0]_srl4_u_ctrl_fsm_meta_valid_reg_c_7/CLK
High Pulse Width  Fast    SRL16E/CLK   n/a            0.980         4.000       3.020      SLICE_X42Y38  u_ctrl_fsm/meta_bank_reg[3][0]_srl4_u_ctrl_fsm_meta_valid_reg_c_7/CLK
High Pulse Width  Slow    SRL16E/CLK   n/a            0.980         4.000       3.020      SLICE_X42Y38  u_ctrl_fsm/meta_bank_reg[3][1]_srl4_u_ctrl_fsm_meta_valid_reg_c_7/CLK
High Pulse Width  Fast    SRL16E/CLK   n/a            0.980         4.000       3.020      SLICE_X42Y38  u_ctrl_fsm/meta_bank_reg[3][1]_srl4_u_ctrl_fsm_meta_valid_reg_c_7/CLK
High Pulse Width  Slow    SRL16E/CLK   n/a            0.980         4.000       3.020      SLICE_X42Y38  u_ctrl_fsm/meta_last_reg[3]_srl5_u_ctrl_fsm_meta_valid_reg_c_8/CLK
High Pulse Width  Fast    SRL16E/CLK   n/a            0.980         4.000       3.020      SLICE_X42Y38  u_ctrl_fsm/meta_last_reg[3]_srl5_u_ctrl_fsm_meta_valid_reg_c_8/CLK
High Pulse Width  Slow    SRL16E/CLK   n/a            0.980         4.000       3.020      SLICE_X42Y38  u_ctrl_fsm/meta_valid_reg[3]_srl5_u_ctrl_fsm_meta_valid_reg_c_8/CLK
High Pulse Width  Fast    SRL16E/CLK   n/a            0.980         4.000       3.020      SLICE_X42Y38  u_ctrl_fsm/meta_valid_reg[3]_srl5_u_ctrl_fsm_meta_valid_reg_c_8/CLK
High Pulse Width  Slow    SRLC32E/CLK  n/a            0.980         4.000       3.020      SLICE_X38Y29  u_line_window/g_delay[0].srl_reg[28][0]_srl29/CLK
High Pulse Width  Fast    SRLC32E/CLK  n/a            0.980         4.000       3.020      SLICE_X38Y29  u_line_window/g_delay[0].srl_reg[28][0]_srl29/CLK



