Copyright 1986-2018 Xilinx, Inc. All Rights Reserved.
--------------------------------------------------------------------------------------------------------------------------------------------------------------
| Tool Version : Vivado v.2018.2 (win64) Build 2258646 Thu Jun 14 20:03:12 MDT 2018
| Date         : Tue Sep 22 02:07:51 2026
| Host         : Eng_Ahmed running 64-bit major release  (build 9200)
| Command      : report_timing_summary -delay_type min_max -max_paths 10 -file D:/Digital_IC_Design/SSCS_Design_Competition/fpga/reports/dsp/timing_synth.rpt
| Design       : conv_top
| Device       : 7z020-clg400
| Speed File   : -1  PRODUCTION 1.11 2014-09-11
--------------------------------------------------------------------------------------------------------------------------------------------------------------

Timing Summary Report

------------------------------------------------------------------------------------------------
| Timer Settings
| --------------
------------------------------------------------------------------------------------------------

  Enable Multi Corner Analysis               :  Yes
  Enable Pessimism Removal                   :  Yes
  Pessimism Removal Resolution               :  Nearest Common Node
  Enable Input Delay Default Clock           :  No
  Enable Preset / Clear Arcs                 :  No
  Disable Flight Delays                      :  No
  Ignore I/O Paths                           :  No
  Timing Early Launch at Borrowing Latches   :  false

  Corner  Analyze    Analyze    
  Name    Max Paths  Min Paths  
  ------  ---------  ---------  
  Slow    Yes        Yes        
  Fast    Yes        Yes        



check_timing report

Table of Contents
-----------------
1. checking no_clock
2. checking constant_clock
3. checking pulse_width_clock
4. checking unconstrained_internal_endpoints
5. checking no_input_delay
6. checking no_output_delay
7. checking multiple_clock
8. checking generated_clocks
9. checking loops
10. checking partial_input_delay
11. checking partial_output_delay
12. checking latch_loops

1. checking no_clock
--------------------
 There are 0 register/latch pins with no clock.


2. checking constant_clock
--------------------------
 There are 0 register/latch pins with constant_clock.


3. checking pulse_width_clock
-----------------------------
 There are 0 register/latch pins which need pulse_width check


4. checking unconstrained_internal_endpoints
--------------------------------------------
 There are 0 pins that are not constrained for maximum delay.

 There are 0 pins that are not constrained for maximum delay due to constant clock.


5. checking no_input_delay
--------------------------
 There are 0 input ports with no input delay specified.

 There are 0 input ports with no input delay but user has a false path constraint.


6. checking no_output_delay
---------------------------
 There are 0 ports with no output delay specified.

 There are 0 ports with no output delay but user has a false path constraint

 There are 0 ports with no output delay but with a timing clock defined on it or propagating through it


7. checking multiple_clock
--------------------------
 There are 0 register/latch pins with multiple clocks.


8. checking generated_clocks
----------------------------
 There are 0 generated clocks that are not connected to a clock source.


9. checking loops
-----------------
 There are 0 combinational loops in the design.


10. checking partial_input_delay
--------------------------------
 There are 0 input ports with partial input delay specified.


11. checking partial_output_delay
---------------------------------
 There are 0 ports with partial output delay specified.


12. checking latch_loops
------------------------
 There are 0 combinational latch loops in the design through latch input



------------------------------------------------------------------------------------------------
| Design Timing Summary
| ---------------------
------------------------------------------------------------------------------------------------

    WNS(ns)      TNS(ns)  TNS Failing Endpoints  TNS Total Endpoints      WHS(ns)      THS(ns)  THS Failing Endpoints  THS Total Endpoints     WPWS(ns)     TPWS(ns)  TPWS Failing Endpoints  TPWS Total Endpoints  
    -------      -------  ---------------------  -------------------      -------      -------  ---------------------  -------------------     --------     --------  ----------------------  --------------------  
      1.368        0.000                      0                 1576        0.224        0.000                      0                 1576        2.353        0.000                       0                   707  


All user specified timing constraints are met.


------------------------------------------------------------------------------------------------
| Clock Summary
| -------------
------------------------------------------------------------------------------------------------

Clock  Waveform(ns)         Period(ns)      Frequency(MHz)
-----  ------------         ----------      --------------
clk    {0.000 3.333}        6.667           149.992         


------------------------------------------------------------------------------------------------
| Intra Clock Table
| -----------------
------------------------------------------------------------------------------------------------

Clock             WNS(ns)      TNS(ns)  TNS Failing Endpoints  TNS Total Endpoints      WHS(ns)      THS(ns)  THS Failing Endpoints  THS Total Endpoints     WPWS(ns)     TPWS(ns)  TPWS Failing Endpoints  TPWS Total Endpoints  
-----             -------      -------  ---------------------  -------------------      -------      -------  ---------------------  -------------------     --------     --------  ----------------------  --------------------  
clk                 1.368        0.000                      0                 1576        0.224        0.000                      0                 1576        2.353        0.000                       0                   707  


------------------------------------------------------------------------------------------------
| Inter Clock Table
| -----------------
------------------------------------------------------------------------------------------------

From Clock    To Clock          WNS(ns)      TNS(ns)  TNS Failing Endpoints  TNS Total Endpoints      WHS(ns)      THS(ns)  THS Failing Endpoints  THS Total Endpoints  
----------    --------          -------      -------  ---------------------  -------------------      -------      -------  ---------------------  -------------------  


------------------------------------------------------------------------------------------------
| Other Path Groups Table
| -----------------------
------------------------------------------------------------------------------------------------

Path Group    From Clock    To Clock          WNS(ns)      TNS(ns)  TNS Failing Endpoints  TNS Total Endpoints      WHS(ns)      THS(ns)  THS Failing Endpoints  THS Total Endpoints  
----------    ----------    --------          -------      -------  ---------------------  -------------------      -------      -------  ---------------------  -------------------  


------------------------------------------------------------------------------------------------
| Timing Details
| --------------
------------------------------------------------------------------------------------------------


---------------------------------------------------------------------------------------------------
From Clock:  clk
  To Clock:  clk

Setup :            0  Failing Endpoints,  Worst Slack        1.368ns,  Total Violation        0.000ns
Hold  :            0  Failing Endpoints,  Worst Slack        0.224ns,  Total Violation        0.000ns
PW    :            0  Failing Endpoints,  Worst Slack        2.353ns,  Total Violation        0.000ns
---------------------------------------------------------------------------------------------------


Max Delay Paths
--------------------------------------------------------------------------------------
Slack (MET) :             1.368ns  (required time - arrival time)
  Source:                 u_line_window/g_row[0].g_tap[0].taps_reg[0][0][0]/C
                            (rising edge-triggered cell FDCE clocked by clk  {rise@0.000ns fall@3.333ns period=6.667ns})
  Destination:            u_mac_array/p_0_out/A[0]
                            (rising edge-triggered cell DSP48E1 clocked by clk  {rise@0.000ns fall@3.333ns period=6.667ns})
  Path Group:             clk
  Path Type:              Setup (Max at Slow Process Corner)
  Requirement:            6.667ns  (clk rise@6.667ns - clk rise@0.000ns)
  Data Path Delay:        1.318ns  (logic 0.518ns (39.310%)  route 0.800ns (60.690%))
  Logic Levels:           0  
  Clock Path Skew:        -0.049ns (DCD - SCD + CPR)
    Destination Clock Delay (DCD):    0.924ns = ( 7.591 - 6.667 ) 
    Source Clock Delay      (SCD):    0.973ns
    Clock Pessimism Removal (CPR):    0.000ns
  Clock Uncertainty:      0.035ns  ((TSJ^2 + TIJ^2)^1/2 + DJ) / 2 + PE
    Total System Jitter     (TSJ):    0.071ns
    Total Input Jitter      (TIJ):    0.000ns
    Discrete Jitter          (DJ):    0.000ns
    Phase Error              (PE):    0.000ns

    Location             Delay type                Incr(ns)  Path(ns)    Netlist Resource(s)
  -------------------------------------------------------------------    -------------------
                         (clock clk rise edge)        0.000     0.000 r  
                                                      0.000     0.000 r  clk (IN)
                         net (fo=706, unset)          0.973     0.973    u_line_window/clk
                         FDCE                                         r  u_line_window/g_row[0].g_tap[0].taps_reg[0][0][0]/C
  -------------------------------------------------------------------    -------------------
                         FDCE (Prop_fdce_C_Q)         0.518     1.491 r  u_line_window/g_row[0].g_tap[0].taps_reg[0][0][0]/Q
                         net (fo=1, unplaced)         0.800     2.291    u_mac_array/win[0][0][0]
                         DSP48E1                                      r  u_mac_array/p_0_out/A[0]
  -------------------------------------------------------------------    -------------------

                         (clock clk rise edge)        6.667     6.667 r  
                                                      0.000     6.667 r  clk (IN)
                         net (fo=706, unset)          0.924     7.591    u_mac_array/clk
                         DSP48E1                                      r  u_mac_array/p_0_out/CLK
                         clock pessimism              0.000     7.591    
                         clock uncertainty           -0.035     7.556    
                         DSP48E1 (Setup_dsp48e1_CLK_A[0])
                                                     -3.897     3.659    u_mac_array/p_0_out
  -------------------------------------------------------------------
                         required time                          3.659    
                         arrival time                          -2.291    
  -------------------------------------------------------------------
                         slack                                  1.368    

Slack (MET) :             1.368ns  (required time - arrival time)
  Source:                 u_line_window/g_row[0].g_tap[0].taps_reg[0][0][1]/C
                            (rising edge-triggered cell FDCE clocked by clk  {rise@0.000ns fall@3.333ns period=6.667ns})
  Destination:            u_mac_array/p_0_out/A[1]
                            (rising edge-triggered cell DSP48E1 clocked by clk  {rise@0.000ns fall@3.333ns period=6.667ns})
  Path Group:             clk
  Path Type:              Setup (Max at Slow Process Corner)
  Requirement:            6.667ns  (clk rise@6.667ns - clk rise@0.000ns)
  Data Path Delay:        1.318ns  (logic 0.518ns (39.310%)  route 0.800ns (60.690%))
  Logic Levels:           0  
  Clock Path Skew:        -0.049ns (DCD - SCD + CPR)
    Destination Clock Delay (DCD):    0.924ns = ( 7.591 - 6.667 ) 
    Source Clock Delay      (SCD):    0.973ns
    Clock Pessimism Removal (CPR):    0.000ns
  Clock Uncertainty:      0.035ns  ((TSJ^2 + TIJ^2)^1/2 + DJ) / 2 + PE
    Total System Jitter     (TSJ):    0.071ns
    Total Input Jitter      (TIJ):    0.000ns
    Discrete Jitter          (DJ):    0.000ns
    Phase Error              (PE):    0.000ns

    Location             Delay type                Incr(ns)  Path(ns)    Netlist Resource(s)
  -------------------------------------------------------------------    -------------------
                         (clock clk rise edge)        0.000     0.000 r  
                                                      0.000     0.000 r  clk (IN)
                         net (fo=706, unset)          0.973     0.973    u_line_window/clk
                         FDCE                                         r  u_line_window/g_row[0].g_tap[0].taps_reg[0][0][1]/C
  -------------------------------------------------------------------    -------------------
                         FDCE (Prop_fdce_C_Q)         0.518     1.491 r  u_line_window/g_row[0].g_tap[0].taps_reg[0][0][1]/Q
                         net (fo=1, unplaced)         0.800     2.291    u_mac_array/win[0][0][1]
                         DSP48E1                                      r  u_mac_array/p_0_out/A[1]
  -------------------------------------------------------------------    -------------------

                         (clock clk rise edge)        6.667     6.667 r  
                                                      0.000     6.667 r  clk (IN)
                         net (fo=706, unset)          0.924     7.591    u_mac_array/clk
                         DSP48E1                                      r  u_mac_array/p_0_out/CLK
                         clock pessimism              0.000     7.591    
                         clock uncertainty           -0.035     7.556    
                         DSP48E1 (Setup_dsp48e1_CLK_A[1])
                                                     -3.897     3.659    u_mac_array/p_0_out
  -------------------------------------------------------------------
                         required time                          3.659    
                         arrival time                          -2.291    
  -------------------------------------------------------------------
                         slack                                  1.368    

Slack (MET) :             1.368ns  (required time - arrival time)
  Source:                 u_line_window/g_row[0].g_tap[0].taps_reg[0][0][2]/C
                            (rising edge-triggered cell FDCE clocked by clk  {rise@0.000ns fall@3.333ns period=6.667ns})
  Destination:            u_mac_array/p_0_out/A[2]
                            (rising edge-triggered cell DSP48E1 clocked by clk  {rise@0.000ns fall@3.333ns period=6.667ns})
  Path Group:             clk
  Path Type:              Setup (Max at Slow Process Corner)
  Requirement:            6.667ns  (clk rise@6.667ns - clk rise@0.000ns)
  Data Path Delay:        1.318ns  (logic 0.518ns (39.310%)  route 0.800ns (60.690%))
  Logic Levels:           0  
  Clock Path Skew:        -0.049ns (DCD - SCD + CPR)
    Destination Clock Delay (DCD):    0.924ns = ( 7.591 - 6.667 ) 
    Source Clock Delay      (SCD):    0.973ns
    Clock Pessimism Removal (CPR):    0.000ns
  Clock Uncertainty:      0.035ns  ((TSJ^2 + TIJ^2)^1/2 + DJ) / 2 + PE
    Total System Jitter     (TSJ):    0.071ns
    Total Input Jitter      (TIJ):    0.000ns
    Discrete Jitter          (DJ):    0.000ns
    Phase Error              (PE):    0.000ns

    Location             Delay type                Incr(ns)  Path(ns)    Netlist Resource(s)
  -------------------------------------------------------------------    -------------------
                         (clock clk rise edge)        0.000     0.000 r  
                                                      0.000     0.000 r  clk (IN)
                         net (fo=706, unset)          0.973     0.973    u_line_window/clk
                         FDCE                                         r  u_line_window/g_row[0].g_tap[0].taps_reg[0][0][2]/C
  -------------------------------------------------------------------    -------------------
                         FDCE (Prop_fdce_C_Q)         0.518     1.491 r  u_line_window/g_row[0].g_tap[0].taps_reg[0][0][2]/Q
                         net (fo=1, unplaced)         0.800     2.291    u_mac_array/win[0][0][2]
                         DSP48E1                                      r  u_mac_array/p_0_out/A[2]
  -------------------------------------------------------------------    -------------------

                         (clock clk rise edge)        6.667     6.667 r  
                                                      0.000     6.667 r  clk (IN)
                         net (fo=706, unset)          0.924     7.591    u_mac_array/clk
                         DSP48E1                                      r  u_mac_array/p_0_out/CLK
                         clock pessimism              0.000     7.591    
                         clock uncertainty           -0.035     7.556    
                         DSP48E1 (Setup_dsp48e1_CLK_A[2])
                                                     -3.897     3.659    u_mac_array/p_0_out
  -------------------------------------------------------------------
                         required time                          3.659    
                         arrival time                          -2.291    
  -------------------------------------------------------------------
                         slack                                  1.368    

Slack (MET) :             1.368ns  (required time - arrival time)
  Source:                 u_line_window/g_row[0].g_tap[0].taps_reg[0][0][3]/C
                            (rising edge-triggered cell FDCE clocked by clk  {rise@0.000ns fall@3.333ns period=6.667ns})
  Destination:            u_mac_array/p_0_out/A[3]
                            (rising edge-triggered cell DSP48E1 clocked by clk  {rise@0.000ns fall@3.333ns period=6.667ns})
  Path Group:             clk
  Path Type:              Setup (Max at Slow Process Corner)
  Requirement:            6.667ns  (clk rise@6.667ns - clk rise@0.000ns)
  Data Path Delay:        1.318ns  (logic 0.518ns (39.310%)  route 0.800ns (60.690%))
  Logic Levels:           0  
  Clock Path Skew:        -0.049ns (DCD - SCD + CPR)
    Destination Clock Delay (DCD):    0.924ns = ( 7.591 - 6.667 ) 
    Source Clock Delay      (SCD):    0.973ns
    Clock Pessimism Removal (CPR):    0.000ns
  Clock Uncertainty:      0.035ns  ((TSJ^2 + TIJ^2)^1/2 + DJ) / 2 + PE
    Total System Jitter     (TSJ):    0.071ns
    Total Input Jitter      (TIJ):    0.000ns
    Discrete Jitter          (DJ):    0.000ns
    Phase Error              (PE):    0.000ns

    Location             Delay type                Incr(ns)  Path(ns)    Netlist Resource(s)
  -------------------------------------------------------------------    -------------------
                         (clock clk rise edge)        0.000     0.000 r  
                                                      0.000     0.000 r  clk (IN)
                         net (fo=706, unset)          0.973     0.973    u_line_window/clk
                         FDCE                                         r  u_line_window/g_row[0].g_tap[0].taps_reg[0][0][3]/C
  -------------------------------------------------------------------    -------------------
                         FDCE (Prop_fdce_C_Q)         0.518     1.491 r  u_line_window/g_row[0].g_tap[0].taps_reg[0][0][3]/Q
                         net (fo=1, unplaced)         0.800     2.291    u_mac_array/win[0][0][3]
                         DSP48E1                                      r  u_mac_array/p_0_out/A[3]
  -------------------------------------------------------------------    -------------------

                         (clock clk rise edge)        6.667     6.667 r  
                                                      0.000     6.667 r  clk (IN)
                         net (fo=706, unset)          0.924     7.591    u_mac_array/clk
                         DSP48E1                                      r  u_mac_array/p_0_out/CLK
                         clock pessimism              0.000     7.591    
                         clock uncertainty           -0.035     7.556    
                         DSP48E1 (Setup_dsp48e1_CLK_A[3])
                                                     -3.897     3.659    u_mac_array/p_0_out
  -------------------------------------------------------------------
                         required time                          3.659    
                         arrival time                          -2.291    
  -------------------------------------------------------------------
                         slack                                  1.368    

Slack (MET) :             1.368ns  (required time - arrival time)
  Source:                 u_line_window/g_row[0].g_tap[0].taps_reg[0][0][4]/C
                            (rising edge-triggered cell FDCE clocked by clk  {rise@0.000ns fall@3.333ns period=6.667ns})
  Destination:            u_mac_array/p_0_out/A[4]
                            (rising edge-triggered cell DSP48E1 clocked by clk  {rise@0.000ns fall@3.333ns period=6.667ns})
  Path Group:             clk
  Path Type:              Setup (Max at Slow Process Corner)
  Requirement:            6.667ns  (clk rise@6.667ns - clk rise@0.000ns)
  Data Path Delay:        1.318ns  (logic 0.518ns (39.310%)  route 0.800ns (60.690%))
  Logic Levels:           0  
  Clock Path Skew:        -0.049ns (DCD - SCD + CPR)
    Destination Clock Delay (DCD):    0.924ns = ( 7.591 - 6.667 ) 
    Source Clock Delay      (SCD):    0.973ns
    Clock Pessimism Removal (CPR):    0.000ns
  Clock Uncertainty:      0.035ns  ((TSJ^2 + TIJ^2)^1/2 + DJ) / 2 + PE
    Total System Jitter     (TSJ):    0.071ns
    Total Input Jitter      (TIJ):    0.000ns
    Discrete Jitter          (DJ):    0.000ns
    Phase Error              (PE):    0.000ns

    Location             Delay type                Incr(ns)  Path(ns)    Netlist Resource(s)
  -------------------------------------------------------------------    -------------------
                         (clock clk rise edge)        0.000     0.000 r  
                                                      0.000     0.000 r  clk (IN)
                         net (fo=706, unset)          0.973     0.973    u_line_window/clk
                         FDCE                                         r  u_line_window/g_row[0].g_tap[0].taps_reg[0][0][4]/C
  -------------------------------------------------------------------    -------------------
                         FDCE (Prop_fdce_C_Q)         0.518     1.491 r  u_line_window/g_row[0].g_tap[0].taps_reg[0][0][4]/Q
                         net (fo=1, unplaced)         0.800     2.291    u_mac_array/win[0][0][4]
                         DSP48E1                                      r  u_mac_array/p_0_out/A[4]
  -------------------------------------------------------------------    -------------------

                         (clock clk rise edge)        6.667     6.667 r  
                                                      0.000     6.667 r  clk (IN)
                         net (fo=706, unset)          0.924     7.591    u_mac_array/clk
                         DSP48E1                                      r  u_mac_array/p_0_out/CLK
                         clock pessimism              0.000     7.591    
                         clock uncertainty           -0.035     7.556    
                         DSP48E1 (Setup_dsp48e1_CLK_A[4])
                                                     -3.897     3.659    u_mac_array/p_0_out
  -------------------------------------------------------------------
                         required time                          3.659    
                         arrival time                          -2.291    
  -------------------------------------------------------------------
                         slack                                  1.368    

Slack (MET) :             1.368ns  (required time - arrival time)
  Source:                 u_line_window/g_row[0].g_tap[0].taps_reg[0][0][5]/C
                            (rising edge-triggered cell FDCE clocked by clk  {rise@0.000ns fall@3.333ns period=6.667ns})
  Destination:            u_mac_array/p_0_out/A[5]
                            (rising edge-triggered cell DSP48E1 clocked by clk  {rise@0.000ns fall@3.333ns period=6.667ns})
  Path Group:             clk
  Path Type:              Setup (Max at Slow Process Corner)
  Requirement:            6.667ns  (clk rise@6.667ns - clk rise@0.000ns)
  Data Path Delay:        1.318ns  (logic 0.518ns (39.310%)  route 0.800ns (60.690%))
  Logic Levels:           0  
  Clock Path Skew:        -0.049ns (DCD - SCD + CPR)
    Destination Clock Delay (DCD):    0.924ns = ( 7.591 - 6.667 ) 
    Source Clock Delay      (SCD):    0.973ns
    Clock Pessimism Removal (CPR):    0.000ns
  Clock Uncertainty:      0.035ns  ((TSJ^2 + TIJ^2)^1/2 + DJ) / 2 + PE
    Total System Jitter     (TSJ):    0.071ns
    Total Input Jitter      (TIJ):    0.000ns
    Discrete Jitter          (DJ):    0.000ns
    Phase Error              (PE):    0.000ns

    Location             Delay type                Incr(ns)  Path(ns)    Netlist Resource(s)
  -------------------------------------------------------------------    -------------------
                         (clock clk rise edge)        0.000     0.000 r  
                                                      0.000     0.000 r  clk (IN)
                         net (fo=706, unset)          0.973     0.973    u_line_window/clk
                         FDCE                                         r  u_line_window/g_row[0].g_tap[0].taps_reg[0][0][5]/C
  -------------------------------------------------------------------    -------------------
                         FDCE (Prop_fdce_C_Q)         0.518     1.491 r  u_line_window/g_row[0].g_tap[0].taps_reg[0][0][5]/Q
                         net (fo=1, unplaced)         0.800     2.291    u_mac_array/win[0][0][5]
                         DSP48E1                                      r  u_mac_array/p_0_out/A[5]
  -------------------------------------------------------------------    -------------------

                         (clock clk rise edge)        6.667     6.667 r  
                                                      0.000     6.667 r  clk (IN)
                         net (fo=706, unset)          0.924     7.591    u_mac_array/clk
                         DSP48E1                                      r  u_mac_array/p_0_out/CLK
                         clock pessimism              0.000     7.591    
                         clock uncertainty           -0.035     7.556    
                         DSP48E1 (Setup_dsp48e1_CLK_A[5])
                                                     -3.897     3.659    u_mac_array/p_0_out
  -------------------------------------------------------------------
                         required time                          3.659    
                         arrival time                          -2.291    
  -------------------------------------------------------------------
                         slack                                  1.368    

Slack (MET) :             1.368ns  (required time - arrival time)
  Source:                 u_line_window/g_row[0].g_tap[0].taps_reg[0][0][6]/C
                            (rising edge-triggered cell FDCE clocked by clk  {rise@0.000ns fall@3.333ns period=6.667ns})
  Destination:            u_mac_array/p_0_out/A[6]
                            (rising edge-triggered cell DSP48E1 clocked by clk  {rise@0.000ns fall@3.333ns period=6.667ns})
  Path Group:             clk
  Path Type:              Setup (Max at Slow Process Corner)
  Requirement:            6.667ns  (clk rise@6.667ns - clk rise@0.000ns)
  Data Path Delay:        1.318ns  (logic 0.518ns (39.310%)  route 0.800ns (60.690%))
  Logic Levels:           0  
  Clock Path Skew:        -0.049ns (DCD - SCD + CPR)
    Destination Clock Delay (DCD):    0.924ns = ( 7.591 - 6.667 ) 
    Source Clock Delay      (SCD):    0.973ns
    Clock Pessimism Removal (CPR):    0.000ns
  Clock Uncertainty:      0.035ns  ((TSJ^2 + TIJ^2)^1/2 + DJ) / 2 + PE
    Total System Jitter     (TSJ):    0.071ns
    Total Input Jitter      (TIJ):    0.000ns
    Discrete Jitter          (DJ):    0.000ns
    Phase Error              (PE):    0.000ns

    Location             Delay type                Incr(ns)  Path(ns)    Netlist Resource(s)
  -------------------------------------------------------------------    -------------------
                         (clock clk rise edge)        0.000     0.000 r  
                                                      0.000     0.000 r  clk (IN)
                         net (fo=706, unset)          0.973     0.973    u_line_window/clk
                         FDCE                                         r  u_line_window/g_row[0].g_tap[0].taps_reg[0][0][6]/C
  -------------------------------------------------------------------    -------------------
                         FDCE (Prop_fdce_C_Q)         0.518     1.491 r  u_line_window/g_row[0].g_tap[0].taps_reg[0][0][6]/Q
                         net (fo=1, unplaced)         0.800     2.291    u_mac_array/win[0][0][6]
                         DSP48E1                                      r  u_mac_array/p_0_out/A[6]
  -------------------------------------------------------------------    -------------------

                         (clock clk rise edge)        6.667     6.667 r  
                                                      0.000     6.667 r  clk (IN)
                         net (fo=706, unset)          0.924     7.591    u_mac_array/clk
                         DSP48E1                                      r  u_mac_array/p_0_out/CLK
                         clock pessimism              0.000     7.591    
                         clock uncertainty           -0.035     7.556    
                         DSP48E1 (Setup_dsp48e1_CLK_A[6])
                                                     -3.897     3.659    u_mac_array/p_0_out
  -------------------------------------------------------------------
                         required time                          3.659    
                         arrival time                          -2.291    
  -------------------------------------------------------------------
                         slack                                  1.368    

Slack (MET) :             1.368ns  (required time - arrival time)
  Source:                 u_line_window/g_row[0].g_tap[0].taps_reg[0][0][7]/C
                            (rising edge-triggered cell FDCE clocked by clk  {rise@0.000ns fall@3.333ns period=6.667ns})
  Destination:            u_mac_array/p_0_out/A[7]
                            (rising edge-triggered cell DSP48E1 clocked by clk  {rise@0.000ns fall@3.333ns period=6.667ns})
  Path Group:             clk
  Path Type:              Setup (Max at Slow Process Corner)
  Requirement:            6.667ns  (clk rise@6.667ns - clk rise@0.000ns)
  Data Path Delay:        1.318ns  (logic 0.518ns (39.310%)  route 0.800ns (60.690%))
  Logic Levels:           0  
  Clock Path Skew:        -0.049ns (DCD - SCD + CPR)
    Destination Clock Delay (DCD):    0.924ns = ( 7.591 - 6.667 ) 
    Source Clock Delay      (SCD):    0.973ns
    Clock Pessimism Removal (CPR):    0.000ns
  Clock Uncertainty:      0.035ns  ((TSJ^2 + TIJ^2)^1/2 + DJ) / 2 + PE
    Total System Jitter     (TSJ):    0.071ns
    Total Input Jitter      (TIJ):    0.000ns
    Discrete Jitter          (DJ):    0.000ns
    Phase Error              (PE):    0.000ns

    Location             Delay type                Incr(ns)  Path(ns)    Netlist Resource(s)
  -------------------------------------------------------------------    -------------------
                         (clock clk rise edge)        0.000     0.000 r  
                                                      0.000     0.000 r  clk (IN)
                         net (fo=706, unset)          0.973     0.973    u_line_window/clk
                         FDCE                                         r  u_line_window/g_row[0].g_tap[0].taps_reg[0][0][7]/C
  -------------------------------------------------------------------    -------------------
                         FDCE (Prop_fdce_C_Q)         0.518     1.491 r  u_line_window/g_row[0].g_tap[0].taps_reg[0][0][7]/Q
                         net (fo=1, unplaced)         0.800     2.291    u_mac_array/win[0][0][7]
                         DSP48E1                                      r  u_mac_array/p_0_out/A[7]
  -------------------------------------------------------------------    -------------------

                         (clock clk rise edge)        6.667     6.667 r  
                                                      0.000     6.667 r  clk (IN)
                         net (fo=706, unset)          0.924     7.591    u_mac_array/clk
                         DSP48E1                                      r  u_mac_array/p_0_out/CLK
                         clock pessimism              0.000     7.591    
                         clock uncertainty           -0.035     7.556    
                         DSP48E1 (Setup_dsp48e1_CLK_A[7])
                                                     -3.897     3.659    u_mac_array/p_0_out
  -------------------------------------------------------------------
                         required time                          3.659    
                         arrival time                          -2.291    
  -------------------------------------------------------------------
                         slack                                  1.368    

Slack (MET) :             1.368ns  (required time - arrival time)
  Source:                 u_line_window/g_row[0].g_tap[1].taps_reg[0][1][0]/C
                            (rising edge-triggered cell FDCE clocked by clk  {rise@0.000ns fall@3.333ns period=6.667ns})
  Destination:            u_mac_array/p_0_out__0/A[0]
                            (rising edge-triggered cell DSP48E1 clocked by clk  {rise@0.000ns fall@3.333ns period=6.667ns})
  Path Group:             clk
  Path Type:              Setup (Max at Slow Process Corner)
  Requirement:            6.667ns  (clk rise@6.667ns - clk rise@0.000ns)
  Data Path Delay:        1.318ns  (logic 0.518ns (39.310%)  route 0.800ns (60.690%))
  Logic Levels:           0  
  Clock Path Skew:        -0.049ns (DCD - SCD + CPR)
    Destination Clock Delay (DCD):    0.924ns = ( 7.591 - 6.667 ) 
    Source Clock Delay      (SCD):    0.973ns
    Clock Pessimism Removal (CPR):    0.000ns
  Clock Uncertainty:      0.035ns  ((TSJ^2 + TIJ^2)^1/2 + DJ) / 2 + PE
    Total System Jitter     (TSJ):    0.071ns
    Total Input Jitter      (TIJ):    0.000ns
    Discrete Jitter          (DJ):    0.000ns
    Phase Error              (PE):    0.000ns

    Location             Delay type                Incr(ns)  Path(ns)    Netlist Resource(s)
  -------------------------------------------------------------------    -------------------
                         (clock clk rise edge)        0.000     0.000 r  
                                                      0.000     0.000 r  clk (IN)
                         net (fo=706, unset)          0.973     0.973    u_line_window/clk
                         FDCE                                         r  u_line_window/g_row[0].g_tap[1].taps_reg[0][1][0]/C
  -------------------------------------------------------------------    -------------------
                         FDCE (Prop_fdce_C_Q)         0.518     1.491 r  u_line_window/g_row[0].g_tap[1].taps_reg[0][1][0]/Q
                         net (fo=2, unplaced)         0.800     2.291    u_mac_array/win[0][1][0]
                         DSP48E1                                      r  u_mac_array/p_0_out__0/A[0]
  -------------------------------------------------------------------    -------------------

                         (clock clk rise edge)        6.667     6.667 r  
                                                      0.000     6.667 r  clk (IN)
                         net (fo=706, unset)          0.924     7.591    u_mac_array/clk
                         DSP48E1                                      r  u_mac_array/p_0_out__0/CLK
                         clock pessimism              0.000     7.591    
                         clock uncertainty           -0.035     7.556    
                         DSP48E1 (Setup_dsp48e1_CLK_A[0])
                                                     -3.897     3.659    u_mac_array/p_0_out__0
  -------------------------------------------------------------------
                         required time                          3.659    
                         arrival time                          -2.291    
  -------------------------------------------------------------------
                         slack                                  1.368    

Slack (MET) :             1.368ns  (required time - arrival time)
  Source:                 u_line_window/g_row[0].g_tap[1].taps_reg[0][1][1]/C
                            (rising edge-triggered cell FDCE clocked by clk  {rise@0.000ns fall@3.333ns period=6.667ns})
  Destination:            u_mac_array/p_0_out__0/A[1]
                            (rising edge-triggered cell DSP48E1 clocked by clk  {rise@0.000ns fall@3.333ns period=6.667ns})
  Path Group:             clk
  Path Type:              Setup (Max at Slow Process Corner)
  Requirement:            6.667ns  (clk rise@6.667ns - clk rise@0.000ns)
  Data Path Delay:        1.318ns  (logic 0.518ns (39.310%)  route 0.800ns (60.690%))
  Logic Levels:           0  
  Clock Path Skew:        -0.049ns (DCD - SCD + CPR)
    Destination Clock Delay (DCD):    0.924ns = ( 7.591 - 6.667 ) 
    Source Clock Delay      (SCD):    0.973ns
    Clock Pessimism Removal (CPR):    0.000ns
  Clock Uncertainty:      0.035ns  ((TSJ^2 + TIJ^2)^1/2 + DJ) / 2 + PE
    Total System Jitter     (TSJ):    0.071ns
    Total Input Jitter      (TIJ):    0.000ns
    Discrete Jitter          (DJ):    0.000ns
    Phase Error              (PE):    0.000ns

    Location             Delay type                Incr(ns)  Path(ns)    Netlist Resource(s)
  -------------------------------------------------------------------    -------------------
                         (clock clk rise edge)        0.000     0.000 r  
                                                      0.000     0.000 r  clk (IN)
                         net (fo=706, unset)          0.973     0.973    u_line_window/clk
                         FDCE                                         r  u_line_window/g_row[0].g_tap[1].taps_reg[0][1][1]/C
  -------------------------------------------------------------------    -------------------
                         FDCE (Prop_fdce_C_Q)         0.518     1.491 r  u_line_window/g_row[0].g_tap[1].taps_reg[0][1][1]/Q
                         net (fo=2, unplaced)         0.800     2.291    u_mac_array/win[0][1][1]
                         DSP48E1                                      r  u_mac_array/p_0_out__0/A[1]
  -------------------------------------------------------------------    -------------------

                         (clock clk rise edge)        6.667     6.667 r  
                                                      0.000     6.667 r  clk (IN)
                         net (fo=706, unset)          0.924     7.591    u_mac_array/clk
                         DSP48E1                                      r  u_mac_array/p_0_out__0/CLK
                         clock pessimism              0.000     7.591    
                         clock uncertainty           -0.035     7.556    
                         DSP48E1 (Setup_dsp48e1_CLK_A[1])
                                                     -3.897     3.659    u_mac_array/p_0_out__0
  -------------------------------------------------------------------
                         required time                          3.659    
                         arrival time                          -2.291    
  -------------------------------------------------------------------
                         slack                                  1.368    





Min Delay Paths
--------------------------------------------------------------------------------------
Slack (MET) :             0.224ns  (arrival time - required time)
  Source:                 u_ctrl_fsm/pending_bank_reg[0]/C
                            (rising edge-triggered cell FDCE clocked by clk  {rise@0.000ns fall@3.333ns period=6.667ns})
  Destination:            u_ctrl_fsm/meta_bank_reg[3][0]_srl4_u_ctrl_fsm_meta_valid_reg_c_7/D
                            (rising edge-triggered cell SRL16E clocked by clk  {rise@0.000ns fall@3.333ns period=6.667ns})
  Path Group:             clk
  Path Type:              Hold (Min at Fast Process Corner)
  Requirement:            0.000ns  (clk rise@0.000ns - clk rise@0.000ns)
  Data Path Delay:        0.309ns  (logic 0.164ns (53.002%)  route 0.145ns (46.998%))
  Logic Levels:           0  
  Clock Path Skew:        0.022ns (DCD - SCD - CPR)
    Destination Clock Delay (DCD):    0.432ns
    Source Clock Delay      (SCD):    0.410ns
    Clock Pessimism Removal (CPR):    -0.000ns

    Location             Delay type                Incr(ns)  Path(ns)    Netlist Resource(s)
  -------------------------------------------------------------------    -------------------
                         (clock clk rise edge)        0.000     0.000 r  
                                                      0.000     0.000 r  clk (IN)
                         net (fo=706, unset)          0.410     0.410    u_ctrl_fsm/clk
                         FDCE                                         r  u_ctrl_fsm/pending_bank_reg[0]/C
  -------------------------------------------------------------------    -------------------
                         FDCE (Prop_fdce_C_Q)         0.164     0.574 r  u_ctrl_fsm/pending_bank_reg[0]/Q
                         net (fo=2, unplaced)         0.145     0.720    u_ctrl_fsm/pending_bank[0]
                         SRL16E                                       r  u_ctrl_fsm/meta_bank_reg[3][0]_srl4_u_ctrl_fsm_meta_valid_reg_c_7/D
  -------------------------------------------------------------------    -------------------

                         (clock clk rise edge)        0.000     0.000 r  
                                                      0.000     0.000 r  clk (IN)
                         net (fo=706, unset)          0.432     0.432    u_ctrl_fsm/clk
                         SRL16E                                       r  u_ctrl_fsm/meta_bank_reg[3][0]_srl4_u_ctrl_fsm_meta_valid_reg_c_7/CLK
                         clock pessimism              0.000     0.432    
                         SRL16E (Hold_srl16e_CLK_D)
                                                      0.064     0.496    u_ctrl_fsm/meta_bank_reg[3][0]_srl4_u_ctrl_fsm_meta_valid_reg_c_7
  -------------------------------------------------------------------
                         required time                         -0.496    
                         arrival time                           0.720    
  -------------------------------------------------------------------
                         slack                                  0.224    

Slack (MET) :             0.224ns  (arrival time - required time)
  Source:                 u_ctrl_fsm/pending_bank_reg[1]/C
                            (rising edge-triggered cell FDCE clocked by clk  {rise@0.000ns fall@3.333ns period=6.667ns})
  Destination:            u_ctrl_fsm/meta_bank_reg[3][1]_srl4_u_ctrl_fsm_meta_valid_reg_c_7/D
                            (rising edge-triggered cell SRL16E clocked by clk  {rise@0.000ns fall@3.333ns period=6.667ns})
  Path Group:             clk
  Path Type:              Hold (Min at Fast Process Corner)
  Requirement:            0.000ns  (clk rise@0.000ns - clk rise@0.000ns)
  Data Path Delay:        0.309ns  (logic 0.164ns (53.002%)  route 0.145ns (46.998%))
  Logic Levels:           0  
  Clock Path Skew:        0.022ns (DCD - SCD - CPR)
    Destination Clock Delay (DCD):    0.432ns
    Source Clock Delay      (SCD):    0.410ns
    Clock Pessimism Removal (CPR):    -0.000ns

    Location             Delay type                Incr(ns)  Path(ns)    Netlist Resource(s)
  -------------------------------------------------------------------    -------------------
                         (clock clk rise edge)        0.000     0.000 r  
                                                      0.000     0.000 r  clk (IN)
                         net (fo=706, unset)          0.410     0.410    u_ctrl_fsm/clk
                         FDCE                                         r  u_ctrl_fsm/pending_bank_reg[1]/C
  -------------------------------------------------------------------    -------------------
                         FDCE (Prop_fdce_C_Q)         0.164     0.574 r  u_ctrl_fsm/pending_bank_reg[1]/Q
                         net (fo=2, unplaced)         0.145     0.720    u_ctrl_fsm/pending_bank[1]
                         SRL16E                                       r  u_ctrl_fsm/meta_bank_reg[3][1]_srl4_u_ctrl_fsm_meta_valid_reg_c_7/D
  -------------------------------------------------------------------    -------------------

                         (clock clk rise edge)        0.000     0.000 r  
                                                      0.000     0.000 r  clk (IN)
                         net (fo=706, unset)          0.432     0.432    u_ctrl_fsm/clk
                         SRL16E                                       r  u_ctrl_fsm/meta_bank_reg[3][1]_srl4_u_ctrl_fsm_meta_valid_reg_c_7/CLK
                         clock pessimism              0.000     0.432    
                         SRL16E (Hold_srl16e_CLK_D)
                                                      0.064     0.496    u_ctrl_fsm/meta_bank_reg[3][1]_srl4_u_ctrl_fsm_meta_valid_reg_c_7
  -------------------------------------------------------------------
                         required time                         -0.496    
                         arrival time                           0.720    
  -------------------------------------------------------------------
                         slack                                  0.224    

Slack (MET) :             0.245ns  (arrival time - required time)
  Source:                 u_line_window/g_row[1].g_tap[0].taps_reg[1][0][0]/C
                            (rising edge-triggered cell FDCE clocked by clk  {rise@0.000ns fall@3.333ns period=6.667ns})
  Destination:            u_line_window/g_delay[0].srl_reg[28][0]_srl29/D
                            (rising edge-triggered cell SRLC32E clocked by clk  {rise@0.000ns fall@3.333ns period=6.667ns})
  Path Group:             clk
  Path Type:              Hold (Min at Fast Process Corner)
  Requirement:            0.000ns  (clk rise@0.000ns - clk rise@0.000ns)
  Data Path Delay:        0.331ns  (logic 0.164ns (49.622%)  route 0.167ns (50.378%))
  Logic Levels:           0  
  Clock Path Skew:        0.022ns (DCD - SCD - CPR)
    Destination Clock Delay (DCD):    0.432ns
    Source Clock Delay      (SCD):    0.410ns
    Clock Pessimism Removal (CPR):    -0.000ns

    Location             Delay type                Incr(ns)  Path(ns)    Netlist Resource(s)
  -------------------------------------------------------------------    -------------------
                         (clock clk rise edge)        0.000     0.000 r  
                                                      0.000     0.000 r  clk (IN)
                         net (fo=706, unset)          0.410     0.410    u_line_window/clk
                         FDCE                                         r  u_line_window/g_row[1].g_tap[0].taps_reg[1][0][0]/C
  -------------------------------------------------------------------    -------------------
                         FDCE (Prop_fdce_C_Q)         0.164     0.574 r  u_line_window/g_row[1].g_tap[0].taps_reg[1][0][0]/Q
                         net (fo=2, unplaced)         0.167     0.741    u_line_window/p_0_out__2[0]
                         SRLC32E                                      r  u_line_window/g_delay[0].srl_reg[28][0]_srl29/D
  -------------------------------------------------------------------    -------------------

                         (clock clk rise edge)        0.000     0.000 r  
                                                      0.000     0.000 r  clk (IN)
                         net (fo=706, unset)          0.432     0.432    u_line_window/clk
                         SRLC32E                                      r  u_line_window/g_delay[0].srl_reg[28][0]_srl29/CLK
                         clock pessimism              0.000     0.432    
                         SRLC32E (Hold_srlc32e_CLK_D)
                                                      0.064     0.496    u_line_window/g_delay[0].srl_reg[28][0]_srl29
  -------------------------------------------------------------------
                         required time                         -0.496    
                         arrival time                           0.741    
  -------------------------------------------------------------------
                         slack                                  0.245    

Slack (MET) :             0.245ns  (arrival time - required time)
  Source:                 u_line_window/g_row[1].g_tap[0].taps_reg[1][0][1]/C
                            (rising edge-triggered cell FDCE clocked by clk  {rise@0.000ns fall@3.333ns period=6.667ns})
  Destination:            u_line_window/g_delay[0].srl_reg[28][1]_srl29/D
                            (rising edge-triggered cell SRLC32E clocked by clk  {rise@0.000ns fall@3.333ns period=6.667ns})
  Path Group:             clk
  Path Type:              Hold (Min at Fast Process Corner)
  Requirement:            0.000ns  (clk rise@0.000ns - clk rise@0.000ns)
  Data Path Delay:        0.331ns  (logic 0.164ns (49.622%)  route 0.167ns (50.378%))
  Logic Levels:           0  
  Clock Path Skew:        0.022ns (DCD - SCD - CPR)
    Destination Clock Delay (DCD):    0.432ns
    Source Clock Delay      (SCD):    0.410ns
    Clock Pessimism Removal (CPR):    -0.000ns

    Location             Delay type                Incr(ns)  Path(ns)    Netlist Resource(s)
  -------------------------------------------------------------------    -------------------
                         (clock clk rise edge)        0.000     0.000 r  
                                                      0.000     0.000 r  clk (IN)
                         net (fo=706, unset)          0.410     0.410    u_line_window/clk
                         FDCE                                         r  u_line_window/g_row[1].g_tap[0].taps_reg[1][0][1]/C
  -------------------------------------------------------------------    -------------------
                         FDCE (Prop_fdce_C_Q)         0.164     0.574 r  u_line_window/g_row[1].g_tap[0].taps_reg[1][0][1]/Q
                         net (fo=2, unplaced)         0.167     0.741    u_line_window/p_0_out__2[1]
                         SRLC32E                                      r  u_line_window/g_delay[0].srl_reg[28][1]_srl29/D
  -------------------------------------------------------------------    -------------------

                         (clock clk rise edge)        0.000     0.000 r  
                                                      0.000     0.000 r  clk (IN)
                         net (fo=706, unset)          0.432     0.432    u_line_window/clk
                         SRLC32E                                      r  u_line_window/g_delay[0].srl_reg[28][1]_srl29/CLK
                         clock pessimism              0.000     0.432    
                         SRLC32E (Hold_srlc32e_CLK_D)
                                                      0.064     0.496    u_line_window/g_delay[0].srl_reg[28][1]_srl29
  -------------------------------------------------------------------
                         required time                         -0.496    
                         arrival time                           0.741    
  -------------------------------------------------------------------
                         slack                                  0.245    

Slack (MET) :             0.245ns  (arrival time - required time)
  Source:                 u_line_window/g_row[1].g_tap[0].taps_reg[1][0][2]/C
                            (rising edge-triggered cell FDCE clocked by clk  {rise@0.000ns fall@3.333ns period=6.667ns})
  Destination:            u_line_window/g_delay[0].srl_reg[28][2]_srl29/D
                            (rising edge-triggered cell SRLC32E clocked by clk  {rise@0.000ns fall@3.333ns period=6.667ns})
  Path Group:             clk
  Path Type:              Hold (Min at Fast Process Corner)
  Requirement:            0.000ns  (clk rise@0.000ns - clk rise@0.000ns)
  Data Path Delay:        0.331ns  (logic 0.164ns (49.622%)  route 0.167ns (50.378%))
  Logic Levels:           0  
  Clock Path Skew:        0.022ns (DCD - SCD - CPR)
    Destination Clock Delay (DCD):    0.432ns
    Source Clock Delay      (SCD):    0.410ns
    Clock Pessimism Removal (CPR):    -0.000ns

    Location             Delay type                Incr(ns)  Path(ns)    Netlist Resource(s)
  -------------------------------------------------------------------    -------------------
                         (clock clk rise edge)        0.000     0.000 r  
                                                      0.000     0.000 r  clk (IN)
                         net (fo=706, unset)          0.410     0.410    u_line_window/clk
                         FDCE                                         r  u_line_window/g_row[1].g_tap[0].taps_reg[1][0][2]/C
  -------------------------------------------------------------------    -------------------
                         FDCE (Prop_fdce_C_Q)         0.164     0.574 r  u_line_window/g_row[1].g_tap[0].taps_reg[1][0][2]/Q
                         net (fo=2, unplaced)         0.167     0.741    u_line_window/p_0_out__2[2]
                         SRLC32E                                      r  u_line_window/g_delay[0].srl_reg[28][2]_srl29/D
  -------------------------------------------------------------------    -------------------

                         (clock clk rise edge)        0.000     0.000 r  
                                                      0.000     0.000 r  clk (IN)
                         net (fo=706, unset)          0.432     0.432    u_line_window/clk
                         SRLC32E                                      r  u_line_window/g_delay[0].srl_reg[28][2]_srl29/CLK
                         clock pessimism              0.000     0.432    
                         SRLC32E (Hold_srlc32e_CLK_D)
                                                      0.064     0.496    u_line_window/g_delay[0].srl_reg[28][2]_srl29
  -------------------------------------------------------------------
                         required time                         -0.496    
                         arrival time                           0.741    
  -------------------------------------------------------------------
                         slack                                  0.245    

Slack (MET) :             0.245ns  (arrival time - required time)
  Source:                 u_line_window/g_row[1].g_tap[0].taps_reg[1][0][3]/C
                            (rising edge-triggered cell FDCE clocked by clk  {rise@0.000ns fall@3.333ns period=6.667ns})
  Destination:            u_line_window/g_delay[0].srl_reg[28][3]_srl29/D
                            (rising edge-triggered cell SRLC32E clocked by clk  {rise@0.000ns fall@3.333ns period=6.667ns})
  Path Group:             clk
  Path Type:              Hold (Min at Fast Process Corner)
  Requirement:            0.000ns  (clk rise@0.000ns - clk rise@0.000ns)
  Data Path Delay:        0.331ns  (logic 0.164ns (49.622%)  route 0.167ns (50.378%))
  Logic Levels:           0  
  Clock Path Skew:        0.022ns (DCD - SCD - CPR)
    Destination Clock Delay (DCD):    0.432ns
    Source Clock Delay      (SCD):    0.410ns
    Clock Pessimism Removal (CPR):    -0.000ns

    Location             Delay type                Incr(ns)  Path(ns)    Netlist Resource(s)
  -------------------------------------------------------------------    -------------------
                         (clock clk rise edge)        0.000     0.000 r  
                                                      0.000     0.000 r  clk (IN)
                         net (fo=706, unset)          0.410     0.410    u_line_window/clk
                         FDCE                                         r  u_line_window/g_row[1].g_tap[0].taps_reg[1][0][3]/C
  -------------------------------------------------------------------    -------------------
                         FDCE (Prop_fdce_C_Q)         0.164     0.574 r  u_line_window/g_row[1].g_tap[0].taps_reg[1][0][3]/Q
                         net (fo=2, unplaced)         0.167     0.741    u_line_window/p_0_out__2[3]
                         SRLC32E                                      r  u_line_window/g_delay[0].srl_reg[28][3]_srl29/D
  -------------------------------------------------------------------    -------------------

                         (clock clk rise edge)        0.000     0.000 r  
                                                      0.000     0.000 r  clk (IN)
                         net (fo=706, unset)          0.432     0.432    u_line_window/clk
                         SRLC32E                                      r  u_line_window/g_delay[0].srl_reg[28][3]_srl29/CLK
                         clock pessimism              0.000     0.432    
                         SRLC32E (Hold_srlc32e_CLK_D)
                                                      0.064     0.496    u_line_window/g_delay[0].srl_reg[28][3]_srl29
  -------------------------------------------------------------------
                         required time                         -0.496    
                         arrival time                           0.741    
  -------------------------------------------------------------------
                         slack                                  0.245    

Slack (MET) :             0.245ns  (arrival time - required time)
  Source:                 u_line_window/g_row[1].g_tap[0].taps_reg[1][0][4]/C
                            (rising edge-triggered cell FDCE clocked by clk  {rise@0.000ns fall@3.333ns period=6.667ns})
  Destination:            u_line_window/g_delay[0].srl_reg[28][4]_srl29/D
                            (rising edge-triggered cell SRLC32E clocked by clk  {rise@0.000ns fall@3.333ns period=6.667ns})
  Path Group:             clk
  Path Type:              Hold (Min at Fast Process Corner)
  Requirement:            0.000ns  (clk rise@0.000ns - clk rise@0.000ns)
  Data Path Delay:        0.331ns  (logic 0.164ns (49.622%)  route 0.167ns (50.378%))
  Logic Levels:           0  
  Clock Path Skew:        0.022ns (DCD - SCD - CPR)
    Destination Clock Delay (DCD):    0.432ns
    Source Clock Delay      (SCD):    0.410ns
    Clock Pessimism Removal (CPR):    -0.000ns

    Location             Delay type                Incr(ns)  Path(ns)    Netlist Resource(s)
  -------------------------------------------------------------------    -------------------
                         (clock clk rise edge)        0.000     0.000 r  
                                                      0.000     0.000 r  clk (IN)
                         net (fo=706, unset)          0.410     0.410    u_line_window/clk
                         FDCE                                         r  u_line_window/g_row[1].g_tap[0].taps_reg[1][0][4]/C
  -------------------------------------------------------------------    -------------------
                         FDCE (Prop_fdce_C_Q)         0.164     0.574 r  u_line_window/g_row[1].g_tap[0].taps_reg[1][0][4]/Q
                         net (fo=2, unplaced)         0.167     0.741    u_line_window/p_0_out__2[4]
                         SRLC32E                                      r  u_line_window/g_delay[0].srl_reg[28][4]_srl29/D
  -------------------------------------------------------------------    -------------------

                         (clock clk rise edge)        0.000     0.000 r  
                                                      0.000     0.000 r  clk (IN)
                         net (fo=706, unset)          0.432     0.432    u_line_window/clk
                         SRLC32E                                      r  u_line_window/g_delay[0].srl_reg[28][4]_srl29/CLK
                         clock pessimism              0.000     0.432    
                         SRLC32E (Hold_srlc32e_CLK_D)
                                                      0.064     0.496    u_line_window/g_delay[0].srl_reg[28][4]_srl29
  -------------------------------------------------------------------
                         required time                         -0.496    
                         arrival time                           0.741    
  -------------------------------------------------------------------
                         slack                                  0.245    

Slack (MET) :             0.245ns  (arrival time - required time)
  Source:                 u_line_window/g_row[1].g_tap[0].taps_reg[1][0][5]/C
                            (rising edge-triggered cell FDCE clocked by clk  {rise@0.000ns fall@3.333ns period=6.667ns})
  Destination:            u_line_window/g_delay[0].srl_reg[28][5]_srl29/D
                            (rising edge-triggered cell SRLC32E clocked by clk  {rise@0.000ns fall@3.333ns period=6.667ns})
  Path Group:             clk
  Path Type:              Hold (Min at Fast Process Corner)
  Requirement:            0.000ns  (clk rise@0.000ns - clk rise@0.000ns)
  Data Path Delay:        0.331ns  (logic 0.164ns (49.622%)  route 0.167ns (50.378%))
  Logic Levels:           0  
  Clock Path Skew:        0.022ns (DCD - SCD - CPR)
    Destination Clock Delay (DCD):    0.432ns
    Source Clock Delay      (SCD):    0.410ns
    Clock Pessimism Removal (CPR):    -0.000ns

    Location             Delay type                Incr(ns)  Path(ns)    Netlist Resource(s)
  -------------------------------------------------------------------    -------------------
                         (clock clk rise edge)        0.000     0.000 r  
                                                      0.000     0.000 r  clk (IN)
                         net (fo=706, unset)          0.410     0.410    u_line_window/clk
                         FDCE                                         r  u_line_window/g_row[1].g_tap[0].taps_reg[1][0][5]/C
  -------------------------------------------------------------------    -------------------
                         FDCE (Prop_fdce_C_Q)         0.164     0.574 r  u_line_window/g_row[1].g_tap[0].taps_reg[1][0][5]/Q
                         net (fo=2, unplaced)         0.167     0.741    u_line_window/p_0_out__2[5]
                         SRLC32E                                      r  u_line_window/g_delay[0].srl_reg[28][5]_srl29/D
  -------------------------------------------------------------------    -------------------

                         (clock clk rise edge)        0.000     0.000 r  
                                                      0.000     0.000 r  clk (IN)
                         net (fo=706, unset)          0.432     0.432    u_line_window/clk
                         SRLC32E                                      r  u_line_window/g_delay[0].srl_reg[28][5]_srl29/CLK
                         clock pessimism              0.000     0.432    
                         SRLC32E (Hold_srlc32e_CLK_D)
                                                      0.064     0.496    u_line_window/g_delay[0].srl_reg[28][5]_srl29
  -------------------------------------------------------------------
                         required time                         -0.496    
                         arrival time                           0.741    
  -------------------------------------------------------------------
                         slack                                  0.245    

Slack (MET) :             0.245ns  (arrival time - required time)
  Source:                 u_line_window/g_row[1].g_tap[0].taps_reg[1][0][6]/C
                            (rising edge-triggered cell FDCE clocked by clk  {rise@0.000ns fall@3.333ns period=6.667ns})
  Destination:            u_line_window/g_delay[0].srl_reg[28][6]_srl29/D
                            (rising edge-triggered cell SRLC32E clocked by clk  {rise@0.000ns fall@3.333ns period=6.667ns})
  Path Group:             clk
  Path Type:              Hold (Min at Fast Process Corner)
  Requirement:            0.000ns  (clk rise@0.000ns - clk rise@0.000ns)
  Data Path Delay:        0.331ns  (logic 0.164ns (49.622%)  route 0.167ns (50.378%))
  Logic Levels:           0  
  Clock Path Skew:        0.022ns (DCD - SCD - CPR)
    Destination Clock Delay (DCD):    0.432ns
    Source Clock Delay      (SCD):    0.410ns
    Clock Pessimism Removal (CPR):    -0.000ns

    Location             Delay type                Incr(ns)  Path(ns)    Netlist Resource(s)
  -------------------------------------------------------------------    -------------------
                         (clock clk rise edge)        0.000     0.000 r  
                                                      0.000     0.000 r  clk (IN)
                         net (fo=706, unset)          0.410     0.410    u_line_window/clk
                         FDCE                                         r  u_line_window/g_row[1].g_tap[0].taps_reg[1][0][6]/C
  -------------------------------------------------------------------    -------------------
                         FDCE (Prop_fdce_C_Q)         0.164     0.574 r  u_line_window/g_row[1].g_tap[0].taps_reg[1][0][6]/Q
                         net (fo=2, unplaced)         0.167     0.741    u_line_window/p_0_out__2[6]
                         SRLC32E                                      r  u_line_window/g_delay[0].srl_reg[28][6]_srl29/D
  -------------------------------------------------------------------    -------------------

                         (clock clk rise edge)        0.000     0.000 r  
                                                      0.000     0.000 r  clk (IN)
                         net (fo=706, unset)          0.432     0.432    u_line_window/clk
                         SRLC32E                                      r  u_line_window/g_delay[0].srl_reg[28][6]_srl29/CLK
                         clock pessimism              0.000     0.432    
                         SRLC32E (Hold_srlc32e_CLK_D)
                                                      0.064     0.496    u_line_window/g_delay[0].srl_reg[28][6]_srl29
  -------------------------------------------------------------------
                         required time                         -0.496    
                         arrival time                           0.741    
  -------------------------------------------------------------------
                         slack                                  0.245    

Slack (MET) :             0.245ns  (arrival time - required time)
  Source:                 u_line_window/g_row[1].g_tap[0].taps_reg[1][0][7]/C
                            (rising edge-triggered cell FDCE clocked by clk  {rise@0.000ns fall@3.333ns period=6.667ns})
  Destination:            u_line_window/g_delay[0].srl_reg[28][7]_srl29/D
                            (rising edge-triggered cell SRLC32E clocked by clk  {rise@0.000ns fall@3.333ns period=6.667ns})
  Path Group:             clk
  Path Type:              Hold (Min at Fast Process Corner)
  Requirement:            0.000ns  (clk rise@0.000ns - clk rise@0.000ns)
  Data Path Delay:        0.331ns  (logic 0.164ns (49.622%)  route 0.167ns (50.378%))
  Logic Levels:           0  
  Clock Path Skew:        0.022ns (DCD - SCD - CPR)
    Destination Clock Delay (DCD):    0.432ns
    Source Clock Delay      (SCD):    0.410ns
    Clock Pessimism Removal (CPR):    -0.000ns

    Location             Delay type                Incr(ns)  Path(ns)    Netlist Resource(s)
  -------------------------------------------------------------------    -------------------
                         (clock clk rise edge)        0.000     0.000 r  
                                                      0.000     0.000 r  clk (IN)
                         net (fo=706, unset)          0.410     0.410    u_line_window/clk
                         FDCE                                         r  u_line_window/g_row[1].g_tap[0].taps_reg[1][0][7]/C
  -------------------------------------------------------------------    -------------------
                         FDCE (Prop_fdce_C_Q)         0.164     0.574 r  u_line_window/g_row[1].g_tap[0].taps_reg[1][0][7]/Q
                         net (fo=2, unplaced)         0.167     0.741    u_line_window/p_0_out__2[7]
                         SRLC32E                                      r  u_line_window/g_delay[0].srl_reg[28][7]_srl29/D
  -------------------------------------------------------------------    -------------------

                         (clock clk rise edge)        0.000     0.000 r  
                                                      0.000     0.000 r  clk (IN)
                         net (fo=706, unset)          0.432     0.432    u_line_window/clk
                         SRLC32E                                      r  u_line_window/g_delay[0].srl_reg[28][7]_srl29/CLK
                         clock pessimism              0.000     0.432    
                         SRLC32E (Hold_srlc32e_CLK_D)
                                                      0.064     0.496    u_line_window/g_delay[0].srl_reg[28][7]_srl29
  -------------------------------------------------------------------
                         required time                         -0.496    
                         arrival time                           0.741    
  -------------------------------------------------------------------
                         slack                                  0.245    





Pulse Width Checks
--------------------------------------------------------------------------------------
Clock Name:         clk
Waveform(ns):       { 0.000 3.333 }
Period(ns):         6.667
Sources:            { clk }

Check Type        Corner  Lib Pin      Reference Pin  Required(ns)  Actual(ns)  Slack(ns)  Location  Pin
Min Period        n/a     DSP48E1/CLK  n/a            2.154         6.667       4.513                u_mac_array/p_0_out__0/CLK
Min Period        n/a     DSP48E1/CLK  n/a            2.154         6.667       4.513                u_mac_array/p_0_out__1/CLK
Min Period        n/a     DSP48E1/CLK  n/a            2.154         6.667       4.513                u_mac_array/p_0_out__2/CLK
Min Period        n/a     DSP48E1/CLK  n/a            2.154         6.667       4.513                u_mac_array/p_0_out__3/CLK
Min Period        n/a     DSP48E1/CLK  n/a            2.154         6.667       4.513                u_mac_array/p_0_out__4/CLK
Min Period        n/a     DSP48E1/CLK  n/a            2.154         6.667       4.513                u_mac_array/p_0_out__5/CLK
Min Period        n/a     DSP48E1/CLK  n/a            2.154         6.667       4.513                u_mac_array/p_0_out__6/CLK
Min Period        n/a     DSP48E1/CLK  n/a            2.154         6.667       4.513                u_mac_array/p_0_out__7/CLK
Min Period        n/a     DSP48E1/CLK  n/a            2.154         6.667       4.513                u_mac_array/p_0_out/CLK
Min Period        n/a     FDCE/C       n/a            1.000         6.667       5.667                p8_a1_reg[16]_i_2/C
Low Pulse Width   Slow    SRL16E/CLK   n/a            0.980         3.333       2.353                u_ctrl_fsm/meta_bank_reg[3][0]_srl4_u_ctrl_fsm_meta_valid_reg_c_7/CLK
Low Pulse Width   Slow    SRL16E/CLK   n/a            0.980         3.333       2.353                u_ctrl_fsm/meta_bank_reg[3][1]_srl4_u_ctrl_fsm_meta_valid_reg_c_7/CLK
Low Pulse Width   Slow    SRL16E/CLK   n/a            0.980         3.333       2.353                u_ctrl_fsm/meta_last_reg[3]_srl5_u_ctrl_fsm_meta_valid_reg_c_8/CLK
Low Pulse Width   Slow    SRL16E/CLK   n/a            0.980         3.333       2.353                u_ctrl_fsm/meta_valid_reg[3]_srl5_u_ctrl_fsm_meta_valid_reg_c_8/CLK
Low Pulse Width   Slow    SRLC32E/CLK  n/a            0.980         3.333       2.353                u_line_window/g_delay[0].srl_reg[28][0]_srl29/CLK
Low Pulse Width   Slow    SRLC32E/CLK  n/a            0.980         3.333       2.353                u_line_window/g_delay[0].srl_reg[28][1]_srl29/CLK
Low Pulse Width   Slow    SRLC32E/CLK  n/a            0.980         3.333       2.353                u_line_window/g_delay[0].srl_reg[28][2]_srl29/CLK
Low Pulse Width   Slow    SRLC32E/CLK  n/a            0.980         3.333       2.353                u_line_window/g_delay[0].srl_reg[28][3]_srl29/CLK
Low Pulse Width   Slow    SRLC32E/CLK  n/a            0.980         3.333       2.353                u_line_window/g_delay[0].srl_reg[28][4]_srl29/CLK
Low Pulse Width   Slow    SRLC32E/CLK  n/a            0.980         3.333       2.353                u_line_window/g_delay[0].srl_reg[28][5]_srl29/CLK
High Pulse Width  Fast    SRL16E/CLK   n/a            0.980         3.333       2.353                u_ctrl_fsm/meta_bank_reg[3][0]_srl4_u_ctrl_fsm_meta_valid_reg_c_7/CLK
High Pulse Width  Fast    SRL16E/CLK   n/a            0.980         3.333       2.353                u_ctrl_fsm/meta_bank_reg[3][1]_srl4_u_ctrl_fsm_meta_valid_reg_c_7/CLK
High Pulse Width  Fast    SRL16E/CLK   n/a            0.980         3.333       2.353                u_ctrl_fsm/meta_last_reg[3]_srl5_u_ctrl_fsm_meta_valid_reg_c_8/CLK
High Pulse Width  Fast    SRL16E/CLK   n/a            0.980         3.333       2.353                u_ctrl_fsm/meta_valid_reg[3]_srl5_u_ctrl_fsm_meta_valid_reg_c_8/CLK
High Pulse Width  Fast    SRLC32E/CLK  n/a            0.980         3.333       2.353                u_line_window/g_delay[0].srl_reg[28][0]_srl29/CLK
High Pulse Width  Fast    SRLC32E/CLK  n/a            0.980         3.333       2.353                u_line_window/g_delay[0].srl_reg[28][1]_srl29/CLK
High Pulse Width  Fast    SRLC32E/CLK  n/a            0.980         3.333       2.353                u_line_window/g_delay[0].srl_reg[28][2]_srl29/CLK
High Pulse Width  Fast    SRLC32E/CLK  n/a            0.980         3.333       2.353                u_line_window/g_delay[0].srl_reg[28][3]_srl29/CLK
High Pulse Width  Fast    SRLC32E/CLK  n/a            0.980         3.333       2.353                u_line_window/g_delay[0].srl_reg[28][4]_srl29/CLK
High Pulse Width  Fast    SRLC32E/CLK  n/a            0.980         3.333       2.353                u_line_window/g_delay[0].srl_reg[28][5]_srl29/CLK



