#-----------------------------------------------------------
# xsim v2018.2 (64-bit)
# SW Build 2258646 on Thu Jun 14 20:03:12 MDT 2018
# IP Build 2256618 on Thu Jun 14 22:10:49 MDT 2018
# Start of session at: Tue Sep 22 02:12:13 2026
# Process ID: 33096
# Current directory: D:/Digital_IC_Design/SSCS_Design_Competition/fpga/reports/lut/sim/xsim_work
# Command line: xsim.exe -mode tcl -source {xsim.dir/netsim/xsim_script.tcl}
# Log file: D:/Digital_IC_Design/SSCS_Design_Competition/fpga/reports/lut/sim/xsim_work/xsim.log
# Journal file: D:/Digital_IC_Design/SSCS_Design_Competition/fpga/reports/lut/sim/xsim_work\xsim.jou
#-----------------------------------------------------------
source xsim.dir/netsim/xsim_script.tcl
# xsim {netsim} -testplusarg image=D:/Digital_IC_Design/SSCS_Design_Competition/model/vectors/real_camera_detail32_edge/image.txt -testplusarg kernel0=D:/Digital_IC_Design/SSCS_Design_Competition/model/vectors/real_camera_detail32_edge/kernel_b0.txt -testplusarg expected0=D:/Digital_IC_Design/SSCS_Design_Competition/model/vectors/real_camera_detail32_edge/expected_b0_relu0.txt -testplusarg relu=0 -testplusarg shift=0 -autoloadwcfg -tclbatch {pass2.tcl} -onfinish quit -onerror quit
Vivado Simulator 2018.2
Time resolution is 1 ps
source pass2.tcl
## run 455000 ps
--- tb_conv_netlist: post-implementation, W=32 ---
SAIF_MARK STREAM_START 455000
## open_saif {D:/Digital_IC_Design/SSCS_Design_Competition/fpga/reports/lut/sim/conv_top.saif}
## log_saif [get_objects -r /tb_conv_netlist/dut/*]
## run 10440000 ps
SAIF_MARK STREAM_END 10895000
RESULT outputs=900 errors=0
tb_conv_netlist PASSED: 900 outputs bit-exact from the routed netlist
$finish called at time : 10895 ns : File "D:/Digital_IC_Design/SSCS_Design_Competition/tb/tb_conv_netlist.sv" Line 225
exit 0
INFO: [Common 17-206] Exiting xsim at Tue Sep 22 02:12:21 2026...
